Microchip MPLAB XC8 Compiler V2.00 ()

Linker command line:

-W-3 --edf=C:\Program Files (x86)\Microchip\xc8\v2.00\pic\dat\en_msgs.txt \
  -cs -h+dist/default/production\BLDCsensorless.X.production.sym \
  --cmf=dist/default/production\BLDCsensorless.X.production.cmf -z \
  -Q16F1936 -oC:\Users\zhgao\AppData\Local\Temp\s8p4.2 \
  -Mdist/default/production/BLDCsensorless.X.production.map -E1 -ver=XC8 \
  --acfsm=1493 -ASTACK=02014h-021efh -pstack=STACK -ACODE=00h-07FFhx4 \
  -ASTRCODE=00h-01FFFh -ASTRING=00h-0FFhx32 -ACONST=00h-0FFhx32 \
  -AENTRY=00h-0FFhx32 -ACOMMON=070h-07Fh -ABANK0=020h-06Fh \
  -ABANK1=0A0h-0EFh -ABANK2=0120h-016Fh -ABANK3=01A0h-01EFh \
  -ABANK4=0220h-026Fh -ABANK5=02A0h-02EFh -ABANK6=0320h-032Fh \
  -ABIGRAM=02000h-021EFh \
  -ARAM=020h-06Fh,0A0h-0EFh,0120h-016Fh,01A0h-01EFh,0220h-026Fh,02A0h-02EFh,0320h-032Fh \
  -AABS1=020h-07Fh,0A0h-0EFh,0120h-016Fh,01A0h-01EFh,0220h-026Fh,02A0h-02EFh,0320h-032Fh \
  -ASFR0=00h-01Fh -ASFR1=080h-09Fh -ASFR2=0100h-011Fh -ASFR3=0180h-019Fh \
  -ASFR4=0200h-021Fh -ASFR5=0280h-029Fh -ASFR6=0300h-031Fh \
  -ASFR7=0380h-03EFh -ASFR8=0400h-046Fh -ASFR9=0480h-04EFh \
  -ASFR10=0500h-056Fh -ASFR11=0580h-05EFh -ASFR12=0600h-066Fh \
  -ASFR13=0680h-06EFh -ASFR14=0700h-076Fh -ASFR15=0780h-07EFh \
  -ASFR16=0800h-086Fh -ASFR17=0880h-08EFh -ASFR18=0900h-096Fh \
  -ASFR19=0980h-09EFh -ASFR20=0A00h-0A6Fh -ASFR21=0A80h-0AEFh \
  -ASFR22=0B00h-0B6Fh -ASFR23=0B80h-0BEFh -ASFR24=0C00h-0C6Fh \
  -ASFR25=0C80h-0CEFh -ASFR26=0D00h-0D6Fh -ASFR27=0D80h-0DEFh \
  -ASFR28=0E00h-0E6Fh -ASFR29=0E80h-0EEFh -ASFR30=0F00h-0F6Fh \
  -ASFR31=0F80h-0FEFh -preset_vec=00h,intentry=04h,init,end_init \
  -ppowerup=CODE -pcinit=CODE -pfunctab=ENTRY -ACONFIG=08007h-08008h \
  -pconfig=CONFIG -DCONFIG=2 -AIDLOC=08000h-08003h -pidloc=IDLOC -DIDLOC=2 \
  -AEEDATA=00h-0FFh/0F000h -peeprom_data=EEDATA -DEEDATA=2 -DCODE=2 \
  -DSTRCODE=2 -DSTRING=2 -DCONST=2 -DENTRY=2 -k \
  C:\Users\zhgao\AppData\Local\Temp\s8p4.o \
  dist/default/production\BLDCsensorless.X.production.o 

Object code version is 3.11

Machine type is 16F1936



                Name                               Link     Load   Length Selector   Space Scale
C:\Users\zhgao\AppData\Local\Temp\s8p4.o
                end_init                             15       15        2        8       0
                reset_vec                             0        0        2        0       0
                config                             8007     8007        2    1000E       0
dist/default/production\BLDCsensorless.X.production.o
                cinit                                17       17        C        8       0
                intentry                              4        4       11        8       0
                text29                              359      359        6      3E6       0
                text28                              232      232       3A      3E6       0
                text27                              1F3      1F3       3F      3E6       0
                text26                              389      389        3      3E6       0
                text25                              386      386        3      3E6       0
                text24                              383      383        3      3E6       0
                text23                              380      380        3      3E6       0
                text22                              37D      37D        3      3E6       0
                text21                              37A      37A        3      3E6       0
                text20                              377      377        3      3E6       0
                text19                              374      374        3      3E6       0
                text18                              371      371        3      3E6       0
                text17                              36E      36E        3      3E6       0
                text16                              36B      36B        3      3E6       0
                text15                              368      368        3      3E6       0
                text14                              2C3      2C3       22      3E6       0
                text13                               23       23       B8        8       0
                text12                              2E5      2E5       20      3E6       0
                text11                               DB       DB       78        8       0
                text10                              34C      34C        7      3E6       0
                text9                               26C      26C       35      3E6       0
                text7                               33C      33C        9      3E6       0
                text6                               35F      35F        5      3E6       0
                text5                               345      345        7      3E6       0
                text4                               31F      31F       11      3E6       0
                text3                               2A1      2A1       22      3E6       0
                text2                               330      330        C      3E6       0
                text1                               364      364        4      3E6       0
                maintext                            305      305       1A      3E6       0
                cstackBANK0                          30       30        4       20       1
                cstackCOMMON                         70       70        E       70       1
                clrtext                             353      353        6      3E6       0
                bssBANK0                             20       20       10       20       1
                stringtext2                         1B3      1B3       40      2A6       0
                stringtext1                         153      153       60      2A6       0

TOTAL           Name                               Link     Load   Length     Space
        CLASS   STACK          

        CLASS   CODE           
                end_init                             15       15        2         0
                cinit                                17       17        C         0
                intentry                              4        4       11         0
                reset_vec                             0        0        2         0
                text29                              359      359        6         0
                text28                              232      232       3A         0
                text27                              1F3      1F3       3F         0
                text26                              389      389        3         0
                text25                              386      386        3         0
                text24                              383      383        3         0
                text23                              380      380        3         0
                text22                              37D      37D        3         0
                text21                              37A      37A        3         0
                text20                              377      377        3         0
                text19                              374      374        3         0
                text18                              371      371        3         0
                text17                              36E      36E        3         0
                text16                              36B      36B        3         0
                text15                              368      368        3         0
                text14                              2C3      2C3       22         0
                text13                               23       23       B8         0
                text12                              2E5      2E5       20         0
                text11                               DB       DB       78         0
                text10                              34C      34C        7         0
                text9                               26C      26C       35         0
                text7                               33C      33C        9         0
                text6                               35F      35F        5         0
                text5                               345      345        7         0
                text4                               31F      31F       11         0
                text3                               2A1      2A1       22         0
                text2                               330      330        C         0
                text1                               364      364        4         0
                maintext                            305      305       1A         0
                clrtext                             353      353        6         0

        CLASS   STRCODE        
                stringtext2                         1B3      1B3       40         0
                stringtext1                         153      153       60         0

        CLASS   STRING         

        CLASS   CONST          

        CLASS   ENTRY          

        CLASS   COMMON         
                cstackCOMMON                         70       70        E         1

        CLASS   BANK0          
                cstackBANK0                          30       30        4         1
                bssBANK0                             20       20       10         1

        CLASS   BANK1          

        CLASS   BANK2          

        CLASS   BANK3          

        CLASS   BANK4          

        CLASS   BANK5          

        CLASS   BANK6          

        CLASS   BIGRAM         

        CLASS   RAM            

        CLASS   ABS1           
                abs_s1                               7E       7E        2         1

        CLASS   SFR0           

        CLASS   SFR1           

        CLASS   SFR2           

        CLASS   SFR3           

        CLASS   SFR4           

        CLASS   SFR5           

        CLASS   SFR6           

        CLASS   SFR7           

        CLASS   SFR8           

        CLASS   SFR9           

        CLASS   SFR10          

        CLASS   SFR11          

        CLASS   SFR12          

        CLASS   SFR13          

        CLASS   SFR14          

        CLASS   SFR15          

        CLASS   SFR16          

        CLASS   SFR17          

        CLASS   SFR18          

        CLASS   SFR19          

        CLASS   SFR20          

        CLASS   SFR21          

        CLASS   SFR22          

        CLASS   SFR23          

        CLASS   SFR24          

        CLASS   SFR25          

        CLASS   SFR26          

        CLASS   SFR27          

        CLASS   SFR28          

        CLASS   SFR29          

        CLASS   SFR30          

        CLASS   SFR31          

        CLASS   CONFIG         
                config                             8007     8007        2         0

        CLASS   IDLOC          

        CLASS   EEDATA         

        CLASS   BANK31         

        CLASS   BANK30         

        CLASS   BANK29         

        CLASS   BANK28         

        CLASS   BANK27         

        CLASS   BANK26         

        CLASS   BANK25         

        CLASS   BANK24         

        CLASS   BANK23         

        CLASS   BANK22         

        CLASS   BANK21         

        CLASS   BANK20         

        CLASS   BANK19         

        CLASS   BANK18         

        CLASS   BANK17         

        CLASS   BANK16         

        CLASS   BANK15         

        CLASS   BANK14         

        CLASS   BANK13         

        CLASS   BANK12         

        CLASS   BANK11         

        CLASS   BANK10         

        CLASS   BANK9          

        CLASS   BANK8          

        CLASS   BANK7          



SEGMENTS        Name                           Load    Length   Top    Selector   Space  Class     Delta

                reset_vec                      000000  000002  000002         0       0  CODE        2
                intentry                       000004  00014F  000153         8       0  CODE        2
                bssBANK0                       000020  000014  000034        20       1  BANK0       1
                cstackCOMMON                   000070  00000E  00007E        70       1  COMMON      1
                stringtext1                    000153  0000A0  0001F3       2A6       0  STRCODE     2
                text27                         0001F3  000199  00038C       3E6       0  CODE        2
                config                         008007  000002  008009     1000E       0  CONFIG      2


UNUSED ADDRESS RANGES

        Name                Unused          Largest block    Delta
        BANK0            00034-0006F              3C           1
        BANK1            000A0-000EF              50           1
        BANK2            00120-0016F              50           1
        BANK3            001A0-001EF              50           1
        BANK4            00220-0026F              50           1
        BANK5            002A0-002EF              50           1
        BANK6            00320-0032F              10           1
        BIGRAM           02000-021EF             1F0           1
        CODE             00002-00003               2           2
                         0038C-01FFF             800
        CONST            00002-00003               2           2
                         0038C-01FFF             100
        EEDATA           0F000-0F0FF             100           2
        ENTRY            00002-00003               2           2
                         0038C-01FFF             100
        IDLOC            08000-08003               4           2
        RAM              00034-0006F              3C           1
                         000A0-000EF              50
                         00120-0016F              50
                         001A0-001EF              50
                         00220-0026F              50
                         002A0-002EF              50
                         00320-0032F              10
        SFR0             00000-0001F              20           1
        SFR1             00080-0009F              20           1
        SFR10            00500-0056F              70           1
        SFR11            00580-005EF              70           1
        SFR12            00600-0066F              70           1
        SFR13            00680-006EF              70           1
        SFR14            00700-0076F              70           1
        SFR15            00780-007EF              70           1
        SFR16            00800-0086F              70           1
        SFR17            00880-008EF              70           1
        SFR18            00900-0096F              70           1
        SFR19            00980-009EF              70           1
        SFR2             00100-0011F              20           1
        SFR20            00A00-00A6F              70           1
        SFR21            00A80-00AEF              70           1
        SFR22            00B00-00B6F              70           1
        SFR23            00B80-00BEF              70           1
        SFR24            00C00-00C6F              70           1
        SFR25            00C80-00CEF              70           1
        SFR26            00D00-00D6F              70           1
        SFR27            00D80-00DEF              70           1
        SFR28            00E00-00E6F              70           1
        SFR29            00E80-00EEF              70           1
        SFR3             00180-0019F              20           1
        SFR30            00F00-00F6F              70           1
        SFR31            00F80-00FEF              70           1
        SFR4             00200-0021F              20           1
        SFR5             00280-0029F              20           1
        SFR6             00300-0031F              20           1
        SFR7             00380-003EF              70           1
        SFR8             00400-0046F              70           1
        SFR9             00480-004EF              70           1
        STACK            02014-021EF             1DC           1
        STRCODE          00002-00003               2           2
                         0038C-01FFF            1C74
        STRING           00002-00003               2           2
                         0038C-01FFF             100

                                  Symbol Table

?___wmul                   cstackCOMMON 00070
_ADCON0                    (abs)        0009D
_ADCON1                    (abs)        0009E
_ADC_init                  text7        0033C
_ADGO                      (abs)        004E9
_ADRESH                    (abs)        0009C
_ADRESL                    (abs)        0009B
_ANSA0                     (abs)        00C60
_ANSA1                     (abs)        00C61
_ANSA3                     (abs)        00C63
_ANSA5                     (abs)        00C65
_ANSB3                     (abs)        00C6B
_ANSELA                    (abs)        0018C
_ANSELB                    (abs)        0018D
_APFCON                    (abs)        0011D
_BORCON                    (abs)        00116
_C1NCH0                    (abs)        00890
_C1NCH1                    (abs)        00891
_C1OUT                     (abs)        0088E
_C1POL                     (abs)        0088C
_CCP1CON                   (abs)        00293
_CCPR1L                    (abs)        00291
_CCPTMRS0                  (abs)        0029E
_CM1CON0                   (abs)        00111
_CM1CON1                   (abs)        00112
_CMP1_init                 text6        0035F
_FVRCON                    (abs)        00117
_GIE                       (abs)        0005F
_ISR                       intentry     00004
_LATA                      (abs)        0010C
_LATB                      (abs)        0010D
_LATC                      (abs)        0010E
_LATC0                     (abs)        00870
_LATC1                     (abs)        00871
_LATC4                     (abs)        00874
_LATC5                     (abs)        00875
_LATE                      (abs)        00110
_OPTION_REGbits            (abs)        00095
_OSCCON                    (abs)        00099
_OSCILLATOR_init           text5        00345
_OSCTUNE                   (abs)        00098
_PEIE                      (abs)        0005E
_PORT_init                 text4        0031F
_PR2                       (abs)        0001B
_PR4                       (abs)        00416
_PSTR1CON                  (abs)        00296
_PWM_init                  text3        002A1
_PhaseDelayFilter          text28       00232
_STR1A                     (abs)        014B0
_STR1B                     (abs)        014B1
_STR1C                     (abs)        014B2
_T2CON                     (abs)        0001C
_T4CON                     (abs)        00417
_TMR2                      (abs)        0001A
_TMR2IE                    (abs)        00489
_TMR2IF                    (abs)        00089
_TMR2ON                    (abs)        000E2
_TMR2_init                 text2        00330
_TMR4                      (abs)        00415
_TMR4IE                    (abs)        00499
_TMR4IF                    (abs)        00099
_TMR4ON                    (abs)        020BA
_TRISA                     (abs)        0008C
_TRISB                     (abs)        0008D
_TRISB1                    (abs)        00469
_TRISB2                    (abs)        0046A
_TRISC                     (abs)        0008E
_TRISC2                    (abs)        00472
_TRISE                     (abs)        00090
_UHoff                     text25       00386
_UHon                      text24       00383
_ULoff                     text23       00380
_ULon                      text22       0037D
_VHoff                     text21       0037A
_VHon                      text20       00377
_VLoff                     text19       00374
_VLon                      text18       00371
_WDTCON                    (abs)        00097
_WHoff                     text17       0036E
_WHon                      text16       0036B
_WLoff                     text15       00368
_WLon                      text26       00389
_WPUB                      (abs)        0020D
_WPUE                      (abs)        00210
__CFG_BOREN$ON             (abs)        00000
__CFG_BORV$LO              (abs)        00000
__CFG_CLKOUTEN$OFF         (abs)        00000
__CFG_CP$OFF               (abs)        00000
__CFG_CPD$OFF              (abs)        00000
__CFG_FCMEN$ON             (abs)        00000
__CFG_FOSC$INTOSC          (abs)        00000
__CFG_IESO$ON              (abs)        00000
__CFG_LVP$ON               (abs)        00000
__CFG_MCLRE$OFF            (abs)        00000
__CFG_PLLEN$ON             (abs)        00000
__CFG_PWRTE$OFF            (abs)        00000
__CFG_STVREN$ON            (abs)        00000
__CFG_VCAPEN$OFF           (abs)        00000
__CFG_WDTE$OFF             (abs)        00000
__CFG_WRT$OFF              (abs)        00000
__Habs1                    abs1         00000
__Hbank0                   bank0        00000
__Hbank1                   bank1        00000
__Hbank10                  bank10       00000
__Hbank11                  bank11       00000
__Hbank12                  bank12       00000
__Hbank13                  bank13       00000
__Hbank14                  bank14       00000
__Hbank15                  bank15       00000
__Hbank16                  bank16       00000
__Hbank17                  bank17       00000
__Hbank18                  bank18       00000
__Hbank19                  bank19       00000
__Hbank2                   bank2        00000
__Hbank20                  bank20       00000
__Hbank21                  bank21       00000
__Hbank22                  bank22       00000
__Hbank23                  bank23       00000
__Hbank24                  bank24       00000
__Hbank25                  bank25       00000
__Hbank26                  bank26       00000
__Hbank27                  bank27       00000
__Hbank28                  bank28       00000
__Hbank29                  bank29       00000
__Hbank3                   bank3        00000
__Hbank30                  bank30       00000
__Hbank31                  bank31       00000
__Hbank4                   bank4        00000
__Hbank5                   bank5        00000
__Hbank6                   bank6        00000
__Hbank7                   bank7        00000
__Hbank8                   bank8        00000
__Hbank9                   bank9        00000
__Hbigram                  bigram       00000
__HbssBANK0                bssBANK0     00000
__Hcinit                   cinit        00023
__Hclrtext                 clrtext      00000
__Hcode                    code         00000
__Hcommon                  common       00000
__Hconfig                  config       08009
__HcstackBANK0             cstackBANK0  00000
__HcstackCOMMON            cstackCOMMON 00000
__Heeprom_data             eeprom_data  00000
__Hend_init                end_init     00017
__Hfunctab                 functab      00000
__Hidloc                   idloc        00000
__Hinit                    init         00015
__Hintentry                intentry     00015
__Hmaintext                maintext     00000
__Hpowerup                 powerup      00000
__Hram                     ram          00000
__Hreset_vec               reset_vec    00002
__Hsfr0                    sfr0         00000
__Hsfr1                    sfr1         00000
__Hsfr10                   sfr10        00000
__Hsfr11                   sfr11        00000
__Hsfr12                   sfr12        00000
__Hsfr13                   sfr13        00000
__Hsfr14                   sfr14        00000
__Hsfr15                   sfr15        00000
__Hsfr16                   sfr16        00000
__Hsfr17                   sfr17        00000
__Hsfr18                   sfr18        00000
__Hsfr19                   sfr19        00000
__Hsfr2                    sfr2         00000
__Hsfr20                   sfr20        00000
__Hsfr21                   sfr21        00000
__Hsfr22                   sfr22        00000
__Hsfr23                   sfr23        00000
__Hsfr24                   sfr24        00000
__Hsfr25                   sfr25        00000
__Hsfr26                   sfr26        00000
__Hsfr27                   sfr27        00000
__Hsfr28                   sfr28        00000
__Hsfr29                   sfr29        00000
__Hsfr3                    sfr3         00000
__Hsfr30                   sfr30        00000
__Hsfr31                   sfr31        00000
__Hsfr4                    sfr4         00000
__Hsfr5                    sfr5         00000
__Hsfr6                    sfr6         00000
__Hsfr7                    sfr7         00000
__Hsfr8                    sfr8         00000
__Hsfr9                    sfr9         00000
__Hspace_0                 (abs)        08009
__Hspace_1                 (abs)        0007E
__Hspace_2                 (abs)        00000
__Hspace_3                 (abs)        00000
__Hstack                   stack        00000
__Hstrings                 strings      00000
__Hstringtext1             stringtext1  00000
__Hstringtext2             stringtext2  00000
__Htext                    text         00000
__Labs1                    abs1         00000
__Lbank0                   bank0        00000
__Lbank1                   bank1        00000
__Lbank10                  bank10       00000
__Lbank11                  bank11       00000
__Lbank12                  bank12       00000
__Lbank13                  bank13       00000
__Lbank14                  bank14       00000
__Lbank15                  bank15       00000
__Lbank16                  bank16       00000
__Lbank17                  bank17       00000
__Lbank18                  bank18       00000
__Lbank19                  bank19       00000
__Lbank2                   bank2        00000
__Lbank20                  bank20       00000
__Lbank21                  bank21       00000
__Lbank22                  bank22       00000
__Lbank23                  bank23       00000
__Lbank24                  bank24       00000
__Lbank25                  bank25       00000
__Lbank26                  bank26       00000
__Lbank27                  bank27       00000
__Lbank28                  bank28       00000
__Lbank29                  bank29       00000
__Lbank3                   bank3        00000
__Lbank30                  bank30       00000
__Lbank31                  bank31       00000
__Lbank4                   bank4        00000
__Lbank5                   bank5        00000
__Lbank6                   bank6        00000
__Lbank7                   bank7        00000
__Lbank8                   bank8        00000
__Lbank9                   bank9        00000
__Lbigram                  bigram       00000
__LbssBANK0                bssBANK0     00000
__Lcinit                   cinit        00017
__Lclrtext                 clrtext      00000
__Lcode                    code         00000
__Lcommon                  common       00000
__Lconfig                  config       08007
__LcstackBANK0             cstackBANK0  00000
__LcstackCOMMON            cstackCOMMON 00000
__Leeprom_data             eeprom_data  00000
__Lend_init                end_init     00015
__Lfunctab                 functab      00000
__Lidloc                   idloc        00000
__Linit                    init         00015
__Lintentry                intentry     00004
__Lmaintext                maintext     00000
__Lpowerup                 powerup      00000
__Lram                     ram          00000
__Lreset_vec               reset_vec    00000
__Lsfr0                    sfr0         00000
__Lsfr1                    sfr1         00000
__Lsfr10                   sfr10        00000
__Lsfr11                   sfr11        00000
__Lsfr12                   sfr12        00000
__Lsfr13                   sfr13        00000
__Lsfr14                   sfr14        00000
__Lsfr15                   sfr15        00000
__Lsfr16                   sfr16        00000
__Lsfr17                   sfr17        00000
__Lsfr18                   sfr18        00000
__Lsfr19                   sfr19        00000
__Lsfr2                    sfr2         00000
__Lsfr20                   sfr20        00000
__Lsfr21                   sfr21        00000
__Lsfr22                   sfr22        00000
__Lsfr23                   sfr23        00000
__Lsfr24                   sfr24        00000
__Lsfr25                   sfr25        00000
__Lsfr26                   sfr26        00000
__Lsfr27                   sfr27        00000
__Lsfr28                   sfr28        00000
__Lsfr29                   sfr29        00000
__Lsfr3                    sfr3         00000
__Lsfr30                   sfr30        00000
__Lsfr31                   sfr31        00000
__Lsfr4                    sfr4         00000
__Lsfr5                    sfr5         00000
__Lsfr6                    sfr6         00000
__Lsfr7                    sfr7         00000
__Lsfr8                    sfr8         00000
__Lsfr9                    sfr9         00000
__Lspace_0                 (abs)        00000
__Lspace_1                 (abs)        00000
__Lspace_2                 (abs)        00000
__Lspace_3                 (abs)        00000
__Lstack                   stack        00000
__Lstrings                 strings      00000
__Lstringtext1             stringtext1  00000
__Lstringtext2             stringtext2  00000
__Ltext                    text         00000
__S0                       (abs)        08009
__S1                       (abs)        0007E
__S2                       (abs)        00000
__S3                       (abs)        00000
___int_sp                  stack        00000
___latbits                 (abs)        00002
___sp                      stack        00000
___wmul                    text14       002C3
___wmul@multiplicand       cstackCOMMON 00072
___wmul@multiplier         cstackCOMMON 00070
___wmul@product            cstackCOMMON 00074
__end_of_ADC_init          text7        00345
__end_of_CMP1_init         text6        00364
__end_of_ISR               intentry     00015
__end_of_OSCILLATOR_init   text5        0034C
__end_of_PORT_init         text4        00330
__end_of_PWM_init          text3        002C3
__end_of_PhaseDelayFilter  text28       0026C
__end_of_TMR2_init         text2        0033C
__end_of_UHoff             text25       00389
__end_of_UHon              text24       00386
__end_of_ULoff             text23       00383
__end_of_ULon              text22       00380
__end_of_VHoff             text21       0037D
__end_of_VHon              text20       0037A
__end_of_VLoff             text19       00377
__end_of_VLon              text18       00374
__end_of_WHoff             text17       00371
__end_of_WHon              text16       0036E
__end_of_WLoff             text15       0036B
__end_of_WLon              text26       0038C
__end_of___wmul            text14       002E5
__end_of__initialization   cinit        0001F
__end_of_bemf_zerocross    text29       0035F
__end_of_cBEMF_FILTER      stringtext2  001F3
__end_of_close_motor       text10       00353
__end_of_commutate         text12       00305
__end_of_gateStates        stringtext1  001B3
__end_of_main              maintext     0031F
__end_of_motor_serv        text11       00153
__end_of_overload_protect  text9        002A1
__end_of_set_cmp           text27       00232
__end_of_start_motor       text1        00368
__end_of_state_drive       text13       000DB
__initialization           cinit        00017
__pbssBANK0                bssBANK0     00020
__pcstackBANK0             cstackBANK0  00030
__pcstackCOMMON            cstackCOMMON 00070
__pintentry                intentry     00004
__pmaintext                maintext     00305
__pstringtext1             stringtext1  00153
__pstringtext2             stringtext2  001B3
__ptext1                   text1        00364
__ptext10                  text10       0034C
__ptext11                  text11       000DB
__ptext12                  text12       002E5
__ptext13                  text13       00023
__ptext14                  text14       002C3
__ptext15                  text15       00368
__ptext16                  text16       0036B
__ptext17                  text17       0036E
__ptext18                  text18       00371
__ptext19                  text19       00374
__ptext2                   text2        00330
__ptext20                  text20       00377
__ptext21                  text21       0037A
__ptext22                  text22       0037D
__ptext23                  text23       00380
__ptext24                  text24       00383
__ptext25                  text25       00386
__ptext26                  text26       00389
__ptext27                  text27       001F3
__ptext28                  text28       00232
__ptext29                  text29       00359
__ptext3                   text3        002A1
__ptext4                   text4        0031F
__ptext5                   text5        00345
__ptext6                   text6        0035F
__ptext7                   text7        0033C
__ptext9                   text9        0026C
__size_of_ADC_init         (abs)        00000
__size_of_CMP1_init        (abs)        00000
__size_of_ISR              (abs)        00000
__size_of_OSCILLATOR_init  (abs)        00000
__size_of_PORT_init        (abs)        00000
__size_of_PWM_init         (abs)        00000
__size_of_PhaseDelayFilter (abs)        00000
__size_of_TMR2_init        (abs)        00000
__size_of_UHoff            (abs)        00000
__size_of_UHon             (abs)        00000
__size_of_ULoff            (abs)        00000
__size_of_ULon             (abs)        00000
__size_of_VHoff            (abs)        00000
__size_of_VHon             (abs)        00000
__size_of_VLoff            (abs)        00000
__size_of_VLon             (abs)        00000
__size_of_WHoff            (abs)        00000
__size_of_WHon             (abs)        00000
__size_of_WLoff            (abs)        00000
__size_of_WLon             (abs)        00000
__size_of___wmul           (abs)        00000
__size_of_bemf_zerocross   (abs)        00000
__size_of_close_motor      (abs)        00000
__size_of_commutate        (abs)        00000
__size_of_main             (abs)        00000
__size_of_motor_serv       (abs)        00000
__size_of_overload_protect (abs)        00000
__size_of_set_cmp          (abs)        00000
__size_of_start_motor      (abs)        00000
__size_of_state_drive      (abs)        00000
_bemf_filter               bssBANK0     0002E
_bemf_zerocross            text29       00359
_cBEMF_FILTER              stringtext2  001B3
_close_motor               text10       0034C
_commustate                bssBANK0     0002F
_commutate                 text12       002E5
_flag_start                bssBANK0     0002C
_gateStates                stringtext1  00153
_main                      maintext     00305
_motor_serv                text11       000DB
_overload_protect          text9        0026C
_overload_protect$338      cstackBANK0  00032
_phase_delay               bssBANK0     00028
_phase_delay_counter       bssBANK0     00020
_phase_delay_filter        bssBANK0     00024
_set_cmp                   text27       001F3
_start_motor               text1        00364
_state_drive               text13       00023
_time_count                bssBANK0     0002A
_zerocross                 bssBANK0     0002D
btemp                      (abs)        0007E
clear_ram0                 clrtext      00353
end_of_initialization      cinit        0001F
int$flags                  (abs)        0007E
intlevel0                  functab      00000
intlevel1                  functab      00000
intlevel2                  functab      00000
intlevel3                  functab      00000
intlevel4                  functab      00000
intlevel5                  functab      00000
overload_protect@volt      cstackBANK0  00030
reset_vec                  reset_vec    00000
set_cmp@state              cstackCOMMON 00072
stackhi                    (abs)        021EF
stacklo                    (abs)        02014
start                      init         00015
start_initialization       cinit        00017
state_drive@state          cstackCOMMON 0007A
wtemp0                     (abs)        0007E


FUNCTION INFORMATION:

 *************** function _main *****************
 Defined at:
		line 37 in file "main.c"
 Parameters:    Size  Location     Type
		None
 Auto vars:     Size  Location     Type
		None
 Return value:  Size  Location     Type
                  1    wreg      void 
 Registers used:
		wreg, status,2, status,0, pclath, cstack
 Tracked objects:
		On entry : 
		On exit  : 
		Unchanged: 
 Data sizes:     COMMON   BANK0   BANK1   BANK2   BANK3   BANK4   BANK5   BANK6
      Params:         0       0       0       0       0       0       0       0
      Locals:         0       0       0       0       0       0       0       0
      Temps:          0       0       0       0       0       0       0       0
      Totals:         0       0       0       0       0       0       0       0
Total ram usage:        0 bytes
 Hardware stack levels required when called:    6
 This function calls:
		_ADC_init
		_CMP1_init
		_OSCILLATOR_init
		_PORT_init
		_PWM_init
		_TMR2_init
		_start_motor
 This function is called by:
		Startup code after reset
 This function uses a non-reentrant model


 *************** function _start_motor *****************
 Defined at:
		line 79 in file "motor.c"
 Parameters:    Size  Location     Type
		None
 Auto vars:     Size  Location     Type
		None
 Return value:  Size  Location     Type
                  1    wreg      void 
 Registers used:
		None
 Tracked objects:
		On entry : 
		On exit  : 
		Unchanged: 
 Data sizes:     COMMON   BANK0   BANK1   BANK2   BANK3   BANK4   BANK5   BANK6
      Params:         0       0       0       0       0       0       0       0
      Locals:         0       0       0       0       0       0       0       0
      Temps:          0       0       0       0       0       0       0       0
      Totals:         0       0       0       0       0       0       0       0
Total ram usage:        0 bytes
 Hardware stack levels used:    1
 Hardware stack levels required when called:    5
 This function calls:
		Nothing
 This function is called by:
		_main
 This function uses a non-reentrant model


 *************** function _TMR2_init *****************
 Defined at:
		line 70 in file "main.c"
 Parameters:    Size  Location     Type
		None
 Auto vars:     Size  Location     Type
		None
 Return value:  Size  Location     Type
                  1    wreg      void 
 Registers used:
		wreg, status,2
 Tracked objects:
		On entry : 
		On exit  : 
		Unchanged: 
 Data sizes:     COMMON   BANK0   BANK1   BANK2   BANK3   BANK4   BANK5   BANK6
      Params:         0       0       0       0       0       0       0       0
      Locals:         0       0       0       0       0       0       0       0
      Temps:          0       0       0       0       0       0       0       0
      Totals:         0       0       0       0       0       0       0       0
Total ram usage:        0 bytes
 Hardware stack levels used:    1
 Hardware stack levels required when called:    5
 This function calls:
		Nothing
 This function is called by:
		_main
 This function uses a non-reentrant model


 *************** function _PWM_init *****************
 Defined at:
		line 85 in file "main.c"
 Parameters:    Size  Location     Type
		None
 Auto vars:     Size  Location     Type
		None
 Return value:  Size  Location     Type
                  1    wreg      void 
 Registers used:
		wreg, status,2
 Tracked objects:
		On entry : 
		On exit  : 
		Unchanged: 
 Data sizes:     COMMON   BANK0   BANK1   BANK2   BANK3   BANK4   BANK5   BANK6
      Params:         0       0       0       0       0       0       0       0
      Locals:         0       0       0       0       0       0       0       0
      Temps:          0       0       0       0       0       0       0       0
      Totals:         0       0       0       0       0       0       0       0
Total ram usage:        0 bytes
 Hardware stack levels used:    1
 Hardware stack levels required when called:    5
 This function calls:
		Nothing
 This function is called by:
		_main
 This function uses a non-reentrant model


 *************** function _PORT_init *****************
 Defined at:
		line 56 in file "main.c"
 Parameters:    Size  Location     Type
		None
 Auto vars:     Size  Location     Type
		None
 Return value:  Size  Location     Type
                  1    wreg      void 
 Registers used:
		wreg, status,2
 Tracked objects:
		On entry : 
		On exit  : 
		Unchanged: 
 Data sizes:     COMMON   BANK0   BANK1   BANK2   BANK3   BANK4   BANK5   BANK6
      Params:         0       0       0       0       0       0       0       0
      Locals:         0       0       0       0       0       0       0       0
      Temps:          0       0       0       0       0       0       0       0
      Totals:         0       0       0       0       0       0       0       0
Total ram usage:        0 bytes
 Hardware stack levels used:    1
 Hardware stack levels required when called:    5
 This function calls:
		Nothing
 This function is called by:
		_main
 This function uses a non-reentrant model


 *************** function _OSCILLATOR_init *****************
 Defined at:
		line 111 in file "main.c"
 Parameters:    Size  Location     Type
		None
 Auto vars:     Size  Location     Type
		None
 Return value:  Size  Location     Type
                  1    wreg      void 
 Registers used:
		wreg, status,2
 Tracked objects:
		On entry : 
		On exit  : 
		Unchanged: 
 Data sizes:     COMMON   BANK0   BANK1   BANK2   BANK3   BANK4   BANK5   BANK6
      Params:         0       0       0       0       0       0       0       0
      Locals:         0       0       0       0       0       0       0       0
      Temps:          0       0       0       0       0       0       0       0
      Totals:         0       0       0       0       0       0       0       0
Total ram usage:        0 bytes
 Hardware stack levels used:    1
 Hardware stack levels required when called:    5
 This function calls:
		Nothing
 This function is called by:
		_main
 This function uses a non-reentrant model


 *************** function _CMP1_init *****************
 Defined at:
		line 106 in file "main.c"
 Parameters:    Size  Location     Type
		None
 Auto vars:     Size  Location     Type
		None
 Return value:  Size  Location     Type
                  1    wreg      void 
 Registers used:
		wreg, status,2
 Tracked objects:
		On entry : 
		On exit  : 
		Unchanged: 
 Data sizes:     COMMON   BANK0   BANK1   BANK2   BANK3   BANK4   BANK5   BANK6
      Params:         0       0       0       0       0       0       0       0
      Locals:         0       0       0       0       0       0       0       0
      Temps:          0       0       0       0       0       0       0       0
      Totals:         0       0       0       0       0       0       0       0
Total ram usage:        0 bytes
 Hardware stack levels used:    1
 Hardware stack levels required when called:    5
 This function calls:
		Nothing
 This function is called by:
		_main
 This function uses a non-reentrant model


 *************** function _ADC_init *****************
 Defined at:
		line 50 in file "main.c"
 Parameters:    Size  Location     Type
		None
 Auto vars:     Size  Location     Type
		None
 Return value:  Size  Location     Type
                  1    wreg      void 
 Registers used:
		wreg
 Tracked objects:
		On entry : 
		On exit  : 
		Unchanged: 
 Data sizes:     COMMON   BANK0   BANK1   BANK2   BANK3   BANK4   BANK5   BANK6
      Params:         0       0       0       0       0       0       0       0
      Locals:         0       0       0       0       0       0       0       0
      Temps:          0       0       0       0       0       0       0       0
      Totals:         0       0       0       0       0       0       0       0
Total ram usage:        0 bytes
 Hardware stack levels used:    1
 Hardware stack levels required when called:    5
 This function calls:
		Nothing
 This function is called by:
		_main
 This function uses a non-reentrant model


 *************** function _ISR *****************
 Defined at:
		line 13 in file "int.c"
 Parameters:    Size  Location     Type
		None
 Auto vars:     Size  Location     Type
		None
 Return value:  Size  Location     Type
                  1    wreg      void 
 Registers used:
		wreg, fsr0l, fsr0h, status,2, status,0, pclath, cstack
 Tracked objects:
		On entry : 
		On exit  : 
		Unchanged: 
 Data sizes:     COMMON   BANK0   BANK1   BANK2   BANK3   BANK4   BANK5   BANK6
      Params:         0       0       0       0       0       0       0       0
      Locals:         0       0       0       0       0       0       0       0
      Temps:          0       0       0       0       0       0       0       0
      Totals:         0       0       0       0       0       0       0       0
Total ram usage:        0 bytes
 Hardware stack levels used:    1
 Hardware stack levels required when called:    4
 This function calls:
		_motor_serv
		_overload_protect
 This function is called by:
		Interrupt level 1
 This function uses a non-reentrant model


 *************** function _overload_protect *****************
 Defined at:
		line 22 in file "int.c"
 Parameters:    Size  Location     Type
		None
 Auto vars:     Size  Location     Type
  volt            2    0[BANK0 ] unsigned int 
 Return value:  Size  Location     Type
                  1    wreg      void 
 Registers used:
		wreg, fsr0l, fsr0h, status,2, status,0, pclath, cstack
 Tracked objects:
		On entry : 
		On exit  : 
		Unchanged: 
 Data sizes:     COMMON   BANK0   BANK1   BANK2   BANK3   BANK4   BANK5   BANK6
      Params:         0       0       0       0       0       0       0       0
      Locals:         0       3       0       0       0       0       0       0
      Temps:          3       0       0       0       0       0       0       0
      Totals:         3       3       0       0       0       0       0       0
Total ram usage:        6 bytes
 Hardware stack levels used:    1
 Hardware stack levels required when called:    3
 This function calls:
		_close_motor
 This function is called by:
		_ISR
 This function uses a non-reentrant model


 *************** function _close_motor *****************
 Defined at:
		line 162 in file "motor.c"
 Parameters:    Size  Location     Type
		None
 Auto vars:     Size  Location     Type
		None
 Return value:  Size  Location     Type
                  1    wreg      void 
 Registers used:
		wreg, fsr0l, fsr0h, status,2, status,0, pclath, cstack
 Tracked objects:
		On entry : 
		On exit  : 
		Unchanged: 
 Data sizes:     COMMON   BANK0   BANK1   BANK2   BANK3   BANK4   BANK5   BANK6
      Params:         0       0       0       0       0       0       0       0
      Locals:         0       0       0       0       0       0       0       0
      Temps:          0       0       0       0       0       0       0       0
      Totals:         0       0       0       0       0       0       0       0
Total ram usage:        0 bytes
 Hardware stack levels used:    1
 Hardware stack levels required when called:    2
 This function calls:
		_state_drive
 This function is called by:
		_overload_protect
 This function uses a non-reentrant model


 *************** function _motor_serv *****************
 Defined at:
		line 44 in file "motor.c"
 Parameters:    Size  Location     Type
		None
 Auto vars:     Size  Location     Type
		None
 Return value:  Size  Location     Type
                  1    wreg      void 
 Registers used:
		wreg, fsr0l, fsr0h, status,2, status,0, pclath, cstack
 Tracked objects:
		On entry : 
		On exit  : 
		Unchanged: 
 Data sizes:     COMMON   BANK0   BANK1   BANK2   BANK3   BANK4   BANK5   BANK6
      Params:         0       0       0       0       0       0       0       0
      Locals:         0       0       0       0       0       0       0       0
      Temps:          0       4       0       0       0       0       0       0
      Totals:         0       4       0       0       0       0       0       0
Total ram usage:        4 bytes
 Hardware stack levels used:    1
 Hardware stack levels required when called:    3
 This function calls:
		_bemf_zerocross
		_commutate
		_set_cmp
		_state_drive
 This function is called by:
		_ISR
 This function uses a non-reentrant model


 *************** function _commutate *****************
 Defined at:
		line 87 in file "motor.c"
 Parameters:    Size  Location     Type
		None
 Auto vars:     Size  Location     Type
		None
 Return value:  Size  Location     Type
                  1    wreg      void 
 Registers used:
		wreg, fsr0l, fsr0h, status,2, status,0, pclath, cstack
 Tracked objects:
		On entry : 
		On exit  : 
		Unchanged: 
 Data sizes:     COMMON   BANK0   BANK1   BANK2   BANK3   BANK4   BANK5   BANK6
      Params:         0       0       0       0       0       0       0       0
      Locals:         0       0       0       0       0       0       0       0
      Temps:          1       0       0       0       0       0       0       0
      Totals:         1       0       0       0       0       0       0       0
Total ram usage:        1 bytes
 Hardware stack levels used:    1
 Hardware stack levels required when called:    2
 This function calls:
		_PhaseDelayFilter
		_set_cmp
		_state_drive
 This function is called by:
		_motor_serv
 This function uses a non-reentrant model


 *************** function _state_drive *****************
 Defined at:
		line 99 in file "motor.c"
 Parameters:    Size  Location     Type
  state           1    wreg     enum E2676
 Auto vars:     Size  Location     Type
  state           1   10[COMMON] enum E2676
 Return value:  Size  Location     Type
                  1    wreg      void 
 Registers used:
		wreg, fsr0l, fsr0h, status,2, status,0, pclath, cstack
 Tracked objects:
		On entry : 
		On exit  : 
		Unchanged: 
 Data sizes:     COMMON   BANK0   BANK1   BANK2   BANK3   BANK4   BANK5   BANK6
      Params:         0       0       0       0       0       0       0       0
      Locals:         1       0       0       0       0       0       0       0
      Temps:          4       0       0       0       0       0       0       0
      Totals:         5       0       0       0       0       0       0       0
Total ram usage:        5 bytes
 Hardware stack levels used:    1
 Hardware stack levels required when called:    1
 This function calls:
		_UHoff
		_UHon
		_ULoff
		_ULon
		_VHoff
		_VHon
		_VLoff
		_VLon
		_WHoff
		_WHon
		_WLoff
		_WLon
		___wmul
 This function is called by:
		_motor_serv
		_commutate
		_close_motor
 This function uses a non-reentrant model


 *************** function ___wmul *****************
 Defined at:
		line 15 in file "C:\Program Files (x86)\Microchip\xc8\v2.00\pic\sources\c99\common\Umul16.c"
 Parameters:    Size  Location     Type
  multiplier      2    0[COMMON] unsigned int 
  multiplicand    2    2[COMMON] unsigned int 
 Auto vars:     Size  Location     Type
  product         2    4[COMMON] unsigned int 
 Return value:  Size  Location     Type
                  2    0[COMMON] unsigned int 
 Registers used:
		wreg, status,2, status,0
 Tracked objects:
		On entry : 
		On exit  : 
		Unchanged: 
 Data sizes:     COMMON   BANK0   BANK1   BANK2   BANK3   BANK4   BANK5   BANK6
      Params:         4       0       0       0       0       0       0       0
      Locals:         2       0       0       0       0       0       0       0
      Temps:          0       0       0       0       0       0       0       0
      Totals:         6       0       0       0       0       0       0       0
Total ram usage:        6 bytes
 Hardware stack levels used:    1
 This function calls:
		Nothing
 This function is called by:
		_state_drive
 This function uses a non-reentrant model


 *************** function _WLoff *****************
 Defined at:
		line 42 in file "mosfet.c"
 Parameters:    Size  Location     Type
		None
 Auto vars:     Size  Location     Type
		None
 Return value:  Size  Location     Type
                  1    wreg      void 
 Registers used:
		None
 Tracked objects:
		On entry : 
		On exit  : 
		Unchanged: 
 Data sizes:     COMMON   BANK0   BANK1   BANK2   BANK3   BANK4   BANK5   BANK6
      Params:         0       0       0       0       0       0       0       0
      Locals:         0       0       0       0       0       0       0       0
      Temps:          0       0       0       0       0       0       0       0
      Totals:         0       0       0       0       0       0       0       0
Total ram usage:        0 bytes
 Hardware stack levels used:    1
 This function calls:
		Nothing
 This function is called by:
		_state_drive
 This function uses a non-reentrant model


 *************** function _WHon *****************
 Defined at:
		line 39 in file "mosfet.c"
 Parameters:    Size  Location     Type
		None
 Auto vars:     Size  Location     Type
		None
 Return value:  Size  Location     Type
                  1    wreg      void 
 Registers used:
		None
 Tracked objects:
		On entry : 
		On exit  : 
		Unchanged: 
 Data sizes:     COMMON   BANK0   BANK1   BANK2   BANK3   BANK4   BANK5   BANK6
      Params:         0       0       0       0       0       0       0       0
      Locals:         0       0       0       0       0       0       0       0
      Temps:          0       0       0       0       0       0       0       0
      Totals:         0       0       0       0       0       0       0       0
Total ram usage:        0 bytes
 Hardware stack levels used:    1
 This function calls:
		Nothing
 This function is called by:
		_state_drive
 This function uses a non-reentrant model


 *************** function _WHoff *****************
 Defined at:
		line 36 in file "mosfet.c"
 Parameters:    Size  Location     Type
		None
 Auto vars:     Size  Location     Type
		None
 Return value:  Size  Location     Type
                  1    wreg      void 
 Registers used:
		None
 Tracked objects:
		On entry : 
		On exit  : 
		Unchanged: 
 Data sizes:     COMMON   BANK0   BANK1   BANK2   BANK3   BANK4   BANK5   BANK6
      Params:         0       0       0       0       0       0       0       0
      Locals:         0       0       0       0       0       0       0       0
      Temps:          0       0       0       0       0       0       0       0
      Totals:         0       0       0       0       0       0       0       0
Total ram usage:        0 bytes
 Hardware stack levels used:    1
 This function calls:
		Nothing
 This function is called by:
		_state_drive
 This function uses a non-reentrant model


 *************** function _VLon *****************
 Defined at:
		line 33 in file "mosfet.c"
 Parameters:    Size  Location     Type
		None
 Auto vars:     Size  Location     Type
		None
 Return value:  Size  Location     Type
                  1    wreg      void 
 Registers used:
		None
 Tracked objects:
		On entry : 
		On exit  : 
		Unchanged: 
 Data sizes:     COMMON   BANK0   BANK1   BANK2   BANK3   BANK4   BANK5   BANK6
      Params:         0       0       0       0       0       0       0       0
      Locals:         0       0       0       0       0       0       0       0
      Temps:          0       0       0       0       0       0       0       0
      Totals:         0       0       0       0       0       0       0       0
Total ram usage:        0 bytes
 Hardware stack levels used:    1
 This function calls:
		Nothing
 This function is called by:
		_state_drive
 This function uses a non-reentrant model


 *************** function _VLoff *****************
 Defined at:
		line 30 in file "mosfet.c"
 Parameters:    Size  Location     Type
		None
 Auto vars:     Size  Location     Type
		None
 Return value:  Size  Location     Type
                  1    wreg      void 
 Registers used:
		None
 Tracked objects:
		On entry : 
		On exit  : 
		Unchanged: 
 Data sizes:     COMMON   BANK0   BANK1   BANK2   BANK3   BANK4   BANK5   BANK6
      Params:         0       0       0       0       0       0       0       0
      Locals:         0       0       0       0       0       0       0       0
      Temps:          0       0       0       0       0       0       0       0
      Totals:         0       0       0       0       0       0       0       0
Total ram usage:        0 bytes
 Hardware stack levels used:    1
 This function calls:
		Nothing
 This function is called by:
		_state_drive
 This function uses a non-reentrant model


 *************** function _VHon *****************
 Defined at:
		line 27 in file "mosfet.c"
 Parameters:    Size  Location     Type
		None
 Auto vars:     Size  Location     Type
		None
 Return value:  Size  Location     Type
                  1    wreg      void 
 Registers used:
		None
 Tracked objects:
		On entry : 
		On exit  : 
		Unchanged: 
 Data sizes:     COMMON   BANK0   BANK1   BANK2   BANK3   BANK4   BANK5   BANK6
      Params:         0       0       0       0       0       0       0       0
      Locals:         0       0       0       0       0       0       0       0
      Temps:          0       0       0       0       0       0       0       0
      Totals:         0       0       0       0       0       0       0       0
Total ram usage:        0 bytes
 Hardware stack levels used:    1
 This function calls:
		Nothing
 This function is called by:
		_state_drive
 This function uses a non-reentrant model


 *************** function _VHoff *****************
 Defined at:
		line 24 in file "mosfet.c"
 Parameters:    Size  Location     Type
		None
 Auto vars:     Size  Location     Type
		None
 Return value:  Size  Location     Type
                  1    wreg      void 
 Registers used:
		None
 Tracked objects:
		On entry : 
		On exit  : 
		Unchanged: 
 Data sizes:     COMMON   BANK0   BANK1   BANK2   BANK3   BANK4   BANK5   BANK6
      Params:         0       0       0       0       0       0       0       0
      Locals:         0       0       0       0       0       0       0       0
      Temps:          0       0       0       0       0       0       0       0
      Totals:         0       0       0       0       0       0       0       0
Total ram usage:        0 bytes
 Hardware stack levels used:    1
 This function calls:
		Nothing
 This function is called by:
		_state_drive
 This function uses a non-reentrant model


 *************** function _ULon *****************
 Defined at:
		line 21 in file "mosfet.c"
 Parameters:    Size  Location     Type
		None
 Auto vars:     Size  Location     Type
		None
 Return value:  Size  Location     Type
                  1    wreg      void 
 Registers used:
		None
 Tracked objects:
		On entry : 
		On exit  : 
		Unchanged: 
 Data sizes:     COMMON   BANK0   BANK1   BANK2   BANK3   BANK4   BANK5   BANK6
      Params:         0       0       0       0       0       0       0       0
      Locals:         0       0       0       0       0       0       0       0
      Temps:          0       0       0       0       0       0       0       0
      Totals:         0       0       0       0       0       0       0       0
Total ram usage:        0 bytes
 Hardware stack levels used:    1
 This function calls:
		Nothing
 This function is called by:
		_state_drive
 This function uses a non-reentrant model


 *************** function _ULoff *****************
 Defined at:
		line 18 in file "mosfet.c"
 Parameters:    Size  Location     Type
		None
 Auto vars:     Size  Location     Type
		None
 Return value:  Size  Location     Type
                  1    wreg      void 
 Registers used:
		None
 Tracked objects:
		On entry : 
		On exit  : 
		Unchanged: 
 Data sizes:     COMMON   BANK0   BANK1   BANK2   BANK3   BANK4   BANK5   BANK6
      Params:         0       0       0       0       0       0       0       0
      Locals:         0       0       0       0       0       0       0       0
      Temps:          0       0       0       0       0       0       0       0
      Totals:         0       0       0       0       0       0       0       0
Total ram usage:        0 bytes
 Hardware stack levels used:    1
 This function calls:
		Nothing
 This function is called by:
		_state_drive
 This function uses a non-reentrant model


 *************** function _UHon *****************
 Defined at:
		line 15 in file "mosfet.c"
 Parameters:    Size  Location     Type
		None
 Auto vars:     Size  Location     Type
		None
 Return value:  Size  Location     Type
                  1    wreg      void 
 Registers used:
		None
 Tracked objects:
		On entry : 
		On exit  : 
		Unchanged: 
 Data sizes:     COMMON   BANK0   BANK1   BANK2   BANK3   BANK4   BANK5   BANK6
      Params:         0       0       0       0       0       0       0       0
      Locals:         0       0       0       0       0       0       0       0
      Temps:          0       0       0       0       0       0       0       0
      Totals:         0       0       0       0       0       0       0       0
Total ram usage:        0 bytes
 Hardware stack levels used:    1
 This function calls:
		Nothing
 This function is called by:
		_state_drive
 This function uses a non-reentrant model


 *************** function _UHoff *****************
 Defined at:
		line 12 in file "mosfet.c"
 Parameters:    Size  Location     Type
		None
 Auto vars:     Size  Location     Type
		None
 Return value:  Size  Location     Type
                  1    wreg      void 
 Registers used:
		None
 Tracked objects:
		On entry : 
		On exit  : 
		Unchanged: 
 Data sizes:     COMMON   BANK0   BANK1   BANK2   BANK3   BANK4   BANK5   BANK6
      Params:         0       0       0       0       0       0       0       0
      Locals:         0       0       0       0       0       0       0       0
      Temps:          0       0       0       0       0       0       0       0
      Totals:         0       0       0       0       0       0       0       0
Total ram usage:        0 bytes
 Hardware stack levels used:    1
 This function calls:
		Nothing
 This function is called by:
		_state_drive
 This function uses a non-reentrant model


 *************** function _WLon *****************
 Defined at:
		line 45 in file "mosfet.c"
 Parameters:    Size  Location     Type
		None
 Auto vars:     Size  Location     Type
		None
 Return value:  Size  Location     Type
                  1    wreg      void 
 Registers used:
		None
 Tracked objects:
		On entry : 
		On exit  : 
		Unchanged: 
 Data sizes:     COMMON   BANK0   BANK1   BANK2   BANK3   BANK4   BANK5   BANK6
      Params:         0       0       0       0       0       0       0       0
      Locals:         0       0       0       0       0       0       0       0
      Temps:          0       0       0       0       0       0       0       0
      Totals:         0       0       0       0       0       0       0       0
Total ram usage:        0 bytes
 Hardware stack levels used:    1
 This function calls:
		Nothing
 This function is called by:
		_state_drive
 This function uses a non-reentrant model


 *************** function _set_cmp *****************
 Defined at:
		line 108 in file "motor.c"
 Parameters:    Size  Location     Type
  state           1    wreg     enum E2676
 Auto vars:     Size  Location     Type
  state           1    2[COMMON] enum E2676
 Return value:  Size  Location     Type
                  1    wreg      void 
 Registers used:
		wreg, fsr0l, fsr0h, status,2, status,0
 Tracked objects:
		On entry : 
		On exit  : 
		Unchanged: 
 Data sizes:     COMMON   BANK0   BANK1   BANK2   BANK3   BANK4   BANK5   BANK6
      Params:         0       0       0       0       0       0       0       0
      Locals:         1       0       0       0       0       0       0       0
      Temps:          2       0       0       0       0       0       0       0
      Totals:         3       0       0       0       0       0       0       0
Total ram usage:        3 bytes
 Hardware stack levels used:    1
 This function calls:
		Nothing
 This function is called by:
		_motor_serv
		_commutate
 This function uses a non-reentrant model


 *************** function _PhaseDelayFilter *****************
 Defined at:
		line 168 in file "motor.c"
 Parameters:    Size  Location     Type
		None
 Auto vars:     Size  Location     Type
		None
 Return value:  Size  Location     Type
                  1    wreg      void 
 Registers used:
		wreg, status,2, status,0
 Tracked objects:
		On entry : 
		On exit  : 
		Unchanged: 
 Data sizes:     COMMON   BANK0   BANK1   BANK2   BANK3   BANK4   BANK5   BANK6
      Params:         0       0       0       0       0       0       0       0
      Locals:         0       0       0       0       0       0       0       0
      Temps:          4       0       0       0       0       0       0       0
      Totals:         4       0       0       0       0       0       0       0
Total ram usage:        4 bytes
 Hardware stack levels used:    1
 This function calls:
		Nothing
 This function is called by:
		_commutate
 This function uses a non-reentrant model


 *************** function _bemf_zerocross *****************
 Defined at:
		line 83 in file "motor.c"
 Parameters:    Size  Location     Type
		None
 Auto vars:     Size  Location     Type
		None
 Return value:  Size  Location     Type
                  1    wreg      unsigned char 
 Registers used:
		wreg
 Tracked objects:
		On entry : 
		On exit  : 
		Unchanged: 
 Data sizes:     COMMON   BANK0   BANK1   BANK2   BANK3   BANK4   BANK5   BANK6
      Params:         0       0       0       0       0       0       0       0
      Locals:         0       0       0       0       0       0       0       0
      Temps:          0       0       0       0       0       0       0       0
      Totals:         0       0       0       0       0       0       0       0
Total ram usage:        0 bytes
 Hardware stack levels used:    1
 This function calls:
		Nothing
 This function is called by:
		_motor_serv
 This function uses a non-reentrant model



MODULE INFORMATION

Module		Function		Class		Link	Load	Size
mosfet.c
		_UHoff         		CODE           	0386	0000	4
		_VHoff         		CODE           	037A	0000	4
		_WHoff         		CODE           	036E	0000	4
		_ULoff         		CODE           	0380	0000	4
		_VLoff         		CODE           	0374	0000	4
		_WLoff         		CODE           	0368	0000	4
		_UHon          		CODE           	0383	0000	4
		_VHon          		CODE           	0377	0000	4
		_WHon          		CODE           	036B	0000	4
		_ULon          		CODE           	037D	0000	4
		_VLon          		CODE           	0371	0000	4
		_WLon          		CODE           	0389	0000	4

mosfet.c estimated size: 48

motor.c
		_close_motor   		CODE           	034C	0000	8
		_set_cmp       		CODE           	01F3	0000	64
		_commutate     		CODE           	02E5	0000	33
		_start_motor   		CODE           	0364	0000	5
		_motor_serv    		CODE           	00DB	0000	121
		_PhaseDelayFilter		CODE           	0232	0000	59
		_state_drive   		CODE           	0023	0000	185
		_bemf_zerocross		CODE           	0359	0000	7

motor.c estimated size: 482

int.c
		_ISR           		CODE           	0004	0000	18
		_overload_protect		CODE           	026C	0000	54

int.c estimated size: 72

shared
		_cBEMF_FILTER  		STRCODE        	01B3	0000	65
		__initialization		CODE           	0017	0000	9
		_gateStates    		STRCODE        	0153	0000	97

shared estimated size: 171

C:\Program Files (x86)\Microchip\xc8\v2.00\pic\sources\c99\common\Umul16.c
		___wmul        		CODE           	02C3	0000	35

C:\Program Files (x86)\Microchip\xc8\v2.00\pic\sources\c99\common\Umul16.c estimated size: 35

main.c
		_CMP1_init     		CODE           	035F	0000	6
		_main          		CODE           	0305	0000	27
		_OSCILLATOR_init		CODE           	0345	0000	8
		_PWM_init      		CODE           	02A1	0000	35
		_ADC_init      		CODE           	033C	0000	10
		_PORT_init     		CODE           	031F	0000	18
		_TMR2_init     		CODE           	0330	0000	13

main.c estimated size: 117

