Microchip MPLAB XC8 Compiler V2.00 ()

Linker command line:

-W-3 --edf=C:\Program Files (x86)\Microchip\xc8\v2.00\pic\dat\en_msgs.txt \
  -cs -h+dist/default/debug\mbutton.X.debug.sym \
  --cmf=dist/default/debug\mbutton.X.debug.cmf -z -Q16F1703 \
  -oC:\Users\zhgao\AppData\Local\Temp\s1os.2 \
  -Mdist/default/debug/mbutton.X.debug.map -E1 -ver=XC8 --acfsm=1493 \
  -ASTACK=0204Ah-020efh -pstack=STACK -ACODE=00h-07FFh -ASTRCODE=00h-07FFh \
  -ASTRING=00h-0FFhx8 -ACONST=00h-0FFhx8 -AENTRY=00h-0FFhx8 \
  -ACOMMON=070h-07Fh -ABANK0=020h-06Fh -ABANK1=0A0h-0EFh \
  -ABANK2=0120h-016Fh -ABIGRAM=02000h-020EFh \
  -ARAM=020h-06Fh,0A0h-0EFh,0120h-016Fh \
  -AABS1=020h-07Fh,0A0h-0EFh,0120h-016Fh -ASFR0=00h-01Fh -ASFR1=080h-09Fh \
  -ASFR2=0100h-011Fh -ASFR3=0180h-01EFh -ASFR4=0200h-026Fh \
  -ASFR5=0280h-02EFh -ASFR6=0300h-036Fh -ASFR7=0380h-03EFh \
  -ASFR8=0400h-046Fh -ASFR9=0480h-04EFh -ASFR10=0500h-056Fh \
  -ASFR11=0580h-05EFh -ASFR12=0600h-066Fh -ASFR13=0680h-06EFh \
  -ASFR14=0700h-076Fh -ASFR15=0780h-07EFh -ASFR16=0800h-086Fh \
  -ASFR17=0880h-08EFh -ASFR18=0900h-096Fh -ASFR19=0980h-09EFh \
  -ASFR20=0A00h-0A6Fh -ASFR21=0A80h-0AEFh -ASFR22=0B00h-0B6Fh \
  -ASFR23=0B80h-0BEFh -ASFR24=0C00h-0C6Fh -ASFR25=0C80h-0CEFh \
  -ASFR26=0D00h-0D6Fh -ASFR27=0D80h-0DEFh -ASFR28=0E00h-0E6Fh \
  -ASFR29=0E80h-0EEFh -ASFR30=0F00h-0F6Fh -ASFR31=0F80h-0FEFh \
  -preset_vec=00h,intentry=04h,init,end_init -ppowerup=CODE -pcinit=CODE \
  -pfunctab=ENTRY -ACONFIG=08007h-08008h -pconfig=CONFIG -DCONFIG=2 \
  -AIDLOC=08000h-08003h -pidloc=IDLOC -DIDLOC=2 -DCODE=2 -DSTRCODE=2 \
  -DSTRING=2 -DCONST=2 -DENTRY=2 -k \
  C:\Users\zhgao\AppData\Local\Temp\s1os.o \
  dist/default/debug\mbutton.X.debug.o 

Object code version is 3.11

Machine type is 16F1703



                Name                               Link     Load   Length Selector   Space Scale
C:\Users\zhgao\AppData\Local\Temp\s1os.o
                end_init                             1D       1D        1        8       0
                reset_vec                             0        0        1        0       0
                config                             8007     8007        2    1000E       0
dist/default/debug\mbutton.X.debug.o
                cinit                                1E       1E       1A        8       0
                intentry                              4        4       19        8       0
                text51                              5F4      5F4       24        8       0
                text50                              5D0      5D0       24        8       0
                text49                              6A0      6A0       19        8       0
                text48                              66B      66B       1B        8       0
                text47                              7DD      7DD        1      F72       0
                text46                               38       38       AA        8       0
                text45                              750      750        F        8       0
                text43                              6B9      6B9       18        8       0
                text42                               E2       E2       94        8       0
                text41                              686      686       1A        8       0
                text40                              6E7      6E7       15        8       0
                text39                              318      318       6B        8       0
                text38                              57E      57E       2C        8       0
                text37                              204      204       8B        8       0
                text36                              7DC      7DC        1      F72       0
                text35                              4AC      4AC       4E        8       0
                text34                              3EB      3EB       62        8       0
                text33                              176      176       8E        8       0
                text32                              7D7      7D7        3      F72       0
                text31                              70F      70F       12        8       0
                text30                              4FA      4FA       45        8       0
                text29                              7C8      7C8        5      F72       0
                text28                              777      777        9        8       0
                text27                              7C3      7C3        5      F72       0
                text26                              7AE      7AE        6        8       0
                text25                              7D4      7D4        3      F72       0
                text24                              7D1      7D1        3      F72       0
                text23                              383      383       68        8       0
                text22                              28F      28F       89        8       0
                text21                              7A0      7A0        8        8       0
                text20                              798      798        8        8       0
                text19                              618      618       1D        8       0
                text18                              44D      44D       5F        8       0
                text17                              7DB      7DB        1      F72       0
                text16                              650      650       1B        8       0
                text15                              790      790        8        8       0
                text14                              53F      53F       3F        8       0
                text13                              7BE      7BE        5      F72       0
                text12                              788      788        8        8       0
                text11                              7B9      7B9        5      F72       0
                text10                              76C      76C        B        8       0
                text9                               7DA      7DA        1      F72       0
                text8                               731      731       10        8       0
                text7                               741      741        F        8       0
                text6                               75F      75F        D        8       0
                text5                               780      780        8        8       0
                text4                               6D1      6D1       16        8       0
                text3                               6FC      6FC       13        8       0
                text2                               7CD      7CD        4      F72       0
                text1                               721      721       10        8       0
                maintext                            635      635       1B        8       0
                cstackBANK0                          46       46       1D       20       1
                cstackCOMMON                         70       70        8       70       1
                inittext                            7A8      7A8        6        8       0
                dataBANK0                            20       20       26       20       1
                bssBANK0                             63       63        5       20       1
                bssCOMMON                            78       78        6       70       1
                nvBANK0                              68       68        2       20       1
                stringtext1                         7B4      7B4        5      F68       0
                idataBANK0                          5AA      5AA       26        8       0

TOTAL           Name                               Link     Load   Length     Space
        CLASS   STACK          

        CLASS   CODE           
                end_init                             1D       1D        1         0
                cinit                                1E       1E       1A         0
                intentry                              4        4       19         0
                reset_vec                             0        0        1         0
                text51                              5F4      5F4       24         0
                text50                              5D0      5D0       24         0
                text49                              6A0      6A0       19         0
                text48                              66B      66B       1B         0
                text47                              7DD      7DD        1         0
                text46                               38       38       AA         0
                text45                              750      750        F         0
                text43                              6B9      6B9       18         0
                text42                               E2       E2       94         0
                text41                              686      686       1A         0
                text40                              6E7      6E7       15         0
                text39                              318      318       6B         0
                text38                              57E      57E       2C         0
                text37                              204      204       8B         0
                text36                              7DC      7DC        1         0
                text35                              4AC      4AC       4E         0
                text34                              3EB      3EB       62         0
                text33                              176      176       8E         0
                text32                              7D7      7D7        3         0
                text31                              70F      70F       12         0
                text30                              4FA      4FA       45         0
                text29                              7C8      7C8        5         0
                text28                              777      777        9         0
                text27                              7C3      7C3        5         0
                text26                              7AE      7AE        6         0
                text25                              7D4      7D4        3         0
                text24                              7D1      7D1        3         0
                text23                              383      383       68         0
                text22                              28F      28F       89         0
                text21                              7A0      7A0        8         0
                text20                              798      798        8         0
                text19                              618      618       1D         0
                text18                              44D      44D       5F         0
                text17                              7DB      7DB        1         0
                text16                              650      650       1B         0
                text15                              790      790        8         0
                text14                              53F      53F       3F         0
                text13                              7BE      7BE        5         0
                text12                              788      788        8         0
                text11                              7B9      7B9        5         0
                text10                              76C      76C        B         0
                text9                               7DA      7DA        1         0
                text8                               731      731       10         0
                text7                               741      741        F         0
                text6                               75F      75F        D         0
                text5                               780      780        8         0
                text4                               6D1      6D1       16         0
                text3                               6FC      6FC       13         0
                text2                               7CD      7CD        4         0
                text1                               721      721       10         0
                maintext                            635      635       1B         0
                inittext                            7A8      7A8        6         0
                idataBANK0                          5AA      5AA       26         0

        CLASS   STRCODE        
                stringtext1                         7B4      7B4        5         0

        CLASS   STRING         

        CLASS   CONST          

        CLASS   ENTRY          

        CLASS   COMMON         
                cstackCOMMON                         70       70        8         1
                bssCOMMON                            78       78        6         1

        CLASS   BANK0          
                cstackBANK0                          46       46       1D         1
                dataBANK0                            20       20       26         1
                bssBANK0                             63       63        5         1
                nvBANK0                              68       68        2         1

        CLASS   BANK1          

        CLASS   BANK2          

        CLASS   BIGRAM         

        CLASS   RAM            

        CLASS   ABS1           
                abs_s1                               7E       7E        2         1

        CLASS   SFR0           

        CLASS   SFR1           

        CLASS   SFR2           

        CLASS   SFR3           

        CLASS   SFR4           

        CLASS   SFR5           

        CLASS   SFR6           

        CLASS   SFR7           

        CLASS   SFR8           

        CLASS   SFR9           

        CLASS   SFR10          

        CLASS   SFR11          

        CLASS   SFR12          

        CLASS   SFR13          

        CLASS   SFR14          

        CLASS   SFR15          

        CLASS   SFR16          

        CLASS   SFR17          

        CLASS   SFR18          

        CLASS   SFR19          

        CLASS   SFR20          

        CLASS   SFR21          

        CLASS   SFR22          

        CLASS   SFR23          

        CLASS   SFR24          

        CLASS   SFR25          

        CLASS   SFR26          

        CLASS   SFR27          

        CLASS   SFR28          

        CLASS   SFR29          

        CLASS   SFR30          

        CLASS   SFR31          

        CLASS   CONFIG         
                config                             8007     8007        2         0

        CLASS   IDLOC          

        CLASS   BANK31         

        CLASS   BANK30         

        CLASS   BANK29         

        CLASS   BANK28         

        CLASS   BANK27         

        CLASS   BANK26         

        CLASS   BANK25         

        CLASS   BANK24         

        CLASS   BANK23         

        CLASS   BANK22         

        CLASS   BANK21         

        CLASS   BANK20         

        CLASS   BANK19         

        CLASS   BANK18         

        CLASS   BANK17         

        CLASS   BANK16         

        CLASS   BANK15         

        CLASS   BANK14         

        CLASS   BANK13         

        CLASS   BANK12         

        CLASS   BANK11         

        CLASS   BANK10         

        CLASS   BANK9          

        CLASS   BANK8          

        CLASS   BANK7          

        CLASS   BANK6          

        CLASS   BANK5          

        CLASS   BANK4          

        CLASS   BANK3          

        CLASS   EEDATA         



SEGMENTS        Name                           Load    Length   Top    Selector   Space  Class     Delta

                reset_vec                      000000  000001  000001         0       0  CODE        2
                intentry                       000004  0007B0  0007B4         8       0  CODE        2
                dataBANK0                      000020  00004A  00006A        20       1  BANK0       1
                cstackCOMMON                   000070  00000E  00007E        70       1  COMMON      1
                stringtext1                    0007B4  000005  0007B9       F68       0  STRCODE     2
                text11                         0007B9  000025  0007DE       F72       0  CODE        2
                config                         008007  000002  008009     1000E       0  CONFIG      2


UNUSED ADDRESS RANGES

        Name                Unused          Largest block    Delta
        BANK0            0006A-0006F               6           1
        BANK1            000A0-000EF              50           1
        BANK2            00120-0016F              50           1
        BIGRAM           02000-020EF              F0           1
        CODE             00001-00003               3           2
                         007DE-007FF              22
        CONST            00001-00003               3           2
                         007DE-007FF              22
        ENTRY            00001-00003               3           2
                         007DE-007FF              22
        IDLOC            08000-08003               4           2
        RAM              0006A-0006F               6           1
                         000A0-000EF              50
                         00120-0016F              50
        SFR0             00000-0001F              20           1
        SFR1             00080-0009F              20           1
        SFR10            00500-0056F              70           1
        SFR11            00580-005EF              70           1
        SFR12            00600-0066F              70           1
        SFR13            00680-006EF              70           1
        SFR14            00700-0076F              70           1
        SFR15            00780-007EF              70           1
        SFR16            00800-0086F              70           1
        SFR17            00880-008EF              70           1
        SFR18            00900-0096F              70           1
        SFR19            00980-009EF              70           1
        SFR2             00100-0011F              20           1
        SFR20            00A00-00A6F              70           1
        SFR21            00A80-00AEF              70           1
        SFR22            00B00-00B6F              70           1
        SFR23            00B80-00BEF              70           1
        SFR24            00C00-00C6F              70           1
        SFR25            00C80-00CEF              70           1
        SFR26            00D00-00D6F              70           1
        SFR27            00D80-00DEF              70           1
        SFR28            00E00-00E6F              70           1
        SFR29            00E80-00EEF              70           1
        SFR3             00180-001EF              70           1
        SFR30            00F00-00F6F              70           1
        SFR31            00F80-00FEF              70           1
        SFR4             00200-0026F              70           1
        SFR5             00280-002EF              70           1
        SFR6             00300-0036F              70           1
        SFR7             00380-003EF              70           1
        SFR8             00400-0046F              70           1
        SFR9             00480-004EF              70           1
        STACK            0204A-020EF              A6           1
        STRCODE          00001-00003               3           2
                         007DE-007FF              22
        STRING           00001-00003               3           2
                         007DE-007FF              22

                                  Symbol Table

?_MTOUCH_Sensor_RawSample_Get                         cstackBANK0  0004A
?_abs                                                 cstackBANK0  00046
?i1_abs                                               cstackCOMMON 00070
Button_Baseline_Initialize@button                     cstackBANK0  00052
Button_Baseline_Update@button                         cstackBANK0  0004C
Button_DefaultCallback@button                         cstackBANK0  00046
Button_Deviation_Update@button                        cstackBANK0  00050
Button_Deviation_Update@deviation                     cstackBANK0  00051
Button_Reading_Update@button                          cstackBANK0  00050
Button_Service@button                                 cstackBANK0  0005B
Button_Service@name                                   cstackBANK0  0005A
Button_State_Initializing@button                      cstackBANK0  00053
Button_State_NotPressed@button                        cstackBANK0  00053
Button_State_Pressed@button                           cstackBANK0  00053
MTOUCH_Button_isPressed@name                          cstackBANK0  00047
MTOUCH_Sensor_Enable@sensor                           cstackBANK0  0004B
MTOUCH_Sensor_RawSample_Get@name                      cstackBANK0  0004D
MTOUCH_Sensor_wasSampled@sensor                       cstackBANK0  0004B
Sensor_Acq_ExecutePacket@ADCON0_temp                  cstackBANK0  00049
Sensor_Acq_ExecutePacket@ADCON1_temp                  cstackBANK0  0004A
Sensor_Acq_ExecutePacket@ADCON2_temp                  cstackBANK0  0004B
Sensor_Acq_ExecutePacket@error                        cstackBANK0  0004C
Sensor_Acq_ExecutePacket@sensor                       cstackBANK0  0004D
Sensor_Acq_ExecuteScan@last_a                         bssCOMMON    0007A
Sensor_Acq_ExecuteScan@last_b                         bssCOMMON    00078
Sensor_Acq_ExecuteScan@result                         cstackCOMMON 00076
Sensor_Acquisition@retry                              cstackBANK0  0005C
Sensor_Acquisition@sensor                             cstackBANK0  0005D
Sensor_DefaultCallback@sensor                         cstackBANK0  00046
Sensor_RawSample_Update@sensor                        cstackBANK0  00046
Sensor_Sampled_Reset@sensor                           cstackBANK0  00046
Sensor_Scanfrequency_Evaluation@best_packet_sample    cstackBANK0  00052
Sensor_Scanfrequency_Evaluation@best_sample_period    cstackBANK0  00055
Sensor_Scanfrequency_Evaluation@frequency_hop         stringtext1  007B4
Sensor_Scanfrequency_Evaluation@i                     cstackBANK0  00057
Sensor_Scanfrequency_Evaluation@packet_noise_Max      cstackBANK0  00050
Sensor_Scanfrequency_Evaluation@retry                 cstackBANK0  00056
Sensor_Scanfrequency_Evaluation@sensor                cstackBANK0  00054
Sensor_Service@error                                  cstackBANK0  00060
Sensor_Service@name                                   cstackBANK0  00061
Sensor_Service@sensor                                 cstackBANK0  00062
Sensor_setActive@sensor                               cstackBANK0  00046
Sensor_setInactive@sensor                             cstackBANK0  00046
Sensor_setSampled@sensor                              cstackBANK0  00046
TMR2_LoadPeriodRegister@periodVal                     cstackBANK0  00046
TMR2_SetInterruptHandler@InterruptHandler             cstackBANK0  00046
_ADCON0                                               (abs)        0009D
_ADCON1                                               (abs)        0009E
_ADCON2                                               (abs)        0009F
_ADRES                                                (abs)        0009B
_ANSELA                                               (abs)        0018C
_ANSELC                                               (abs)        0018E
_ANSELCbits                                           (abs)        0018E
_BORCON                                               (abs)        00116
_Button_Baseline_Initialize                           text38       0057E
_Button_Baseline_Update                               text37       00204
_Button_DefaultCallback                               text36       007DC
_Button_Deviation_Update                              text42       000E2
_Button_Reading_Update                                text39       00318
_Button_Service                                       text30       004FA
_Button_StateMachine                                  dataBANK0    00020
_Button_State_Initializing                            text34       003EB
_Button_State_NotPressed                              text33       00176
_Button_State_Pressed                                 text35       004AC
_GIE                                                  (abs)        0005F
_INTCONbits                                           (abs)        0000B
_INTERRUPT_InterruptManager                           intentry     00004
_LATA                                                 (abs)        0010C
_LATC                                                 (abs)        0010E
_LATCbits                                             (abs)        0010E
_MTOUCH_Button_InitializeAll                          text9        007DA
_MTOUCH_Button_ServiceAll                             text29       007C8
_MTOUCH_Button_isPressed                              text43       006B9
_MTOUCH_CVD_ScanA_0                                   text51       005F4
_MTOUCH_CVD_ScanB_0                                   text50       005D0
_MTOUCH_Initialize                                    text6        0075F
_MTOUCH_Sensor_Enable                                 text8        00731
_MTOUCH_Sensor_InitializeAll                          text7        00741
_MTOUCH_Sensor_RawSample_Get                          text40       006E7
_MTOUCH_Sensor_SampleAll                              text13       007BE
_MTOUCH_Sensor_Sampled_ResetAll                       text11       007B9
_MTOUCH_Sensor_Scan_Initialize                        text28       00777
_MTOUCH_Sensor_isCalibrated                           text32       007D7
_MTOUCH_Sensor_wasSampled                             text31       0070F
_MTOUCH_Service_Mainloop                              text10       0076C
_ODCONA                                               (abs)        0028C
_ODCONC                                               (abs)        0028E
_OPTION_REGbits                                       (abs)        00095
_OSCCON                                               (abs)        00099
_OSCILLATOR_Initialize                                text5        00780
_OSCSTAT                                              (abs)        0009A
_OSCTUNE                                              (abs)        00098
_PIE1bits                                             (abs)        00091
_PIN_MANAGER_Initialize                               text4        006D1
_PIR1bits                                             (abs)        00011
_PR2                                                  (abs)        0001B
_SYSTEM_Initialize                                    text1        00721
_Sensor_Acq_ExecutePacket                             text23       00383
_Sensor_Acq_ExecuteScan                               text46       00038
_Sensor_Acquisition                                   text18       0044D
_Sensor_DefaultCallback                               text17       007DB
_Sensor_RawSample_Update                              text16       00650
_Sensor_Sampled_Reset                                 text12       00788
_Sensor_Scanfrequency_Evaluation                      text22       0028F
_Sensor_Service                                       text14       0053F
_Sensor_setActive                                     text21       007A0
_Sensor_setInactive                                   text20       00798
_Sensor_setSampled                                    text15       00790
_T2CON                                                (abs)        0001C
_T2CONbits                                            (abs)        0001C
_TMR2                                                 (abs)        0001A
_TMR2_DefaultInterruptHandler                         text47       007DD
_TMR2_ISR                                             text45       00750
_TMR2_Initialize                                      text3        006FC
_TMR2_InterruptHandler                                nvBANK0      00068
_TMR2_LoadPeriodRegister                              text27       007C3
_TMR2_SetInterruptHandler                             text26       007AE
_TMR2_StartTimer                                      text25       007D4
_TMR2_StopTimer                                       text24       007D1
_TRISA                                                (abs)        0008C
_TRISC                                                (abs)        0008E
_TRISCbits                                            (abs)        0008E
_WDTCON                                               (abs)        00097
_WDT_Initialize                                       text2        007CD
_WPUA                                                 (abs)        0020C
_WPUC                                                 (abs)        0020E
_WPUCbits                                             (abs)        0020E
__CFG_BOREN$OFF                                       (abs)        00000
__CFG_BORV$LO                                         (abs)        00000
__CFG_CLKOUTEN$OFF                                    (abs)        00000
__CFG_CP$OFF                                          (abs)        00000
__CFG_FOSC$INTOSC                                     (abs)        00000
__CFG_LPBOR$OFF                                       (abs)        00000
__CFG_LVP$ON                                          (abs)        00000
__CFG_MCLRE$ON                                        (abs)        00000
__CFG_PLLEN$ON                                        (abs)        00000
__CFG_PPS1WAY$ON                                      (abs)        00000
__CFG_PWRTE$OFF                                       (abs)        00000
__CFG_STVREN$ON                                       (abs)        00000
__CFG_WDTE$OFF                                        (abs)        00000
__CFG_WRT$OFF                                         (abs)        00000
__CFG_ZCDDIS$ON                                       (abs)        00000
__Habs1                                               abs1         00000
__Hbank0                                              bank0        00000
__Hbank1                                              bank1        00000
__Hbank10                                             bank10       00000
__Hbank11                                             bank11       00000
__Hbank12                                             bank12       00000
__Hbank13                                             bank13       00000
__Hbank14                                             bank14       00000
__Hbank15                                             bank15       00000
__Hbank16                                             bank16       00000
__Hbank17                                             bank17       00000
__Hbank18                                             bank18       00000
__Hbank19                                             bank19       00000
__Hbank2                                              bank2        00000
__Hbank20                                             bank20       00000
__Hbank21                                             bank21       00000
__Hbank22                                             bank22       00000
__Hbank23                                             bank23       00000
__Hbank24                                             bank24       00000
__Hbank25                                             bank25       00000
__Hbank26                                             bank26       00000
__Hbank27                                             bank27       00000
__Hbank28                                             bank28       00000
__Hbank29                                             bank29       00000
__Hbank3                                              bank3        00000
__Hbank30                                             bank30       00000
__Hbank31                                             bank31       00000
__Hbank4                                              bank4        00000
__Hbank5                                              bank5        00000
__Hbank6                                              bank6        00000
__Hbank7                                              bank7        00000
__Hbank8                                              bank8        00000
__Hbank9                                              bank9        00000
__Hbigram                                             bigram       00000
__HbssBANK0                                           bssBANK0     00000
__HbssCOMMON                                          bssCOMMON    00000
__Hcinit                                              cinit        00038
__Hclrtext                                            clrtext      00000
__Hcode                                               code         00000
__Hcommon                                             common       00000
__Hconfig                                             config       08009
__HcstackBANK0                                        cstackBANK0  00000
__HcstackCOMMON                                       cstackCOMMON 00000
__HdataBANK0                                          dataBANK0    00000
__Heeprom_data                                        eeprom_data  00000
__Hend_init                                           end_init     0001E
__Hfunctab                                            functab      00000
__HidataBANK0                                         idataBANK0   00000
__Hidloc                                              idloc        00000
__Hinit                                               init         0001D
__Hinittext                                           inittext     00000
__Hintentry                                           intentry     0001D
__Hmaintext                                           maintext     00000
__HnvBANK0                                            nvBANK0      00000
__Hpowerup                                            powerup      00000
__Hram                                                ram          00000
__Hreset_vec                                          reset_vec    00001
__Hsfr0                                               sfr0         00000
__Hsfr1                                               sfr1         00000
__Hsfr10                                              sfr10        00000
__Hsfr11                                              sfr11        00000
__Hsfr12                                              sfr12        00000
__Hsfr13                                              sfr13        00000
__Hsfr14                                              sfr14        00000
__Hsfr15                                              sfr15        00000
__Hsfr16                                              sfr16        00000
__Hsfr17                                              sfr17        00000
__Hsfr18                                              sfr18        00000
__Hsfr19                                              sfr19        00000
__Hsfr2                                               sfr2         00000
__Hsfr20                                              sfr20        00000
__Hsfr21                                              sfr21        00000
__Hsfr22                                              sfr22        00000
__Hsfr23                                              sfr23        00000
__Hsfr24                                              sfr24        00000
__Hsfr25                                              sfr25        00000
__Hsfr26                                              sfr26        00000
__Hsfr27                                              sfr27        00000
__Hsfr28                                              sfr28        00000
__Hsfr29                                              sfr29        00000
__Hsfr3                                               sfr3         00000
__Hsfr30                                              sfr30        00000
__Hsfr31                                              sfr31        00000
__Hsfr4                                               sfr4         00000
__Hsfr5                                               sfr5         00000
__Hsfr6                                               sfr6         00000
__Hsfr7                                               sfr7         00000
__Hsfr8                                               sfr8         00000
__Hsfr9                                               sfr9         00000
__Hspace_0                                            (abs)        08009
__Hspace_1                                            (abs)        0007E
__Hspace_2                                            (abs)        00000
__Hspace_3                                            (abs)        00000
__Hstack                                              stack        00000
__Hstrings                                            strings      00000
__Hstringtext1                                        stringtext1  00000
__Htext                                               text         00000
__Labs1                                               abs1         00000
__Lbank0                                              bank0        00000
__Lbank1                                              bank1        00000
__Lbank10                                             bank10       00000
__Lbank11                                             bank11       00000
__Lbank12                                             bank12       00000
__Lbank13                                             bank13       00000
__Lbank14                                             bank14       00000
__Lbank15                                             bank15       00000
__Lbank16                                             bank16       00000
__Lbank17                                             bank17       00000
__Lbank18                                             bank18       00000
__Lbank19                                             bank19       00000
__Lbank2                                              bank2        00000
__Lbank20                                             bank20       00000
__Lbank21                                             bank21       00000
__Lbank22                                             bank22       00000
__Lbank23                                             bank23       00000
__Lbank24                                             bank24       00000
__Lbank25                                             bank25       00000
__Lbank26                                             bank26       00000
__Lbank27                                             bank27       00000
__Lbank28                                             bank28       00000
__Lbank29                                             bank29       00000
__Lbank3                                              bank3        00000
__Lbank30                                             bank30       00000
__Lbank31                                             bank31       00000
__Lbank4                                              bank4        00000
__Lbank5                                              bank5        00000
__Lbank6                                              bank6        00000
__Lbank7                                              bank7        00000
__Lbank8                                              bank8        00000
__Lbank9                                              bank9        00000
__Lbigram                                             bigram       00000
__LbssBANK0                                           bssBANK0     00000
__LbssCOMMON                                          bssCOMMON    00000
__Lcinit                                              cinit        0001E
__Lclrtext                                            clrtext      00000
__Lcode                                               code         00000
__Lcommon                                             common       00000
__Lconfig                                             config       08007
__LcstackBANK0                                        cstackBANK0  00000
__LcstackCOMMON                                       cstackCOMMON 00000
__LdataBANK0                                          dataBANK0    00000
__Leeprom_data                                        eeprom_data  00000
__Lend_init                                           end_init     0001D
__Lfunctab                                            functab      00000
__LidataBANK0                                         idataBANK0   00000
__Lidloc                                              idloc        00000
__Linit                                               init         0001D
__Linittext                                           inittext     00000
__Lintentry                                           intentry     00004
__Lmaintext                                           maintext     00000
__LnvBANK0                                            nvBANK0      00000
__Lpowerup                                            powerup      00000
__Lram                                                ram          00000
__Lreset_vec                                          reset_vec    00000
__Lsfr0                                               sfr0         00000
__Lsfr1                                               sfr1         00000
__Lsfr10                                              sfr10        00000
__Lsfr11                                              sfr11        00000
__Lsfr12                                              sfr12        00000
__Lsfr13                                              sfr13        00000
__Lsfr14                                              sfr14        00000
__Lsfr15                                              sfr15        00000
__Lsfr16                                              sfr16        00000
__Lsfr17                                              sfr17        00000
__Lsfr18                                              sfr18        00000
__Lsfr19                                              sfr19        00000
__Lsfr2                                               sfr2         00000
__Lsfr20                                              sfr20        00000
__Lsfr21                                              sfr21        00000
__Lsfr22                                              sfr22        00000
__Lsfr23                                              sfr23        00000
__Lsfr24                                              sfr24        00000
__Lsfr25                                              sfr25        00000
__Lsfr26                                              sfr26        00000
__Lsfr27                                              sfr27        00000
__Lsfr28                                              sfr28        00000
__Lsfr29                                              sfr29        00000
__Lsfr3                                               sfr3         00000
__Lsfr30                                              sfr30        00000
__Lsfr31                                              sfr31        00000
__Lsfr4                                               sfr4         00000
__Lsfr5                                               sfr5         00000
__Lsfr6                                               sfr6         00000
__Lsfr7                                               sfr7         00000
__Lsfr8                                               sfr8         00000
__Lsfr9                                               sfr9         00000
__Lspace_0                                            (abs)        00000
__Lspace_1                                            (abs)        00000
__Lspace_2                                            (abs)        00000
__Lspace_3                                            (abs)        00000
__Lstack                                              stack        00000
__Lstrings                                            strings      00000
__Lstringtext1                                        stringtext1  00000
__Ltext                                               text         00000
__S0                                                  (abs)        08009
__S1                                                  (abs)        0007E
__S2                                                  (abs)        00000
___bmul                                               text41       00686
___bmul@multiplicand                                  cstackBANK0  00046
___bmul@multiplier                                    cstackBANK0  00049
___bmul@product                                       cstackBANK0  00048
___int_sp                                             stack        00000
___latbits                                            (abs)        00000
___sp                                                 stack        00000
__end_ofSensor_Scanfrequency_Evaluation@frequency_hop stringtext1  007B9
__end_of_Button_Baseline_Initialize                   text38       005AA
__end_of_Button_Baseline_Update                       text37       0028F
__end_of_Button_DefaultCallback                       text36       007DD
__end_of_Button_Deviation_Update                      text42       00176
__end_of_Button_Reading_Update                        text39       00383
__end_of_Button_Service                               text30       0053F
__end_of_Button_State_Initializing                    text34       0044D
__end_of_Button_State_NotPressed                      text33       00204
__end_of_Button_State_Pressed                         text35       004FA
__end_of_INTERRUPT_InterruptManager                   intentry     0001D
__end_of_MTOUCH_Button_InitializeAll                  text9        007DB
__end_of_MTOUCH_Button_ServiceAll                     text29       007CD
__end_of_MTOUCH_Button_isPressed                      text43       006D1
__end_of_MTOUCH_CVD_ScanA_0                           text51       00618
__end_of_MTOUCH_CVD_ScanB_0                           text50       005F4
__end_of_MTOUCH_Initialize                            text6        0076C
__end_of_MTOUCH_Sensor_Enable                         text8        00741
__end_of_MTOUCH_Sensor_InitializeAll                  text7        00750
__end_of_MTOUCH_Sensor_RawSample_Get                  text40       006FC
__end_of_MTOUCH_Sensor_SampleAll                      text13       007C3
__end_of_MTOUCH_Sensor_Sampled_ResetAll               text11       007BE
__end_of_MTOUCH_Sensor_Scan_Initialize                text28       00780
__end_of_MTOUCH_Sensor_isCalibrated                   text32       007DA
__end_of_MTOUCH_Sensor_wasSampled                     text31       00721
__end_of_MTOUCH_Service_Mainloop                      text10       00777
__end_of_OSCILLATOR_Initialize                        text5        00788
__end_of_PIN_MANAGER_Initialize                       text4        006E7
__end_of_SYSTEM_Initialize                            text1        00731
__end_of_Sensor_Acq_ExecutePacket                     text23       003EB
__end_of_Sensor_Acq_ExecuteScan                       text46       000E2
__end_of_Sensor_Acquisition                           text18       004AC
__end_of_Sensor_DefaultCallback                       text17       007DC
__end_of_Sensor_RawSample_Update                      text16       0066B
__end_of_Sensor_Sampled_Reset                         text12       00790
__end_of_Sensor_Scanfrequency_Evaluation              text22       00318
__end_of_Sensor_Service                               text14       0057E
__end_of_Sensor_setActive                             text21       007A8
__end_of_Sensor_setInactive                           text20       007A0
__end_of_Sensor_setSampled                            text15       00798
__end_of_TMR2_DefaultInterruptHandler                 text47       007DE
__end_of_TMR2_ISR                                     text45       0075F
__end_of_TMR2_Initialize                              text3        0070F
__end_of_TMR2_LoadPeriodRegister                      text27       007C8
__end_of_TMR2_SetInterruptHandler                     text26       007B4
__end_of_TMR2_StartTimer                              text25       007D7
__end_of_TMR2_StopTimer                               text24       007D4
__end_of_WDT_Initialize                               text2        007D1
__end_of___bmul                                       text41       006A0
__end_of__initialization                              cinit        00035
__end_of_abs                                          text19       00635
__end_of_main                                         maintext     00650
__end_ofi1___bmul                                     text49       006B9
__end_ofi1_abs                                        text48       00686
__initialization                                      cinit        0001E
__pbssBANK0                                           bssBANK0     00063
__pbssCOMMON                                          bssCOMMON    00078
__pcstackBANK0                                        cstackBANK0  00046
__pcstackCOMMON                                       cstackCOMMON 00070
__pdataBANK0                                          dataBANK0    00020
__pidataBANK0                                         idataBANK0   005AA
__pintentry                                           intentry     00004
__pmaintext                                           maintext     00635
__pnvBANK0                                            nvBANK0      00068
__pstringtext1                                        stringtext1  007B4
__ptext1                                              text1        00721
__ptext10                                             text10       0076C
__ptext11                                             text11       007B9
__ptext12                                             text12       00788
__ptext13                                             text13       007BE
__ptext14                                             text14       0053F
__ptext15                                             text15       00790
__ptext16                                             text16       00650
__ptext17                                             text17       007DB
__ptext18                                             text18       0044D
__ptext19                                             text19       00618
__ptext2                                              text2        007CD
__ptext20                                             text20       00798
__ptext21                                             text21       007A0
__ptext22                                             text22       0028F
__ptext23                                             text23       00383
__ptext24                                             text24       007D1
__ptext25                                             text25       007D4
__ptext26                                             text26       007AE
__ptext27                                             text27       007C3
__ptext28                                             text28       00777
__ptext29                                             text29       007C8
__ptext3                                              text3        006FC
__ptext30                                             text30       004FA
__ptext31                                             text31       0070F
__ptext32                                             text32       007D7
__ptext33                                             text33       00176
__ptext34                                             text34       003EB
__ptext35                                             text35       004AC
__ptext36                                             text36       007DC
__ptext37                                             text37       00204
__ptext38                                             text38       0057E
__ptext39                                             text39       00318
__ptext4                                              text4        006D1
__ptext40                                             text40       006E7
__ptext41                                             text41       00686
__ptext42                                             text42       000E2
__ptext43                                             text43       006B9
__ptext45                                             text45       00750
__ptext46                                             text46       00038
__ptext47                                             text47       007DD
__ptext48                                             text48       0066B
__ptext49                                             text49       006A0
__ptext5                                              text5        00780
__ptext50                                             text50       005D0
__ptext51                                             text51       005F4
__ptext6                                              text6        0075F
__ptext7                                              text7        00741
__ptext8                                              text8        00731
__ptext9                                              text9        007DA
__size_of_Button_Baseline_Initialize                  (abs)        00000
__size_of_Button_Baseline_Update                      (abs)        00000
__size_of_Button_DefaultCallback                      (abs)        00000
__size_of_Button_Deviation_Update                     (abs)        00000
__size_of_Button_Reading_Update                       (abs)        00000
__size_of_Button_Service                              (abs)        00000
__size_of_Button_State_Initializing                   (abs)        00000
__size_of_Button_State_NotPressed                     (abs)        00000
__size_of_Button_State_Pressed                        (abs)        00000
__size_of_INTERRUPT_InterruptManager                  (abs)        00000
__size_of_MTOUCH_Button_InitializeAll                 (abs)        00000
__size_of_MTOUCH_Button_ServiceAll                    (abs)        00000
__size_of_MTOUCH_Button_isPressed                     (abs)        00000
__size_of_MTOUCH_CVD_ScanA_0                          (abs)        00000
__size_of_MTOUCH_CVD_ScanB_0                          (abs)        00000
__size_of_MTOUCH_Initialize                           (abs)        00000
__size_of_MTOUCH_Sensor_Enable                        (abs)        00000
__size_of_MTOUCH_Sensor_InitializeAll                 (abs)        00000
__size_of_MTOUCH_Sensor_RawSample_Get                 (abs)        00000
__size_of_MTOUCH_Sensor_SampleAll                     (abs)        00000
__size_of_MTOUCH_Sensor_Sampled_ResetAll              (abs)        00000
__size_of_MTOUCH_Sensor_Scan_Initialize               (abs)        00000
__size_of_MTOUCH_Sensor_isCalibrated                  (abs)        00000
__size_of_MTOUCH_Sensor_wasSampled                    (abs)        00000
__size_of_MTOUCH_Service_Mainloop                     (abs)        00000
__size_of_OSCILLATOR_Initialize                       (abs)        00000
__size_of_PIN_MANAGER_Initialize                      (abs)        00000
__size_of_SYSTEM_Initialize                           (abs)        00000
__size_of_Sensor_Acq_ExecutePacket                    (abs)        00000
__size_of_Sensor_Acq_ExecuteScan                      (abs)        00000
__size_of_Sensor_Acquisition                          (abs)        00000
__size_of_Sensor_DefaultCallback                      (abs)        00000
__size_of_Sensor_RawSample_Update                     (abs)        00000
__size_of_Sensor_Sampled_Reset                        (abs)        00000
__size_of_Sensor_Scanfrequency_Evaluation             (abs)        00000
__size_of_Sensor_Service                              (abs)        00000
__size_of_Sensor_setActive                            (abs)        00000
__size_of_Sensor_setInactive                          (abs)        00000
__size_of_Sensor_setSampled                           (abs)        00000
__size_of_TMR2_DefaultInterruptHandler                (abs)        00000
__size_of_TMR2_ISR                                    (abs)        00000
__size_of_TMR2_Initialize                             (abs)        00000
__size_of_TMR2_LoadPeriodRegister                     (abs)        00000
__size_of_TMR2_SetInterruptHandler                    (abs)        00000
__size_of_TMR2_StartTimer                             (abs)        00000
__size_of_TMR2_StopTimer                              (abs)        00000
__size_of_WDT_Initialize                              (abs)        00000
__size_of___bmul                                      (abs)        00000
__size_of_abs                                         (abs)        00000
__size_of_main                                        (abs)        00000
__size_ofi1___bmul                                    (abs)        00000
__size_ofi1_abs                                       (abs)        00000
_abs                                                  text19       00618
_callback_notPressed                                  dataBANK0    00026
_callback_pressed                                     dataBANK0    00028
_callback_sampled                                     dataBANK0    0002A
_currentScannSensor                                   bssCOMMON    0007D
_main                                                 maintext     00635
_mtouch_button                                        dataBANK0    0002D
_mtouch_sensor                                        dataBANK0    0003D
_packet_counter                                       bssCOMMON    0007C
_packet_noise                                         bssBANK0     00063
_packet_sample                                        bssBANK0     00065
_sample_period                                        dataBANK0    0002C
_sensor_globalFlags                                   bssBANK0     00067
abs@a                                                 cstackBANK0  00046
btemp                                                 (abs)        0007E
end_of_initialization                                 cinit        00035
i1___bmul                                             text49       006A0
i1___bmul@multiplicand                                cstackCOMMON 00070
i1___bmul@multiplier                                  cstackCOMMON 00072
i1___bmul@product                                     cstackCOMMON 00073
i1_abs                                                text48       0066B
i1abs@a                                               cstackCOMMON 00070
init_ram                                              inittext     007A8
int$flags                                             (abs)        0007E
intlevel0                                             functab      00000
intlevel1                                             functab      00000
intlevel2                                             functab      00000
intlevel3                                             functab      00000
intlevel4                                             functab      00000
intlevel5                                             functab      00000
reset_vec                                             reset_vec    00000
stackhi                                               (abs)        020EF
stacklo                                               (abs)        0204A
start                                                 init         0001D
start_initialization                                  cinit        0001E
wtemp0                                                (abs)        0007E


FUNCTION INFORMATION:

 *************** function _main *****************
 Defined at:
		line 50 in file "main.c"
 Parameters:    Size  Location     Type
		None
 Auto vars:     Size  Location     Type
		None
 Return value:  Size  Location     Type
                  1    wreg      void 
 Registers used:
		wreg, fsr0l, fsr0h, fsr1l, fsr1h, status,2, status,0, pclath, cstack
 Tracked objects:
		On entry : 
		On exit  : 
		Unchanged: 
 Data sizes:     COMMON   BANK0   BANK1   BANK2
      Params:         0       0       0       0
      Locals:         0       0       0       0
      Temps:          0       0       0       0
      Totals:         0       0       0       0
Total ram usage:        0 bytes
 Hardware stack levels required when called:   11
 This function calls:
		_MTOUCH_Button_isPressed
		_MTOUCH_Service_Mainloop
		_SYSTEM_Initialize
 This function is called by:
		Startup code after reset
 This function uses a non-reentrant model


 *************** function _SYSTEM_Initialize *****************
 Defined at:
		line 50 in file "mcc_generated_files/mcc.c"
 Parameters:    Size  Location     Type
		None
 Auto vars:     Size  Location     Type
		None
 Return value:  Size  Location     Type
                  1    wreg      void 
 Registers used:
		wreg, fsr1l, fsr1h, status,2, status,0, pclath, cstack
 Tracked objects:
		On entry : 
		On exit  : 
		Unchanged: 
 Data sizes:     COMMON   BANK0   BANK1   BANK2
      Params:         0       0       0       0
      Locals:         0       0       0       0
      Temps:          0       0       0       0
      Totals:         0       0       0       0
Total ram usage:        0 bytes
 Hardware stack levels used:    1
 Hardware stack levels required when called:    8
 This function calls:
		_MTOUCH_Initialize
		_OSCILLATOR_Initialize
		_PIN_MANAGER_Initialize
		_TMR2_Initialize
		_WDT_Initialize
 This function is called by:
		_main
 This function uses a non-reentrant model


 *************** function _WDT_Initialize *****************
 Defined at:
		line 72 in file "mcc_generated_files/mcc.c"
 Parameters:    Size  Location     Type
		None
 Auto vars:     Size  Location     Type
		None
 Return value:  Size  Location     Type
                  1    wreg      void 
 Registers used:
		wreg
 Tracked objects:
		On entry : 
		On exit  : 
		Unchanged: 
 Data sizes:     COMMON   BANK0   BANK1   BANK2
      Params:         0       0       0       0
      Locals:         0       0       0       0
      Temps:          0       0       0       0
      Totals:         0       0       0       0
Total ram usage:        0 bytes
 Hardware stack levels used:    1
 Hardware stack levels required when called:    4
 This function calls:
		Nothing
 This function is called by:
		_SYSTEM_Initialize
 This function uses a non-reentrant model


 *************** function _TMR2_Initialize *****************
 Defined at:
		line 64 in file "mcc_generated_files/tmr2.c"
 Parameters:    Size  Location     Type
		None
 Auto vars:     Size  Location     Type
		None
 Return value:  Size  Location     Type
                  1    wreg      void 
 Registers used:
		wreg, status,2, status,0, pclath, cstack
 Tracked objects:
		On entry : 
		On exit  : 
		Unchanged: 
 Data sizes:     COMMON   BANK0   BANK1   BANK2
      Params:         0       0       0       0
      Locals:         0       0       0       0
      Temps:          0       0       0       0
      Totals:         0       0       0       0
Total ram usage:        0 bytes
 Hardware stack levels used:    1
 Hardware stack levels required when called:    5
 This function calls:
		_TMR2_SetInterruptHandler
 This function is called by:
		_SYSTEM_Initialize
 This function uses a non-reentrant model


 *************** function _PIN_MANAGER_Initialize *****************
 Defined at:
		line 57 in file "mcc_generated_files/pin_manager.c"
 Parameters:    Size  Location     Type
		None
 Auto vars:     Size  Location     Type
		None
 Return value:  Size  Location     Type
                  1    wreg      void 
 Registers used:
		wreg, status,2
 Tracked objects:
		On entry : 
		On exit  : 
		Unchanged: 
 Data sizes:     COMMON   BANK0   BANK1   BANK2
      Params:         0       0       0       0
      Locals:         0       0       0       0
      Temps:          0       0       0       0
      Totals:         0       0       0       0
Total ram usage:        0 bytes
 Hardware stack levels used:    1
 Hardware stack levels required when called:    4
 This function calls:
		Nothing
 This function is called by:
		_SYSTEM_Initialize
 This function uses a non-reentrant model


 *************** function _OSCILLATOR_Initialize *****************
 Defined at:
		line 60 in file "mcc_generated_files/mcc.c"
 Parameters:    Size  Location     Type
		None
 Auto vars:     Size  Location     Type
		None
 Return value:  Size  Location     Type
                  1    wreg      void 
 Registers used:
		wreg, status,2
 Tracked objects:
		On entry : 
		On exit  : 
		Unchanged: 
 Data sizes:     COMMON   BANK0   BANK1   BANK2
      Params:         0       0       0       0
      Locals:         0       0       0       0
      Temps:          0       0       0       0
      Totals:         0       0       0       0
Total ram usage:        0 bytes
 Hardware stack levels used:    1
 Hardware stack levels required when called:    4
 This function calls:
		Nothing
 This function is called by:
		_SYSTEM_Initialize
 This function uses a non-reentrant model


 *************** function _MTOUCH_Initialize *****************
 Defined at:
		line 49 in file "mcc_generated_files/mtouch/mtouch.c"
 Parameters:    Size  Location     Type
		None
 Auto vars:     Size  Location     Type
		None
 Return value:  Size  Location     Type
                  1    wreg      void 
 Registers used:
		wreg, fsr1l, fsr1h, status,2, status,0, pclath, cstack
 Tracked objects:
		On entry : 
		On exit  : 
		Unchanged: 
 Data sizes:     COMMON   BANK0   BANK1   BANK2
      Params:         0       0       0       0
      Locals:         0       0       0       0
      Temps:          0       0       0       0
      Totals:         0       0       0       0
Total ram usage:        0 bytes
 Hardware stack levels used:    1
 Hardware stack levels required when called:    7
 This function calls:
		_MTOUCH_Button_InitializeAll
		_MTOUCH_Sensor_InitializeAll
		_MTOUCH_Sensor_Sampled_ResetAll
		_MTOUCH_Sensor_Scan_Initialize
 This function is called by:
		_SYSTEM_Initialize
 This function uses a non-reentrant model


 *************** function _MTOUCH_Sensor_InitializeAll *****************
 Defined at:
		line 112 in file "mcc_generated_files/mtouch/mtouch_sensor.c"
 Parameters:    Size  Location     Type
		None
 Auto vars:     Size  Location     Type
		None
 Return value:  Size  Location     Type
                  1    wreg      void 
 Registers used:
		wreg, fsr1l, fsr1h, status,2, status,0, pclath, cstack
 Tracked objects:
		On entry : 
		On exit  : 
		Unchanged: 
 Data sizes:     COMMON   BANK0   BANK1   BANK2
      Params:         0       0       0       0
      Locals:         0       0       0       0
      Temps:          0       0       0       0
      Totals:         0       0       0       0
Total ram usage:        0 bytes
 Hardware stack levels used:    1
 Hardware stack levels required when called:    6
 This function calls:
		_MTOUCH_Sensor_Enable
		_Sensor_Sampled_Reset
 This function is called by:
		_MTOUCH_Initialize
 This function uses a non-reentrant model


 *************** function _MTOUCH_Sensor_Enable *****************
 Defined at:
		line 444 in file "mcc_generated_files/mtouch/mtouch_sensor.c"
 Parameters:    Size  Location     Type
  sensor          1    wreg     enum E2110
 Auto vars:     Size  Location     Type
  sensor          1    5[BANK0 ] enum E2110
 Return value:  Size  Location     Type
                  1    wreg      void 
 Registers used:
		wreg, fsr1l, fsr1h, status,2, status,0, pclath, cstack
 Tracked objects:
		On entry : 
		On exit  : 
		Unchanged: 
 Data sizes:     COMMON   BANK0   BANK1   BANK2
      Params:         0       0       0       0
      Locals:         0       1       0       0
      Temps:          0       1       0       0
      Totals:         0       2       0       0
Total ram usage:        2 bytes
 Hardware stack levels used:    1
 Hardware stack levels required when called:    5
 This function calls:
		___bmul
 This function is called by:
		_MTOUCH_Sensor_InitializeAll
 This function uses a non-reentrant model


 *************** function _MTOUCH_Button_InitializeAll *****************
 Defined at:
		line 130 in file "mcc_generated_files/mtouch/mtouch_button.c"
 Parameters:    Size  Location     Type
		None
 Auto vars:     Size  Location     Type
		None
 Return value:  Size  Location     Type
                  1    wreg      void 
 Registers used:
		None
 Tracked objects:
		On entry : 
		On exit  : 
		Unchanged: 
 Data sizes:     COMMON   BANK0   BANK1   BANK2
      Params:         0       0       0       0
      Locals:         0       0       0       0
      Temps:          0       0       0       0
      Totals:         0       0       0       0
Total ram usage:        0 bytes
 Hardware stack levels used:    1
 Hardware stack levels required when called:    4
 This function calls:
		Nothing
 This function is called by:
		_MTOUCH_Initialize
 This function uses a non-reentrant model


 *************** function _MTOUCH_Service_Mainloop *****************
 Defined at:
		line 63 in file "mcc_generated_files/mtouch/mtouch.c"
 Parameters:    Size  Location     Type
		None
 Auto vars:     Size  Location     Type
		None
 Return value:  Size  Location     Type
                  1    wreg      _Bool 
 Registers used:
		wreg, fsr0l, fsr0h, fsr1l, fsr1h, status,2, status,0, pclath, cstack
 Tracked objects:
		On entry : 
		On exit  : 
		Unchanged: 
 Data sizes:     COMMON   BANK0   BANK1   BANK2
      Params:         0       0       0       0
      Locals:         0       0       0       0
      Temps:          0       0       0       0
      Totals:         0       0       0       0
Total ram usage:        0 bytes
 Hardware stack levels used:    1
 Hardware stack levels required when called:   10
 This function calls:
		_MTOUCH_Button_ServiceAll
		_MTOUCH_Sensor_SampleAll
		_MTOUCH_Sensor_Sampled_ResetAll
 This function is called by:
		_main
 This function uses a non-reentrant model


 *************** function _MTOUCH_Sensor_Sampled_ResetAll *****************
 Defined at:
		line 504 in file "mcc_generated_files/mtouch/mtouch_sensor.c"
 Parameters:    Size  Location     Type
		None
 Auto vars:     Size  Location     Type
		None
 Return value:  Size  Location     Type
                  1    wreg      void 
 Registers used:
		wreg, fsr1l, fsr1h, status,2, status,0, pclath, cstack
 Tracked objects:
		On entry : 
		On exit  : 
		Unchanged: 
 Data sizes:     COMMON   BANK0   BANK1   BANK2
      Params:         0       0       0       0
      Locals:         0       0       0       0
      Temps:          0       0       0       0
      Totals:         0       0       0       0
Total ram usage:        0 bytes
 Hardware stack levels used:    1
 Hardware stack levels required when called:    5
 This function calls:
		_Sensor_Sampled_Reset
 This function is called by:
		_MTOUCH_Initialize
		_MTOUCH_Service_Mainloop
 This function uses a non-reentrant model


 *************** function _Sensor_Sampled_Reset *****************
 Defined at:
		line 515 in file "mcc_generated_files/mtouch/mtouch_sensor.c"
 Parameters:    Size  Location     Type
  sensor          1    wreg     PTR struct .
		 -> mtouch_sensor(9), 
 Auto vars:     Size  Location     Type
  sensor          1    0[BANK0 ] PTR struct .
		 -> mtouch_sensor(9), 
 Return value:  Size  Location     Type
                  1    wreg      void 
 Registers used:
		wreg, fsr1l, fsr1h, status,2, status,0
 Tracked objects:
		On entry : 
		On exit  : 
		Unchanged: 
 Data sizes:     COMMON   BANK0   BANK1   BANK2
      Params:         0       0       0       0
      Locals:         0       1       0       0
      Temps:          0       0       0       0
      Totals:         0       1       0       0
Total ram usage:        1 bytes
 Hardware stack levels used:    1
 Hardware stack levels required when called:    4
 This function calls:
		Nothing
 This function is called by:
		_MTOUCH_Sensor_InitializeAll
		_MTOUCH_Sensor_Sampled_ResetAll
 This function uses a non-reentrant model


 *************** function _MTOUCH_Sensor_SampleAll *****************
 Defined at:
		line 143 in file "mcc_generated_files/mtouch/mtouch_sensor.c"
 Parameters:    Size  Location     Type
		None
 Auto vars:     Size  Location     Type
		None
 Return value:  Size  Location     Type
                  1    wreg      void 
 Registers used:
		wreg, fsr0l, fsr0h, fsr1l, fsr1h, status,2, status,0, pclath, cstack
 Tracked objects:
		On entry : 
		On exit  : 
		Unchanged: 
 Data sizes:     COMMON   BANK0   BANK1   BANK2
      Params:         0       0       0       0
      Locals:         0       0       0       0
      Temps:          0       0       0       0
      Totals:         0       0       0       0
Total ram usage:        0 bytes
 Hardware stack levels used:    1
 Hardware stack levels required when called:    9
 This function calls:
		_Sensor_Service
 This function is called by:
		_MTOUCH_Service_Mainloop
 This function uses a non-reentrant model


 *************** function _Sensor_Service *****************
 Defined at:
		line 154 in file "mcc_generated_files/mtouch/mtouch_sensor.c"
 Parameters:    Size  Location     Type
  name            1    wreg     enum E2110
 Auto vars:     Size  Location     Type
  name            1   27[BANK0 ] enum E2110
  sensor          1   28[BANK0 ] PTR struct .
		 -> mtouch_sensor(9), 
  error           1   26[BANK0 ] enum E2112
 Return value:  Size  Location     Type
                  1    wreg      enum E2112
 Registers used:
		wreg, fsr0l, fsr0h, fsr1l, fsr1h, status,2, status,0, pclath, cstack
 Tracked objects:
		On entry : 
		On exit  : 
		Unchanged: 
 Data sizes:     COMMON   BANK0   BANK1   BANK2
      Params:         0       0       0       0
      Locals:         0       3       0       0
      Temps:          0       2       0       0
      Totals:         0       5       0       0
Total ram usage:        5 bytes
 Hardware stack levels used:    1
 Hardware stack levels required when called:    8
 This function calls:
		_Sensor_Acquisition
		_Sensor_DefaultCallback
		_Sensor_RawSample_Update
		_Sensor_setSampled
		___bmul
 This function is called by:
		_MTOUCH_Sensor_SampleAll
 This function uses a non-reentrant model


 *************** function _Sensor_setSampled *****************
 Defined at:
		line 520 in file "mcc_generated_files/mtouch/mtouch_sensor.c"
 Parameters:    Size  Location     Type
  sensor          1    wreg     PTR struct .
		 -> mtouch_sensor(9), 
 Auto vars:     Size  Location     Type
  sensor          1    0[BANK0 ] PTR struct .
		 -> mtouch_sensor(9), 
 Return value:  Size  Location     Type
                  1    wreg      void 
 Registers used:
		wreg, fsr1l, fsr1h, status,2, status,0
 Tracked objects:
		On entry : 
		On exit  : 
		Unchanged: 
 Data sizes:     COMMON   BANK0   BANK1   BANK2
      Params:         0       0       0       0
      Locals:         0       1       0       0
      Temps:          0       0       0       0
      Totals:         0       1       0       0
Total ram usage:        1 bytes
 Hardware stack levels used:    1
 Hardware stack levels required when called:    4
 This function calls:
		Nothing
 This function is called by:
		_Sensor_Service
 This function uses a non-reentrant model


 *************** function _Sensor_RawSample_Update *****************
 Defined at:
		line 399 in file "mcc_generated_files/mtouch/mtouch_sensor.c"
 Parameters:    Size  Location     Type
  sensor          1    wreg     PTR struct .
		 -> mtouch_sensor(9), 
 Auto vars:     Size  Location     Type
  sensor          1    0[BANK0 ] PTR struct .
		 -> mtouch_sensor(9), 
 Return value:  Size  Location     Type
                  1    wreg      void 
 Registers used:
		wreg, fsr1l, fsr1h, status,2, status,0
 Tracked objects:
		On entry : 
		On exit  : 
		Unchanged: 
 Data sizes:     COMMON   BANK0   BANK1   BANK2
      Params:         0       0       0       0
      Locals:         0       1       0       0
      Temps:          0       0       0       0
      Totals:         0       1       0       0
Total ram usage:        1 bytes
 Hardware stack levels used:    1
 Hardware stack levels required when called:    4
 This function calls:
		Nothing
 This function is called by:
		_Sensor_Service
 This function uses a non-reentrant model


 *************** function _Sensor_DefaultCallback *****************
 Defined at:
		line 419 in file "mcc_generated_files/mtouch/mtouch_sensor.c"
 Parameters:    Size  Location     Type
  sensor          1    0[BANK0 ] enum E2110
 Auto vars:     Size  Location     Type
		None
 Return value:  Size  Location     Type
                  1    wreg      void 
 Registers used:
		None
 Tracked objects:
		On entry : 
		On exit  : 
		Unchanged: 
 Data sizes:     COMMON   BANK0   BANK1   BANK2
      Params:         0       1       0       0
      Locals:         0       0       0       0
      Temps:          0       0       0       0
      Totals:         0       1       0       0
Total ram usage:        1 bytes
 Hardware stack levels used:    1
 Hardware stack levels required when called:    4
 This function calls:
		Nothing
 This function is called by:
		_Sensor_Service
 This function uses a non-reentrant model


 *************** function _Sensor_Acquisition *****************
 Defined at:
		line 187 in file "mcc_generated_files/mtouch/mtouch_sensor.c"
 Parameters:    Size  Location     Type
  sensor          1    wreg     PTR struct .
		 -> mtouch_sensor(9), 
 Auto vars:     Size  Location     Type
  sensor          1   23[BANK0 ] PTR struct .
		 -> mtouch_sensor(9), 
  retry           1   22[BANK0 ] unsigned char 
 Return value:  Size  Location     Type
                  1    wreg      enum E2112
 Registers used:
		wreg, fsr0l, fsr0h, fsr1l, fsr1h, status,2, status,0, pclath, cstack
 Tracked objects:
		On entry : 
		On exit  : 
		Unchanged: 
 Data sizes:     COMMON   BANK0   BANK1   BANK2
      Params:         0       0       0       0
      Locals:         0       2       0       0
      Temps:          0       4       0       0
      Totals:         0       6       0       0
Total ram usage:        6 bytes
 Hardware stack levels used:    1
 Hardware stack levels required when called:    7
 This function calls:
		_Sensor_Acq_ExecutePacket
		_Sensor_Scanfrequency_Evaluation
		_Sensor_setActive
		_Sensor_setInactive
		_abs
 This function is called by:
		_Sensor_Service
 This function uses a non-reentrant model


 *************** function _abs *****************
 Defined at:
		line 1 in file "C:\Program Files (x86)\Microchip\xc8\v2.00\pic\sources\c99\common\abs.c"
 Parameters:    Size  Location     Type
  a               2    0[BANK0 ] int 
 Auto vars:     Size  Location     Type
		None
 Return value:  Size  Location     Type
                  2    0[BANK0 ] int 
 Registers used:
		wreg, status,2, status,0
 Tracked objects:
		On entry : 
		On exit  : 
		Unchanged: 
 Data sizes:     COMMON   BANK0   BANK1   BANK2
      Params:         0       2       0       0
      Locals:         0       0       0       0
      Temps:          0       2       0       0
      Totals:         0       4       0       0
Total ram usage:        4 bytes
 Hardware stack levels used:    1
[...]
 Registers used:
		None
 Tracked objects:
		On entry : 
		On exit  : 
		Unchanged: 
 Data sizes:     COMMON   BANK0   BANK1   BANK2
      Params:         0       1       0       0
      Locals:         0       0       0       0
      Temps:          0       0       0       0
      Totals:         0       1       0       0
Total ram usage:        1 bytes
 Hardware stack levels used:    1
 Hardware stack levels required when called:    4
 This function calls:
		Nothing
 This function is called by:
		_Button_State_NotPressed
		_Button_State_Pressed
 This function uses a non-reentrant model


 *************** function _Button_Baseline_Update *****************
 Defined at:
		line 363 in file "mcc_generated_files/mtouch/mtouch_button.c"
 Parameters:    Size  Location     Type
  button          1    wreg     PTR struct .
		 -> mtouch_button(16), 
 Auto vars:     Size  Location     Type
  button          1    6[BANK0 ] PTR struct .
		 -> mtouch_button(16), 
 Return value:  Size  Location     Type
                  1    wreg      void 
 Registers used:
		wreg, fsr1l, fsr1h, status,2, status,0
 Tracked objects:
		On entry : 
		On exit  : 
		Unchanged: 
 Data sizes:     COMMON   BANK0   BANK1   BANK2
      Params:         0       0       0       0
      Locals:         0       1       0       0
      Temps:          0       6       0       0
      Totals:         0       7       0       0
Total ram usage:        7 bytes
 Hardware stack levels used:    1
 Hardware stack levels required when called:    4
 This function calls:
		Nothing
 This function is called by:
		_Button_State_Initializing
		_Button_State_NotPressed
 This function uses a non-reentrant model


 *************** function _Button_Baseline_Initialize *****************
 Defined at:
		line 357 in file "mcc_generated_files/mtouch/mtouch_button.c"
 Parameters:    Size  Location     Type
  button          1    wreg     PTR struct .
		 -> mtouch_button(16), 
 Auto vars:     Size  Location     Type
  button          1   12[BANK0 ] PTR struct .
		 -> mtouch_button(16), 
 Return value:  Size  Location     Type
                  1    wreg      void 
 Registers used:
		wreg, fsr1l, fsr1h, status,2, status,0, pclath, cstack
 Tracked objects:
		On entry : 
		On exit  : 
		Unchanged: 
 Data sizes:     COMMON   BANK0   BANK1   BANK2
      Params:         0       0       0       0
      Locals:         0       1       0       0
      Temps:          0       4       0       0
      Totals:         0       5       0       0
Total ram usage:        5 bytes
 Hardware stack levels used:    1
 Hardware stack levels required when called:    6
 This function calls:
		_MTOUCH_Sensor_RawSample_Get
 This function is called by:
		_Button_State_Initializing
 This function uses a non-reentrant model


 *************** function _Button_Reading_Update *****************
 Defined at:
		line 341 in file "mcc_generated_files/mtouch/mtouch_button.c"
 Parameters:    Size  Location     Type
  button          1    wreg     PTR struct .
		 -> mtouch_button(16), 
 Auto vars:     Size  Location     Type
  button          1   10[BANK0 ] PTR struct .
		 -> mtouch_button(16), 
 Return value:  Size  Location     Type
                  1    wreg      void 
 Registers used:
		wreg, fsr1l, fsr1h, status,2, status,0, pclath, cstack
 Tracked objects:
		On entry : 
		On exit  : 
		Unchanged: 
 Data sizes:     COMMON   BANK0   BANK1   BANK2
      Params:         0       0       0       0
      Locals:         0       1       0       0
      Temps:          0       2       0       0
      Totals:         0       3       0       0
Total ram usage:        3 bytes
 Hardware stack levels used:    1
 Hardware stack levels required when called:    6
 This function calls:
		_MTOUCH_Sensor_RawSample_Get
 This function is called by:
		_Button_Service
 This function uses a non-reentrant model


 *************** function _MTOUCH_Sensor_RawSample_Get *****************
 Defined at:
		line 392 in file "mcc_generated_files/mtouch/mtouch_sensor.c"
 Parameters:    Size  Location     Type
  name            1    wreg     enum E2110
 Auto vars:     Size  Location     Type
  name            1    7[BANK0 ] enum E2110
 Return value:  Size  Location     Type
                  2    4[BANK0 ] unsigned short 
 Registers used:
		wreg, fsr1l, fsr1h, status,2, status,0, pclath, cstack
 Tracked objects:
		On entry : 
		On exit  : 
		Unchanged: 
 Data sizes:     COMMON   BANK0   BANK1   BANK2
      Params:         0       2       0       0
      Locals:         0       1       0       0
      Temps:          0       1       0       0
      Totals:         0       4       0       0
Total ram usage:        4 bytes
 Hardware stack levels used:    1
 Hardware stack levels required when called:    5
 This function calls:
		___bmul
 This function is called by:
		_Button_Reading_Update
		_Button_Baseline_Initialize
 This function uses a non-reentrant model


 *************** function ___bmul *****************
 Defined at:
		line 4 in file "C:\Program Files (x86)\Microchip\xc8\v2.00\pic\sources\c99\common\Umul8.c"
 Parameters:    Size  Location     Type
  multiplier      1    wreg     unsigned char 
  multiplicand    1    0[BANK0 ] unsigned char 
 Auto vars:     Size  Location     Type
  multiplier      1    3[BANK0 ] unsigned char 
  product         1    2[BANK0 ] unsigned char 
 Return value:  Size  Location     Type
                  1    wreg      unsigned char 
 Registers used:
		wreg, status,2, status,0
 Tracked objects:
		On entry : 
		On exit  : 
		Unchanged: 
 Data sizes:     COMMON   BANK0   BANK1   BANK2
      Params:         0       1       0       0
      Locals:         0       2       0       0
      Temps:          0       1       0       0
      Totals:         0       4       0       0
Total ram usage:        4 bytes
 Hardware stack levels used:    1
 Hardware stack levels required when called:    4
 This function calls:
		Nothing
 This function is called by:
		_Sensor_Service
		_Sensor_Acq_ExecuteScan
		_MTOUCH_Sensor_RawSample_Get
		_MTOUCH_Sensor_Enable
		_MTOUCH_Sensor_wasSampled
		_MTOUCH_Sensor_Disable
		_MTOUCH_Sensor_isEnabled
		_MTOUCH_Sensor_isActive
 This function uses a non-reentrant model


 *************** function _Button_Deviation_Update *****************
 Defined at:
		line 296 in file "mcc_generated_files/mtouch/mtouch_button.c"
 Parameters:    Size  Location     Type
  button          1    wreg     PTR struct .
		 -> mtouch_button(16), 
 Auto vars:     Size  Location     Type
  button          1   10[BANK0 ] PTR struct .
		 -> mtouch_button(16), 
  deviation       4   11[BANK0 ] long 
 Return value:  Size  Location     Type
                  1    wreg      void 
 Registers used:
		wreg, fsr1l, fsr1h, status,2, status,0
 Tracked objects:
		On entry : 
		On exit  : 
		Unchanged: 
 Data sizes:     COMMON   BANK0   BANK1   BANK2
      Params:         0       0       0       0
      Locals:         0       5       0       0
      Temps:          0      10       0       0
      Totals:         0      15       0       0
Total ram usage:       15 bytes
 Hardware stack levels used:    1
 Hardware stack levels required when called:    4
 This function calls:
		Nothing
 This function is called by:
		_Button_Service
 This function uses a non-reentrant model


 *************** function _MTOUCH_Button_isPressed *****************
 Defined at:
		line 277 in file "mcc_generated_files/mtouch/mtouch_button.c"
 Parameters:    Size  Location     Type
  name            1    wreg     enum E2327
 Auto vars:     Size  Location     Type
  name            1    1[BANK0 ] enum E2327
 Return value:  Size  Location     Type
                  1    wreg      _Bool 
 Registers used:
		wreg, fsr1l, fsr1h, status,2, status,0
 Tracked objects:
		On entry : 
		On exit  : 
		Unchanged: 
 Data sizes:     COMMON   BANK0   BANK1   BANK2
      Params:         0       0       0       0
      Locals:         0       1       0       0
      Temps:          0       1       0       0
      Totals:         0       2       0       0
Total ram usage:        2 bytes
 Hardware stack levels used:    1
 Hardware stack levels required when called:    4
 This function calls:
		Nothing
 This function is called by:
		_main
		_MTOUCH_Button_Buttonmask_Get
 This function uses a non-reentrant model


 *************** function _INTERRUPT_InterruptManager *****************
 Defined at:
		line 52 in file "mcc_generated_files/interrupt_manager.c"
 Parameters:    Size  Location     Type
		None
 Auto vars:     Size  Location     Type
		None
 Return value:  Size  Location     Type
                  1    wreg      void 
 Registers used:
		wreg, fsr0l, fsr0h, fsr1l, fsr1h, status,2, status,0, pclath, cstack
 Tracked objects:
		On entry : 
		On exit  : 
		Unchanged: 
 Data sizes:     COMMON   BANK0   BANK1   BANK2
      Params:         0       0       0       0
      Locals:         0       0       0       0
      Temps:          0       0       0       0
      Totals:         0       0       0       0
Total ram usage:        0 bytes
 Hardware stack levels used:    1
 Hardware stack levels required when called:    3
 This function calls:
		_TMR2_ISR
 This function is called by:
		Interrupt level 1
 This function uses a non-reentrant model


 *************** function _TMR2_ISR *****************
 Defined at:
		line 119 in file "mcc_generated_files/tmr2.c"
 Parameters:    Size  Location     Type
		None
 Auto vars:     Size  Location     Type
		None
 Return value:  Size  Location     Type
                  1    wreg      void 
 Registers used:
		wreg, fsr0l, fsr0h, fsr1l, fsr1h, status,2, status,0, pclath, cstack
 Tracked objects:
		On entry : 
		On exit  : 
		Unchanged: 
 Data sizes:     COMMON   BANK0   BANK1   BANK2
      Params:         0       0       0       0
      Locals:         0       0       0       0
      Temps:          0       0       0       0
      Totals:         0       0       0       0
Total ram usage:        0 bytes
 Hardware stack levels used:    1
 Hardware stack levels required when called:    2
 This function calls:
		Absolute function
		_Sensor_Acq_ExecuteScan
		_TMR2_DefaultInterruptHandler
 This function is called by:
		_INTERRUPT_InterruptManager
 This function uses a non-reentrant model


 *************** function _Sensor_Acq_ExecuteScan *****************
 Defined at:
		line 285 in file "mcc_generated_files/mtouch/mtouch_sensor.c"
 Parameters:    Size  Location     Type
		None
 Auto vars:     Size  Location     Type
  result          2    6[COMMON] unsigned short 
 Return value:  Size  Location     Type
                  1    wreg      void 
 Registers used:
		wreg, fsr0l, fsr0h, fsr1l, fsr1h, status,2, status,0, pclath, cstack
 Tracked objects:
		On entry : 
		On exit  : 
		Unchanged: 
 Data sizes:     COMMON   BANK0   BANK1   BANK2
      Params:         0       0       0       0
      Locals:         2       0       0       0
      Temps:          2       0       0       0
      Totals:         4       0       0       0
Total ram usage:        4 bytes
 Hardware stack levels used:    1
 Hardware stack levels required when called:    1
 This function calls:
		_MTOUCH_CVD_ScanA_0
		_MTOUCH_CVD_ScanB_0
		i1___bmul
		i1_abs
 This function is called by:
		_Sensor_Acq_ExecutePacket
		_TMR2_ISR
 This function uses a non-reentrant model


 *************** function _TMR2_DefaultInterruptHandler *****************
 Defined at:
		line 136 in file "mcc_generated_files/tmr2.c"
 Parameters:    Size  Location     Type
		None
 Auto vars:     Size  Location     Type
		None
 Return value:  Size  Location     Type
                  1    wreg      void 
 Registers used:
		None
 Tracked objects:
		On entry : 
		On exit  : 
		Unchanged: 
 Data sizes:     COMMON   BANK0   BANK1   BANK2
      Params:         0       0       0       0
      Locals:         0       0       0       0
      Temps:          0       0       0       0
      Totals:         0       0       0       0
Total ram usage:        0 bytes
 Hardware stack levels used:    1
 This function calls:
		Nothing
 This function is called by:
		_TMR2_Initialize
		_TMR2_ISR
 This function uses a non-reentrant model


 *************** function i1_abs *****************
 Defined at:
		line 1 in file "C:\Program Files (x86)\Microchip\xc8\v2.00\pic\sources\c99\common\abs.c"
 Parameters:    Size  Location     Type
  a               2    0[COMMON] int 
 Auto vars:     Size  Location     Type
		None
 Return value:  Size  Location     Type
                  2    0[COMMON] int 
 Registers used:
		wreg, status,2, status,0
 Tracked objects:
		On entry : 
		On exit  : 
		Unchanged: 
 Data sizes:     COMMON   BANK0   BANK1   BANK2
      Params:         2       0       0       0
      Locals:         0       0       0       0
      Temps:          2       0       0       0
      Totals:         4       0       0       0
Total ram usage:        4 bytes
 Hardware stack levels used:    1
 This function calls:
		Nothing
 This function is called by:
		_Sensor_Acq_ExecuteScan
 This function uses a non-reentrant model


 *************** function i1___bmul *****************
 Defined at:
		line 4 in file "C:\Program Files (x86)\Microchip\xc8\v2.00\pic\sources\c99\common\Umul8.c"
 Parameters:    Size  Location     Type
  multiplier      1    wreg     unsigned char 
  multiplicand    1    0[COMMON] unsigned char 
 Auto vars:     Size  Location     Type
  multiplier      1    2[COMMON] unsigned char 
  __bmul          1    3[COMMON] unsigned char 
 Return value:  Size  Location     Type
                  1    wreg      unsigned char 
 Registers used:
		wreg, status,2, status,0
 Tracked objects:
		On entry : 
		On exit  : 
		Unchanged: 
 Data sizes:     COMMON   BANK0   BANK1   BANK2
      Params:         1       0       0       0
      Locals:         2       0       0       0
      Temps:          1       0       0       0
      Totals:         4       0       0       0
Total ram usage:        4 bytes
 Hardware stack levels used:    1
 This function calls:
		Nothing
 This function is called by:
		_Sensor_Acq_ExecuteScan
 This function uses a non-reentrant model


 *************** function _MTOUCH_CVD_ScanB_0 *****************
 Defined at:
		line 131 in file "mcc_generated_files/mtouch/mtouch_sensor_scan.c"
 Parameters:    Size  Location     Type
		None
 Auto vars:     Size  Location     Type
		None
 Return value:  Size  Location     Type
                  1    wreg      void 
 Registers used:
		wreg
 Tracked objects:
		On entry : 
		On exit  : 
		Unchanged: 
 Data sizes:     COMMON   BANK0   BANK1   BANK2
      Params:         0       0       0       0
      Locals:         0       0       0       0
      Temps:          0       0       0       0
      Totals:         0       0       0       0
Total ram usage:        0 bytes
 Hardware stack levels used:    1
 This function calls:
		Nothing
 This function is called by:
		_Sensor_Acq_ExecuteScan
 This function uses a non-reentrant model


 *************** function _MTOUCH_CVD_ScanA_0 *****************
 Defined at:
		line 62 in file "mcc_generated_files/mtouch/mtouch_sensor_scan.c"
 Parameters:    Size  Location     Type
		None
 Auto vars:     Size  Location     Type
		None
 Return value:  Size  Location     Type
                  1    wreg      void 
 Registers used:
		wreg
 Tracked objects:
		On entry : 
		On exit  : 
		Unchanged: 
 Data sizes:     COMMON   BANK0   BANK1   BANK2
      Params:         0       0       0       0
      Locals:         0       0       0       0
      Temps:          0       0       0       0
      Totals:         0       0       0       0
Total ram usage:        0 bytes
 Hardware stack levels used:    1
 This function calls:
		Nothing
 This function is called by:
		_Sensor_Acq_ExecuteScan
 This function uses a non-reentrant model



MODULE INFORMATION

Module		Function		Class		Link	Load	Size
mcc_generated_files/mtouch/mtouch_button.c
		_Button_Deviation_Update		CODE           	00E2	0000	149
		_MTOUCH_Button_isPressed		CODE           	06B9	0000	25
		_MTOUCH_Button_InitializeAll		CODE           	07DA	0000	2
		_Button_Baseline_Update		CODE           	0204	0000	140
		_Button_State_Pressed		CODE           	04AC	0000	79
		_Button_Reading_Update		CODE           	0318	0000	108
		_Button_DefaultCallback		CODE           	07DC	0000	2
		_Button_State_NotPressed		CODE           	0176	0000	143
		_Button_Service		CODE           	04FA	0000	70
		_Button_State_Initializing		CODE           	03EB	0000	99
		_MTOUCH_Button_ServiceAll		CODE           	07C8	0000	6
		_Button_Baseline_Initialize		CODE           	057E	0000	45

mcc_generated_files/mtouch/mtouch_button.c estimated size: 868

mcc_generated_files/tmr2.c
		_TMR2_ISR      		CODE           	0750	0000	16
		_TMR2_LoadPeriodRegister		CODE           	07C3	0000	6
		_TMR2_Initialize		CODE           	06FC	0000	20
		_TMR2_SetInterruptHandler		CODE           	07AE	0000	7
		_TMR2_StopTimer		CODE           	07D1	0000	4
		_TMR2_DefaultInterruptHandler		CODE           	07DD	0000	2
		_TMR2_StartTimer		CODE           	07D4	0000	4

mcc_generated_files/tmr2.c estimated size: 59

mcc_generated_files/interrupt_manager.c
		_INTERRUPT_InterruptManager		CODE           	0004	0000	26

mcc_generated_files/interrupt_manager.c estimated size: 26

mcc_generated_files/mtouch/mtouch.c
		_MTOUCH_Initialize		CODE           	075F	0000	14
		_MTOUCH_Service_Mainloop		CODE           	076C	0000	12

mcc_generated_files/mtouch/mtouch.c estimated size: 26

mcc_generated_files/pin_manager.c
		_PIN_MANAGER_Initialize		CODE           	06D1	0000	23

mcc_generated_files/pin_manager.c estimated size: 23

mcc_generated_files/mtouch/mtouch_sensor_scan.c
		_MTOUCH_CVD_ScanA_0		CODE           	05F4	0000	37
		_MTOUCH_CVD_ScanB_0		CODE           	05D0	0000	37

mcc_generated_files/mtouch/mtouch_sensor_scan.c estimated size: 74

C:\Program Files (x86)\Microchip\xc8\v2.00\pic\sources\c99\common\abs.c
		_abs           		CODE           	0618	0000	30

C:\Program Files (x86)\Microchip\xc8\v2.00\pic\sources\c99\common\abs.c estimated size: 30

shared
		i1_abs         		CODE           	066B	0000	28
		Sensor_Scanfrequency_Evaluation@frequency_hop		STRCODE        	07B4	0000	6
		__initialization		CODE           	001E	0000	24
		i1___bmul      		CODE           	06A0	0000	26

shared estimated size: 84

mcc_generated_files/mcc.c
		_WDT_Initialize		CODE           	07CD	0000	5
		_OSCILLATOR_Initialize		CODE           	0780	0000	9
		_SYSTEM_Initialize		CODE           	0721	0000	17

mcc_generated_files/mcc.c estimated size: 31

C:\Program Files (x86)\Microchip\xc8\v2.00\pic\sources\c99\common\Umul8.c
		___bmul        		CODE           	0686	0000	27

C:\Program Files (x86)\Microchip\xc8\v2.00\pic\sources\c99\common\Umul8.c estimated size: 27

main.c
		_main          		CODE           	0635	0000	28

main.c estimated size: 28

mcc_generated_files/mtouch/mtouch_sensor.c
		_Sensor_Acq_ExecutePacket		CODE           	0383	0000	105
		_Sensor_Acquisition		CODE           	044D	0000	96
		_Sensor_Sampled_Reset		CODE           	0788	0000	9
		_MTOUCH_Sensor_InitializeAll		CODE           	0741	0000	16
		_Sensor_DefaultCallback		CODE           	07DB	0000	2
		_MTOUCH_Sensor_isCalibrated		CODE           	07D7	0000	4
		_MTOUCH_Sensor_Sampled_ResetAll		CODE           	07B9	0000	6
		_Sensor_setActive		CODE           	07A0	0000	9
		_Sensor_Scanfrequency_Evaluation		CODE           	028F	0000	138
		_MTOUCH_Sensor_Enable		CODE           	0731	0000	17
		_Sensor_Acq_ExecuteScan		CODE           	0038	0000	171
		_Sensor_setSampled		CODE           	0790	0000	9
		_MTOUCH_Sensor_RawSample_Get		CODE           	06E7	0000	22
		_MTOUCH_Sensor_SampleAll		CODE           	07BE	0000	6
		_MTOUCH_Sensor_wasSampled		CODE           	070F	0000	19
		_Sensor_Service		CODE           	053F	0000	64
		_MTOUCH_Sensor_Scan_Initialize		CODE           	0777	0000	10
		_Sensor_RawSample_Update		CODE           	0650	0000	28
		_Sensor_setInactive		CODE           	0798	0000	9

mcc_generated_files/mtouch/mtouch_sensor.c estimated size: 740

