Microchip MPLAB XC8 Compiler V2.00 ()

Linker command line:

-W-3 --edf=C:\Program Files (x86)\Microchip\xc8\v2.00\pic\dat\en_msgs.txt \
  -cs -h+dist/default/production\BLDCDEMO2.X.production.sym \
  --cmf=dist/default/production\BLDCDEMO2.X.production.cmf -z -Q16F1936 \
  -oC:\Users\zhgao\AppData\Local\Temp\s584.2 \
  -Mdist/default/production/BLDCDEMO2.X.production.map -E1 -ver=XC8 \
  --acfsm=1493 -ASTACK=02034h-021efh -pstack=STACK -ACODE=00h-07FFhx4 \
  -ASTRCODE=00h-01FFFh -ASTRING=00h-0FFhx32 -ACONST=00h-0FFhx32 \
  -AENTRY=00h-0FFhx32 -ACOMMON=070h-07Fh -ABANK0=020h-06Fh \
  -ABANK1=0A0h-0EFh -ABANK2=0120h-016Fh -ABANK3=01A0h-01EFh \
  -ABANK4=0220h-026Fh -ABANK5=02A0h-02EFh -ABANK6=0320h-032Fh \
  -ABIGRAM=02000h-021EFh \
  -ARAM=020h-06Fh,0A0h-0EFh,0120h-016Fh,01A0h-01EFh,0220h-026Fh,02A0h-02EFh,0320h-032Fh \
  -AABS1=020h-07Fh,0A0h-0EFh,0120h-016Fh,01A0h-01EFh,0220h-026Fh,02A0h-02EFh,0320h-032Fh \
  -ASFR0=00h-01Fh -ASFR1=080h-09Fh -ASFR2=0100h-011Fh -ASFR3=0180h-019Fh \
  -ASFR4=0200h-021Fh -ASFR5=0280h-029Fh -ASFR6=0300h-031Fh \
  -ASFR7=0380h-03EFh -ASFR8=0400h-046Fh -ASFR9=0480h-04EFh \
  -ASFR10=0500h-056Fh -ASFR11=0580h-05EFh -ASFR12=0600h-066Fh \
  -ASFR13=0680h-06EFh -ASFR14=0700h-076Fh -ASFR15=0780h-07EFh \
  -ASFR16=0800h-086Fh -ASFR17=0880h-08EFh -ASFR18=0900h-096Fh \
  -ASFR19=0980h-09EFh -ASFR20=0A00h-0A6Fh -ASFR21=0A80h-0AEFh \
  -ASFR22=0B00h-0B6Fh -ASFR23=0B80h-0BEFh -ASFR24=0C00h-0C6Fh \
  -ASFR25=0C80h-0CEFh -ASFR26=0D00h-0D6Fh -ASFR27=0D80h-0DEFh \
  -ASFR28=0E00h-0E6Fh -ASFR29=0E80h-0EEFh -ASFR30=0F00h-0F6Fh \
  -ASFR31=0F80h-0FEFh -preset_vec=00h,intentry=04h,init,end_init \
  -ppowerup=CODE -pcinit=CODE -pfunctab=ENTRY -ACONFIG=08007h-08008h \
  -pconfig=CONFIG -DCONFIG=2 -AIDLOC=08000h-08003h -pidloc=IDLOC -DIDLOC=2 \
  -AEEDATA=00h-0FFh/0F000h -peeprom_data=EEDATA -DEEDATA=2 -DCODE=2 \
  -DSTRCODE=2 -DSTRING=2 -DCONST=2 -DENTRY=2 -k \
  C:\Users\zhgao\AppData\Local\Temp\s584.o \
  dist/default/production\BLDCDEMO2.X.production.o 

Object code version is 3.11

Machine type is 16F1936



                Name                               Link     Load   Length Selector   Space Scale
C:\Users\zhgao\AppData\Local\Temp\s584.o
                end_init                            135      135        2        8       0
                reset_vec                             0        0        2        0       0
                config                             8007     8007        2    1000E       0
dist/default/production\BLDCDEMO2.X.production.o
                cinit                               137      137       1A        8       0
                intentry                              4        4      131        8       0
                text42                              608      608       45      A42       0
                text41                              F77      F77        3     1EEE       0
                text40                              F7A      F7A        3     1EF4       0
                text39                              F7D      F7D        3     1EFA       0
                text38                              F80      F80        3     1F00       0
                text37                              F83      F83        3     1F06       0
                text36                              F86      F86        3     1F0C       0
                text35                              F89      F89        3     1F12       0
                text34                              F8C      F8C        3     1F18       0
                text33                              F8F      F8F        3     1F1E       0
                text32                              F92      F92        3     1F24       0
                text31                              F95      F95        3     1F2A       0
                text30                              F98      F98        3     1F30       0
                text29                              76C      76C       22      A42       0
                text28                              415      415       B8      6A2       0
                text27                              74A      74A       22      A42       0
                text25                              5C2      5C2       46      A42       0
                text24                              FA4      FA4        7     1F48       0
                text23                              FAB      FAB        7     1F56       0
                text22                              FB2      FB2        7     1F64       0
                text21                              FB9      FB9        7     1F72       0
                text20                              FC0      FC0        7     1F80       0
                text19                              FC7      FC7        7     1F8E       0
                text18                              FCE      FCE        7     1F9C       0
                text17                              FD5      FD5        7     1FAA       0
                text16                              FDC      FDC        7     1FB8       0
                text15                              7F9      7F9        7      A42       0
                text14                              7F2      7F2        7      A42       0
                text13                              7EB      7EB        7      A42       0
                text12                              705      705       23      A42       0
                text11                              351      351       C4      6A2       0
                text10                              728      728       22      A42       0
                text9                               64D      64D       3E      A42       0
                text8                               6E2      6E2       23      A42       0
                text7                               521      521       53      A42       0
                text6                               FE3      FE3       1D     1FC6       0
                text5                               7CD      7CD       1E      A42       0
                text4                               6BD      6BD       25      A42       0
                text3                               574      574       4E      A42       0
                text2                               68B      68B       32      A42       0
                text1                               78E      78E       21      A42       0
                maintext                            7AF      7AF       1E      A42       0
                cstackBANK0                          3C       3C       12       20       1
                cstackCOMMON                         70       70        D       70       1
                clrtext                             F9E      F9E        6     1F3C       0
                dataBANK0                            50       50        3       20       1
                bssBANK0                             20       20       1C       20       1
                bitbssBANK0                         270       4E        C       20       1     8
                bitnvBANK0                          298       53        1       20       1     8
                stringtext2                         4CD      4CD       54      99A       0
                stringtext1                         151      151      200      2A2       0
                idataBANK0                          F9B      F9B        3     1F36       0

TOTAL           Name                               Link     Load   Length     Space
        CLASS   STACK          

        CLASS   CODE           
                end_init                            135      135        2         0
                cinit                               137      137       1A         0
                intentry                              4        4      131         0
                reset_vec                             0        0        2         0
                text42                              608      608       45         0
                text41                              F77      F77        3         0
                text40                              F7A      F7A        3         0
                text39                              F7D      F7D        3         0
                text38                              F80      F80        3         0
                text37                              F83      F83        3         0
                text36                              F86      F86        3         0
                text35                              F89      F89        3         0
                text34                              F8C      F8C        3         0
                text33                              F8F      F8F        3         0
                text32                              F92      F92        3         0
                text31                              F95      F95        3         0
                text30                              F98      F98        3         0
                text29                              76C      76C       22         0
                text28                              415      415       B8         0
                text27                              74A      74A       22         0
                text25                              5C2      5C2       46         0
                text24                              FA4      FA4        7         0
                text23                              FAB      FAB        7         0
                text22                              FB2      FB2        7         0
                text21                              FB9      FB9        7         0
                text20                              FC0      FC0        7         0
                text19                              FC7      FC7        7         0
                text18                              FCE      FCE        7         0
                text17                              FD5      FD5        7         0
                text16                              FDC      FDC        7         0
                text15                              7F9      7F9        7         0
                text14                              7F2      7F2        7         0
                text13                              7EB      7EB        7         0
                text12                              705      705       23         0
                text11                              351      351       C4         0
                text10                              728      728       22         0
                text9                               64D      64D       3E         0
                text8                               6E2      6E2       23         0
                text7                               521      521       53         0
                text6                               FE3      FE3       1D         0
                text5                               7CD      7CD       1E         0
                text4                               6BD      6BD       25         0
                text3                               574      574       4E         0
                text2                               68B      68B       32         0
                text1                               78E      78E       21         0
                maintext                            7AF      7AF       1E         0
                clrtext                             F9E      F9E        6         0
                idataBANK0                          F9B      F9B        3         0

        CLASS   STRCODE        
                stringtext2                         4CD      4CD       54         0
                stringtext1                         151      151      200         0

        CLASS   STRING         

        CLASS   CONST          

        CLASS   ENTRY          

        CLASS   COMMON         
                cstackCOMMON                         70       70        D         1

        CLASS   BANK0          
                cstackBANK0                          3C       3C       12         1
                dataBANK0                            50       50        3         1
                bssBANK0                             20       20       1C         1
                bitbssBANK0                         270       4E        C         1
                bitnvBANK0                          298       53        1         1

        CLASS   BANK1          

        CLASS   BANK2          

        CLASS   BANK3          

        CLASS   BANK4          

        CLASS   BANK5          

        CLASS   BANK6          

        CLASS   BIGRAM         

        CLASS   RAM            

        CLASS   ABS1           
                abs_s1                               7E       7E        2         1

        CLASS   SFR0           

        CLASS   SFR1           

        CLASS   SFR2           

        CLASS   SFR3           

        CLASS   SFR4           

        CLASS   SFR5           

        CLASS   SFR6           

        CLASS   SFR7           

        CLASS   SFR8           

        CLASS   SFR9           

        CLASS   SFR10          

        CLASS   SFR11          

        CLASS   SFR12          

        CLASS   SFR13          

        CLASS   SFR14          

        CLASS   SFR15          

        CLASS   SFR16          

        CLASS   SFR17          

        CLASS   SFR18          

        CLASS   SFR19          

        CLASS   SFR20          

        CLASS   SFR21          

        CLASS   SFR22          

        CLASS   SFR23          

        CLASS   SFR24          

        CLASS   SFR25          

        CLASS   SFR26          

        CLASS   SFR27          

        CLASS   SFR28          

        CLASS   SFR29          

        CLASS   SFR30          

        CLASS   SFR31          

        CLASS   CONFIG         
                config                             8007     8007        2         0

        CLASS   IDLOC          

        CLASS   EEDATA         

        CLASS   BANK31         

        CLASS   BANK30         

        CLASS   BANK29         

        CLASS   BANK28         

        CLASS   BANK27         

        CLASS   BANK26         

        CLASS   BANK25         

        CLASS   BANK24         

        CLASS   BANK23         

        CLASS   BANK22         

        CLASS   BANK21         

        CLASS   BANK20         

        CLASS   BANK19         

        CLASS   BANK18         

        CLASS   BANK17         

        CLASS   BANK16         

        CLASS   BANK15         

        CLASS   BANK14         

        CLASS   BANK13         

        CLASS   BANK12         

        CLASS   BANK11         

        CLASS   BANK10         

        CLASS   BANK9          

        CLASS   BANK8          

        CLASS   BANK7          



SEGMENTS        Name                           Load    Length   Top    Selector   Space  Class     Delta

                reset_vec                      000000  000002  000002         0       0  CODE        2
                intentry                       000004  00014D  000151         8       0  CODE        2
                bssBANK0                       000020  000034  000054        20       1  BANK0       1
                cstackCOMMON                   000070  00000D  00007D        70       1  COMMON      1
                stringtext1                    000151  000200  000351       2A2       0  STRCODE     2
                text11                         000351  00017C  0004CD       6A2       0  CODE        2
                stringtext2                    0004CD  000054  000521       99A       0  STRCODE     2
                text7                          000521  0002DF  000800       A42       0  CODE        2
                text41                         000F77  000003  000F7A      1EEE       0  CODE        2
                text40                         000F7A  000003  000F7D      1EF4       0  CODE        2
                text39                         000F7D  000003  000F80      1EFA       0  CODE        2
                text38                         000F80  000003  000F83      1F00       0  CODE        2
                text37                         000F83  000003  000F86      1F06       0  CODE        2
                text36                         000F86  000003  000F89      1F0C       0  CODE        2
                text35                         000F89  000003  000F8C      1F12       0  CODE        2
                text34                         000F8C  000003  000F8F      1F18       0  CODE        2
                text33                         000F8F  000003  000F92      1F1E       0  CODE        2
                text32                         000F92  000003  000F95      1F24       0  CODE        2
                text31                         000F95  000003  000F98      1F2A       0  CODE        2
                text30                         000F98  000003  000F9B      1F30       0  CODE        2
                idataBANK0                     000F9B  000003  000F9E      1F36       0  CODE        2
                clrtext                        000F9E  000006  000FA4      1F3C       0  CODE        2
                text24                         000FA4  000007  000FAB      1F48       0  CODE        2
                text23                         000FAB  000007  000FB2      1F56       0  CODE        2
                text22                         000FB2  000007  000FB9      1F64       0  CODE        2
                text21                         000FB9  000007  000FC0      1F72       0  CODE        2
                text20                         000FC0  000007  000FC7      1F80       0  CODE        2
                text19                         000FC7  000007  000FCE      1F8E       0  CODE        2
                text18                         000FCE  000007  000FD5      1F9C       0  CODE        2
                text17                         000FD5  000007  000FDC      1FAA       0  CODE        2
                text16                         000FDC  000007  000FE3      1FB8       0  CODE        2
                text6                          000FE3  00001D  001000      1FC6       0  CODE        2
                config                         008007  000002  008009     1000E       0  CONFIG      2


UNUSED ADDRESS RANGES

        Name                Unused          Largest block    Delta
        BANK0            00054-0006F              1C           1
        BANK1            000A0-000EF              50           1
        BANK2            00120-0016F              50           1
        BANK3            001A0-001EF              50           1
        BANK4            00220-0026F              50           1
        BANK5            002A0-002EF              50           1
        BANK6            00320-0032F              10           1
        BIGRAM           02000-021EF             1F0           1
        CODE             00002-00003               2           2
                         00800-00F76             777
                         01000-01FFF             800
        COMMON           0007D-0007D               1           1
        CONST            00002-00003               2           2
                         00800-00F76             100
                         01000-01FFF             100
        EEDATA           0F000-0F0FF             100           2
        ENTRY            00002-00003               2           2
                         00800-00F76             100
                         01000-01FFF             100
        IDLOC            08000-08003               4           2
        RAM              00054-0006F              1C           1
                         000A0-000EF              50
                         00120-0016F              50
                         001A0-001EF              50
                         00220-0026F              50
                         002A0-002EF              50
                         00320-0032F              10
        SFR0             00000-0001F              20           1
        SFR1             00080-0009F              20           1
        SFR10            00500-0056F              70           1
        SFR11            00580-005EF              70           1
        SFR12            00600-0066F              70           1
        SFR13            00680-006EF              70           1
        SFR14            00700-0076F              70           1
        SFR15            00780-007EF              70           1
        SFR16            00800-0086F              70           1
        SFR17            00880-008EF              70           1
        SFR18            00900-0096F              70           1
        SFR19            00980-009EF              70           1
        SFR2             00100-0011F              20           1
        SFR20            00A00-00A6F              70           1
        SFR21            00A80-00AEF              70           1
        SFR22            00B00-00B6F              70           1
        SFR23            00B80-00BEF              70           1
        SFR24            00C00-00C6F              70           1
        SFR25            00C80-00CEF              70           1
        SFR26            00D00-00D6F              70           1
        SFR27            00D80-00DEF              70           1
        SFR28            00E00-00E6F              70           1
        SFR29            00E80-00EEF              70           1
        SFR3             00180-0019F              20           1
        SFR30            00F00-00F6F              70           1
        SFR31            00F80-00FEF              70           1
        SFR4             00200-0021F              20           1
        SFR5             00280-0029F              20           1
        SFR6             00300-0031F              20           1
        SFR7             00380-003EF              70           1
        SFR8             00400-0046F              70           1
        SFR9             00480-004EF              70           1
        STACK            02034-021EF             1BC           1
        STRCODE          00002-00003               2           2
                         00800-00F76             777
                         01000-01FFF            1000
        STRING           00002-00003               2           2
                         00800-00F76             100
                         01000-01FFF             100

                                  Symbol Table

?___wmul                   cstackBANK0  0003F
?i1___wmul                 cstackCOMMON 00070
FindTableIndex@duty_cycle  cstackBANK0  0003F
FindTableIndex@index       cstackBANK0  00045
GetCCPVal@speed            cstackBANK0  00043
ISR@ctemp                  cstackCOMMON 0007C
SpeedManager@sravg         bssBANK0     0002E
SpeedManager@srsum         bssBANK0     00030
_ADCON0                    (abs)        0009D
_ADRESH                    (abs)        0009C
_ANSA0                     (abs)        00C60
_ANSA1                     (abs)        00C61
_ANSA3                     (abs)        00C63
_ANSA5                     (abs)        00C65
_ANSB3                     (abs)        00C6B
_C1IE                      (abs)        00495
_C1IF                      (abs)        00095
_CARRY                     (abs)        00018
_CCP1CON                   (abs)        00293
_CCPR1L                    (abs)        00291
_CCP_Values                stringtext1  00151
_CM1CON0                   (abs)        00111
_CM1CON1                   (abs)        00112
_CommOffset                bssBANK0     00020
_Commutate                 text10       00728
_ControlSlowStart          text9        0064D
_ControlStartUp            text8        006E2
_DC1B0                     (abs)        0149C
_DC1B1                     (abs)        0149D
_FindTableIndex            text4        006BD
_GIE                       (abs)        0005F
_GO_nDONE                  (abs)        004E9
_GetCCPVal                 text3        00574
_ISR                       intentry     00004
_InitDriver                text2        0068B
_InitSystem                text7        00521
_LATB6                     (abs)        0086E
_LATB7                     (abs)        0086F
_LATC0                     (abs)        00870
_LATC1                     (abs)        00871
_LATC5                     (abs)        00875
_MC1OUT                    (abs)        008A8
_OPTION_REG                (abs)        00095
_OSCCON                    (abs)        00099
_PEIE                      (abs)        0005E
_PR2                       (abs)        0001B
_PSTR1CON                  (abs)        00296
_STR1A                     (abs)        014B0
_STR1B                     (abs)        014B1
_STR1C                     (abs)        014B2
_StallControl              text6        00FE3
_T1CON                     (abs)        00018
_T2CON                     (abs)        0001C
_TMR0                      (abs)        00015
_TMR0IF                    (abs)        0005A
_TMR0_duty_flag            bitbssBANK0  0027B
_TMR0_duty_timer           bssBANK0     0003B
_TMR0_slow_start_flag      bitbssBANK0  00275
_TMR0_slow_start_timer     bssBANK0     00035
_TMR0_stall_flag           bitbssBANK0  00274
_TMR0_stall_timer          bssBANK0     00039
_TMR0_startup_flag         bitbssBANK0  00277
_TMR0_startup_timer        bssBANK0     00034
_TMR0_warmup_flag          bitbssBANK0  00276
_TMR0_warmup_timer         bssBANK0     00033
_TMR1H                     (abs)        00017
_TMR1IE                    (abs)        00488
_TMR1IF                    (abs)        00088
_TMR1L                     (abs)        00016
_TMR1ON                    (abs)        000C0
_TMR1_comm_time            bssBANK0     00028
_TRISA                     (abs)        0008C
_TRISB                     (abs)        0008D
_TRISC                     (abs)        0008E
_TimeBaseManager           text5        007CD
_UHoff                     text23       00FAB
_UHoff$intlevel0           text23       00FAF
_UHon                      text22       00FB2
_UHon$intlevel0            text22       00FB6
_ULoff                     text21       00FB9
_ULoff$intlevel0           text21       00FBD
_ULon                      text20       00FC0
_ULon$intlevel0            text20       00FC4
_VHoff                     text19       00FC7
_VHoff$intlevel0           text19       00FCB
_VHon                      text18       00FCE
_VHon$intlevel0            text18       00FD2
_VLoff                     text17       00FD5
_VLoff$intlevel0           text17       00FD9
_VLon                      text16       00FDC
_VLon$intlevel0            text16       00FE0
_WHoff                     text15       007F9
_WHoff$intlevel0           text15       007FD
_WHon                      text14       007F2
_WHon$intlevel0            text14       007F6
_WLoff                     text13       007EB
_WLoff$intlevel0           text13       007EF
_WLon                      text24       00FA4
_WLon$intlevel0            text24       00FA8
_WarmUpControl             text1        0078E
__CFG_BOREN$ON             (abs)        00000
__CFG_BORV$LO              (abs)        00000
__CFG_CLKOUTEN$OFF         (abs)        00000
__CFG_CP$OFF               (abs)        00000
__CFG_CPD$OFF              (abs)        00000
__CFG_FCMEN$OFF            (abs)        00000
__CFG_FOSC$INTOSC          (abs)        00000
__CFG_IESO$OFF             (abs)        00000
__CFG_LVP$OFF              (abs)        00000
__CFG_MCLRE$OFF            (abs)        00000
__CFG_PLLEN$OFF            (abs)        00000
__CFG_PWRTE$ON             (abs)        00000
__CFG_STVREN$OFF           (abs)        00000
__CFG_VCAPEN$OFF           (abs)        00000
__CFG_WDTE$ON              (abs)        00000
__CFG_WRT$ALL              (abs)        00000
__Habs1                    abs1         00000
__Hbank0                   bank0        00000
__Hbank1                   bank1        00000
__Hbank10                  bank10       00000
__Hbank11                  bank11       00000
__Hbank12                  bank12       00000
__Hbank13                  bank13       00000
__Hbank14                  bank14       00000
__Hbank15                  bank15       00000
__Hbank16                  bank16       00000
__Hbank17                  bank17       00000
__Hbank18                  bank18       00000
__Hbank19                  bank19       00000
__Hbank2                   bank2        00000
__Hbank20                  bank20       00000
__Hbank21                  bank21       00000
__Hbank22                  bank22       00000
__Hbank23                  bank23       00000
__Hbank24                  bank24       00000
__Hbank25                  bank25       00000
__Hbank26                  bank26       00000
__Hbank27                  bank27       00000
__Hbank28                  bank28       00000
__Hbank29                  bank29       00000
__Hbank3                   bank3        00000
__Hbank30                  bank30       00000
__Hbank31                  bank31       00000
__Hbank4                   bank4        00000
__Hbank5                   bank5        00000
__Hbank6                   bank6        00000
__Hbank7                   bank7        00000
__Hbank8                   bank8        00000
__Hbank9                   bank9        00000
__Hbigram                  bigram       00000
__HbitbssBANK0             bitbssBANK0  00000
__HbitnvBANK0              bitnvBANK0   00000
__HbssBANK0                bssBANK0     00000
__Hcinit                   cinit        00151
__Hclrtext                 clrtext      00000
__Hcode                    code         00000
__Hcommon                  common       00000
__Hconfig                  config       08009
__HcstackBANK0             cstackBANK0  00000
__HcstackCOMMON            cstackCOMMON 00000
__HdataBANK0               dataBANK0    00000
__Heeprom_data             eeprom_data  00000
__Hend_init                end_init     00137
__Hfunctab                 functab      00000
__HidataBANK0              idataBANK0   00000
__Hidloc                   idloc        00000
__Hinit                    init         00135
__Hintentry                intentry     00135
__Hmaintext                maintext     00000
__Hpowerup                 powerup      00000
__Hram                     ram          00000
__Hreset_vec               reset_vec    00002
__Hsfr0                    sfr0         00000
__Hsfr1                    sfr1         00000
__Hsfr10                   sfr10        00000
__Hsfr11                   sfr11        00000
__Hsfr12                   sfr12        00000
__Hsfr13                   sfr13        00000
__Hsfr14                   sfr14        00000
__Hsfr15                   sfr15        00000
__Hsfr16                   sfr16        00000
__Hsfr17                   sfr17        00000
__Hsfr18                   sfr18        00000
__Hsfr19                   sfr19        00000
__Hsfr2                    sfr2         00000
__Hsfr20                   sfr20        00000
__Hsfr21                   sfr21        00000
__Hsfr22                   sfr22        00000
__Hsfr23                   sfr23        00000
__Hsfr24                   sfr24        00000
__Hsfr25                   sfr25        00000
__Hsfr26                   sfr26        00000
__Hsfr27                   sfr27        00000
__Hsfr28                   sfr28        00000
__Hsfr29                   sfr29        00000
__Hsfr3                    sfr3         00000
__Hsfr30                   sfr30        00000
__Hsfr31                   sfr31        00000
__Hsfr4                    sfr4         00000
__Hsfr5                    sfr5         00000
__Hsfr6                    sfr6         00000
__Hsfr7                    sfr7         00000
__Hsfr8                    sfr8         00000
__Hsfr9                    sfr9         00000
__Hspace_0                 (abs)        08009
__Hspace_1                 (abs)        00299
__Hspace_2                 (abs)        00000
__Hspace_3                 (abs)        00000
__Hstack                   stack        00000
__Hstrings                 strings      00000
__Hstringtext1             stringtext1  00000
__Hstringtext2             stringtext2  00000
__Htext                    text         00000
__Labs1                    abs1         00000
__Lbank0                   bank0        00000
__Lbank1                   bank1        00000
__Lbank10                  bank10       00000
__Lbank11                  bank11       00000
__Lbank12                  bank12       00000
__Lbank13                  bank13       00000
__Lbank14                  bank14       00000
__Lbank15                  bank15       00000
__Lbank16                  bank16       00000
__Lbank17                  bank17       00000
__Lbank18                  bank18       00000
__Lbank19                  bank19       00000
__Lbank2                   bank2        00000
__Lbank20                  bank20       00000
__Lbank21                  bank21       00000
__Lbank22                  bank22       00000
__Lbank23                  bank23       00000
__Lbank24                  bank24       00000
__Lbank25                  bank25       00000
__Lbank26                  bank26       00000
__Lbank27                  bank27       00000
__Lbank28                  bank28       00000
__Lbank29                  bank29       00000
__Lbank3                   bank3        00000
__Lbank30                  bank30       00000
__Lbank31                  bank31       00000
__Lbank4                   bank4        00000
__Lbank5                   bank5        00000
__Lbank6                   bank6        00000
__Lbank7                   bank7        00000
__Lbank8                   bank8        00000
__Lbank9                   bank9        00000
__Lbigram                  bigram       00000
__LbitbssBANK0             bitbssBANK0  00000
__LbitnvBANK0              bitnvBANK0   00000
__LbssBANK0                bssBANK0     00000
__Lcinit                   cinit        00137
__Lclrtext                 clrtext      00000
__Lcode                    code         00000
__Lcommon                  common       00000
__Lconfig                  config       08007
__LcstackBANK0             cstackBANK0  00000
__LcstackCOMMON            cstackCOMMON 00000
__LdataBANK0               dataBANK0    00000
__Leeprom_data             eeprom_data  00000
__Lend_init                end_init     00135
__Lfunctab                 functab      00000
__LidataBANK0              idataBANK0   00000
__Lidloc                   idloc        00000
__Linit                    init         00135
__Lintentry                intentry     00004
__Lmaintext                maintext     00000
__Lpowerup                 powerup      00000
__Lram                     ram          00000
__Lreset_vec               reset_vec    00000
__Lsfr0                    sfr0         00000
__Lsfr1                    sfr1         00000
__Lsfr10                   sfr10        00000
__Lsfr11                   sfr11        00000
__Lsfr12                   sfr12        00000
__Lsfr13                   sfr13        00000
__Lsfr14                   sfr14        00000
__Lsfr15                   sfr15        00000
__Lsfr16                   sfr16        00000
__Lsfr17                   sfr17        00000
__Lsfr18                   sfr18        00000
__Lsfr19                   sfr19        00000
__Lsfr2                    sfr2         00000
__Lsfr20                   sfr20        00000
__Lsfr21                   sfr21        00000
__Lsfr22                   sfr22        00000
__Lsfr23                   sfr23        00000
__Lsfr24                   sfr24        00000
__Lsfr25                   sfr25        00000
__Lsfr26                   sfr26        00000
__Lsfr27                   sfr27        00000
__Lsfr28                   sfr28        00000
__Lsfr29                   sfr29        00000
__Lsfr3                    sfr3         00000
__Lsfr30                   sfr30        00000
__Lsfr31                   sfr31        00000
__Lsfr4                    sfr4         00000
__Lsfr5                    sfr5         00000
__Lsfr6                    sfr6         00000
__Lsfr7                    sfr7         00000
__Lsfr8                    sfr8         00000
__Lsfr9                    sfr9         00000
__Lspace_0                 (abs)        00000
__Lspace_1                 (abs)        00000
__Lspace_2                 (abs)        00000
__Lspace_3                 (abs)        00000
__Lstack                   stack        00000
__Lstrings                 strings      00000
__Lstringtext1             stringtext1  00000
__Lstringtext2             stringtext2  00000
__Ltext                    text         00000
__S0                       (abs)        08009
__S1                       (abs)        0007D
__S2                       (abs)        00000
__S3                       (abs)        00000
___int_sp                  stack        00000
___latbits                 (abs)        00002
___sp                      stack        00000
___wmul                    text12       00705
___wmul@multiplicand       cstackBANK0  00041
___wmul@multiplier         cstackBANK0  0003F
___wmul@product            cstackBANK0  00043
__end_of_CCP_Values        stringtext1  00351
__end_of_Commutate         text10       0074A
__end_of_ControlSlowStart  text9        0068B
__end_of_ControlStartUp    text8        00705
__end_of_FindTableIndex    text4        006E2
__end_of_GetCCPVal         text3        005C2
__end_of_ISR               intentry     00135
__end_of_InitDriver        text2        006BD
__end_of_InitSystem        text7        00574
__end_of_StallControl      text6        01000
__end_of_TimeBaseManager   text5        007EB
__end_of_UHoff             text23       00FB2
__end_of_UHon              text22       00FB9
__end_of_ULoff             text21       00FC0
__end_of_ULon              text20       00FC7
__end_of_VHoff             text19       00FCE
__end_of_VHon              text18       00FD5
__end_of_VLoff             text17       00FDC
__end_of_VLon              text16       00FE3
__end_of_WHoff             text15       00800
__end_of_WHon              text14       007F9
__end_of_WLoff             text13       007F2
__end_of_WLon              text24       00FAB
__end_of_WarmUpControl     text1        007AF
__end_of___wmul            text12       00728
__end_of__initialization   cinit        0014D
__end_of_gateStates        stringtext2  00521
__end_of_main              maintext     007CD
__end_of_set_cmp           text25       00608
__end_of_state_drive       text11       00415
__end_ofi1_Commutate       text27       0076C
__end_ofi1_UHoff           text40       00F7D
__end_ofi1_UHon            text39       00F80
__end_ofi1_ULoff           text38       00F83
__end_ofi1_ULon            text37       00F86
__end_ofi1_VHoff           text36       00F89
__end_ofi1_VHon            text35       00F8C
__end_ofi1_VLoff           text34       00F8F
__end_ofi1_VLon            text33       00F92
__end_ofi1_WHoff           text32       00F95
__end_ofi1_WHon            text31       00F98
__end_ofi1_WLoff           text30       00F9B
__end_ofi1_WLon            text41       00F7A
__end_ofi1___wmul          text29       0078E
__end_ofi1_set_cmp         text42       0064D
__end_ofi1_state_drive     text28       004CD
__initialization           cinit        00137
__pbitbssBANK0             bitbssBANK0  00270
__pbitnvBANK0              bitnvBANK0   00298
__pbssBANK0                bssBANK0     00020
__pcstackBANK0             cstackBANK0  0003C
__pcstackCOMMON            cstackCOMMON 00070
__pdataBANK0               dataBANK0    00050
__pidataBANK0              idataBANK0   00F9B
__pintentry                intentry     00004
__pmaintext                maintext     007AF
__pstringtext1             stringtext1  00151
__pstringtext2             stringtext2  004CD
__ptext1                   text1        0078E
__ptext10                  text10       00728
__ptext11                  text11       00351
__ptext12                  text12       00705
__ptext13                  text13       007EB
__ptext14                  text14       007F2
__ptext15                  text15       007F9
__ptext16                  text16       00FDC
__ptext17                  text17       00FD5
__ptext18                  text18       00FCE
__ptext19                  text19       00FC7
__ptext2                   text2        0068B
__ptext20                  text20       00FC0
__ptext21                  text21       00FB9
__ptext22                  text22       00FB2
__ptext23                  text23       00FAB
__ptext24                  text24       00FA4
__ptext25                  text25       005C2
__ptext27                  text27       0074A
__ptext28                  text28       00415
__ptext29                  text29       0076C
__ptext3                   text3        00574
__ptext30                  text30       00F98
__ptext31                  text31       00F95
__ptext32                  text32       00F92
__ptext33                  text33       00F8F
__ptext34                  text34       00F8C
__ptext35                  text35       00F89
__ptext36                  text36       00F86
__ptext37                  text37       00F83
__ptext38                  text38       00F80
__ptext39                  text39       00F7D
__ptext4                   text4        006BD
__ptext40                  text40       00F7A
__ptext41                  text41       00F77
__ptext42                  text42       00608
__ptext5                   text5        007CD
__ptext6                   text6        00FE3
__ptext7                   text7        00521
__ptext8                   text8        006E2
__ptext9                   text9        0064D
__size_of_Commutate        (abs)        00000
__size_of_ControlSlowStart (abs)        00000
__size_of_ControlStartUp   (abs)        00000
__size_of_FindTableIndex   (abs)        00000
__size_of_GetCCPVal        (abs)        00000
__size_of_ISR              (abs)        00000
__size_of_InitDriver       (abs)        00000
__size_of_InitSystem       (abs)        00000
__size_of_StallControl     (abs)        00000
__size_of_TimeBaseManager  (abs)        00000
__size_of_UHoff            (abs)        00000
__size_of_UHon             (abs)        00000
__size_of_ULoff            (abs)        00000
__size_of_ULon             (abs)        00000
__size_of_VHoff            (abs)        00000
__size_of_VHon             (abs)        00000
__size_of_VLoff            (abs)        00000
__size_of_VLon             (abs)        00000
__size_of_WHoff            (abs)        00000
__size_of_WHon             (abs)        00000
__size_of_WLoff            (abs)        00000
__size_of_WLon             (abs)        00000
__size_of_WarmUpControl    (abs)        00000
__size_of___wmul           (abs)        00000
__size_of_main             (abs)        00000
__size_of_set_cmp          (abs)        00000
__size_of_state_drive      (abs)        00000
__size_ofi1_Commutate      (abs)        00000
__size_ofi1_UHoff          (abs)        00000
__size_ofi1_UHon           (abs)        00000
__size_ofi1_ULoff          (abs)        00000
__size_ofi1_ULon           (abs)        00000
__size_ofi1_VHoff          (abs)        00000
__size_ofi1_VHon           (abs)        00000
__size_ofi1_VLoff          (abs)        00000
__size_ofi1_VLon           (abs)        00000
__size_ofi1_WHoff          (abs)        00000
__size_ofi1_WHon           (abs)        00000
__size_ofi1_WLoff          (abs)        00000
__size_ofi1_WLon           (abs)        00000
__size_ofi1___wmul         (abs)        00000
__size_ofi1_set_cmp        (abs)        00000
__size_ofi1_state_drive    (abs)        00000
_comm_after_zc             bssBANK0     0002A
_comm_state                bssBANK0     00037
_expected_zc               bssBANK0     00026
_gateStates                stringtext2  004CD
_init_complete_flag        bitbssBANK0  00271
_isr_state                 bssBANK0     00038
_main                      maintext     007AF
_ramped_speed              bssBANK0     0003A
_rising_bemf_flag          bitbssBANK0  00278
_run_flag                  bitbssBANK0  0027A
_set_cmp                   text25       005C2
_slow_start_complete_flag  bitbssBANK0  00272
_slow_start_events         bssBANK0     00036
_startup_complete_flag     bitbssBANK0  00279
_startup_dutycycle         dataBANK0    00052
_startup_in_progress       bitbssBANK0  00270
_startup_rpm               dataBANK0    00050
_state_drive               text11       00351
_stop_flag                 bitnvBANK0   00298
_temp                      bssBANK0     00022
_timebase_10ms             bssBANK0     00032
_warmup_complete_flag      bitbssBANK0  00273
_zc                        bssBANK0     0002C
_zc_error                  bssBANK0     00024
btemp                      (abs)        0007E
clear_ram0                 clrtext      00F9E
end_of_initialization      cinit        0014D
i1_Commutate               text27       0074A
i1_UHoff                   text40       00F7A
i1_UHon                    text39       00F7D
i1_ULoff                   text38       00F80
i1_ULon                    text37       00F83
i1_VHoff                   text36       00F86
i1_VHon                    text35       00F89
i1_VLoff                   text34       00F8C
i1_VLon                    text33       00F8F
i1_WHoff                   text32       00F92
i1_WHon                    text31       00F95
i1_WLoff                   text30       00F98
i1_WLon                    text41       00F77
i1___wmul                  text29       0076C
i1___wmul@multiplicand     cstackCOMMON 00072
i1___wmul@multiplier       cstackCOMMON 00070
i1___wmul@product          cstackCOMMON 00074
i1_set_cmp                 text42       00608
i1_state_drive             text28       00415
i1set_cmp@state            cstackCOMMON 00072
i1state_drive@state        cstackCOMMON 0007A
int$flags                  (abs)        0007E
intlevel0                  functab      00000
intlevel1                  functab      00000
intlevel2                  functab      00000
intlevel3                  functab      00000
intlevel4                  functab      00000
intlevel5                  functab      00000
reset_vec                  reset_vec    00000
set_cmp@state              cstackBANK0  00041
stackhi                    (abs)        021EF
stacklo                    (abs)        02034
start                      init         00135
start_initialization       cinit        00137
state_drive@state          cstackBANK0  00049
wtemp0                     (abs)        0007E


FUNCTION INFORMATION:

 *************** function _main *****************
 Defined at:
		line 158 in file "F1937_Main.c"
 Parameters:    Size  Location     Type
		None
 Auto vars:     Size  Location     Type
		None
 Return value:  Size  Location     Type
                  1    wreg      void 
 Registers used:
		wreg, fsr0l, fsr0h, status,2, status,0, pclath, cstack
 Tracked objects:
		On entry : 
		On exit  : 
		Unchanged: 
 Data sizes:     COMMON   BANK0   BANK1   BANK2   BANK3   BANK4   BANK5   BANK6
      Params:         0       0       0       0       0       0       0       0
      Locals:         0       0       0       0       0       0       0       0
      Temps:          0       0       0       0       0       0       0       0
      Totals:         0       0       0       0       0       0       0       0
Total ram usage:        0 bytes
 Hardware stack levels required when called:    9
 This function calls:
		_ControlSlowStart
		_ControlStartUp
		_InitSystem
		_StallControl
		_TimeBaseManager
		_WarmUpControl
 This function is called by:
		Startup code after reset
 This function uses a non-reentrant model


 *************** function _WarmUpControl *****************
 Defined at:
		line 391 in file "F1937_Main.c"
 Parameters:    Size  Location     Type
		None
 Auto vars:     Size  Location     Type
		None
 Return value:  Size  Location     Type
                  1    wreg      void 
 Registers used:
		wreg, fsr0l, fsr0h, status,2, status,0, pclath, cstack
 Tracked objects:
		On entry : 
		On exit  : 
		Unchanged: 
 Data sizes:     COMMON   BANK0   BANK1   BANK2   BANK3   BANK4   BANK5   BANK6
      Params:         0       0       0       0       0       0       0       0
      Locals:         0       0       0       0       0       0       0       0
      Temps:          0       0       0       0       0       0       0       0
      Totals:         0       0       0       0       0       0       0       0
Total ram usage:        0 bytes
 Hardware stack levels used:    1
 Hardware stack levels required when called:    8
 This function calls:
		_InitDriver
 This function is called by:
		_main
 This function uses a non-reentrant model


 *************** function _InitDriver *****************
 Defined at:
		line 291 in file "F1937_Main.c"
 Parameters:    Size  Location     Type
		None
 Auto vars:     Size  Location     Type
		None
 Return value:  Size  Location     Type
                  1    wreg      void 
 Registers used:
		wreg, fsr0l, fsr0h, status,2, status,0, pclath, cstack
 Tracked objects:
		On entry : 
		On exit  : 
		Unchanged: 
 Data sizes:     COMMON   BANK0   BANK1   BANK2   BANK3   BANK4   BANK5   BANK6
      Params:         0       0       0       0       0       0       0       0
      Locals:         0       0       0       0       0       0       0       0
      Temps:          0       3       0       0       0       0       0       0
      Totals:         0       3       0       0       0       0       0       0
Total ram usage:        3 bytes
 Hardware stack levels used:    1
 Hardware stack levels required when called:    7
 This function calls:
		_Commutate
		_FindTableIndex
		_GetCCPVal
 This function is called by:
		_WarmUpControl
 This function uses a non-reentrant model


 *************** function _GetCCPVal *****************
 Defined at:
		line 606 in file "F1937_Main.c"
 Parameters:    Size  Location     Type
  speed           1    wreg     unsigned char 
 Auto vars:     Size  Location     Type
  speed           1    7[BANK0 ] unsigned char 
 Return value:  Size  Location     Type
                  1    wreg      void 
 Registers used:
		wreg, fsr0l, fsr0h, status,2, status,0, pclath
 Tracked objects:
		On entry : 
		On exit  : 
		Unchanged: 
 Data sizes:     COMMON   BANK0   BANK1   BANK2   BANK3   BANK4   BANK5   BANK6
      Params:         0       0       0       0       0       0       0       0
      Locals:         0       1       0       0       0       0       0       0
      Temps:          0       4       0       0       0       0       0       0
      Totals:         0       5       0       0       0       0       0       0
Total ram usage:        5 bytes
 Hardware stack levels used:    1
 Hardware stack levels required when called:    4
 This function calls:
		Nothing
 This function is called by:
		_InitDriver
		_SpeedManager
 This function uses a non-reentrant model


 *************** function _FindTableIndex *****************
 Defined at:
		line 594 in file "F1937_Main.c"
 Parameters:    Size  Location     Type
  duty_cycle      2    3[BANK0 ] unsigned int 
 Auto vars:     Size  Location     Type
  index           1    9[BANK0 ] unsigned char 
 Return value:  Size  Location     Type
                  1    wreg      unsigned char 
 Registers used:
		wreg, fsr0l, fsr0h, status,2, status,0, pclath
 Tracked objects:
		On entry : 
		On exit  : 
		Unchanged: 
 Data sizes:     COMMON   BANK0   BANK1   BANK2   BANK3   BANK4   BANK5   BANK6
      Params:         0       2       0       0       0       0       0       0
      Locals:         0       1       0       0       0       0       0       0
      Temps:          0       4       0       0       0       0       0       0
      Totals:         0       7       0       0       0       0       0       0
Total ram usage:        7 bytes
 Hardware stack levels used:    1
 Hardware stack levels required when called:    4
 This function calls:
		Nothing
 This function is called by:
		_InitDriver
 This function uses a non-reentrant model


 *************** function _TimeBaseManager *****************
 Defined at:
		line 335 in file "F1937_Main.c"
 Parameters:    Size  Location     Type
		None
 Auto vars:     Size  Location     Type
		None
 Return value:  Size  Location     Type
                  1    wreg      void 
 Registers used:
		wreg, status,2, status,0
 Tracked objects:
		On entry : 
		On exit  : 
		Unchanged: 
 Data sizes:     COMMON   BANK0   BANK1   BANK2   BANK3   BANK4   BANK5   BANK6
      Params:         0       0       0       0       0       0       0       0
      Locals:         0       0       0       0       0       0       0       0
      Temps:          0       1       0       0       0       0       0       0
      Totals:         0       1       0       0       0       0       0       0
Total ram usage:        1 bytes
 Hardware stack levels used:    1
 Hardware stack levels required when called:    4
 This function calls:
		Nothing
 This function is called by:
		_main
 This function uses a non-reentrant model


 *************** function _StallControl *****************
 Defined at:
		line 530 in file "F1937_Main.c"
 Parameters:    Size  Location     Type
		None
 Auto vars:     Size  Location     Type
		None
 Return value:  Size  Location     Type
                  1    wreg      void 
 Registers used:
		wreg, status,2, status,0
 Tracked objects:
		On entry : 
		On exit  : 
		Unchanged: 
 Data sizes:     COMMON   BANK0   BANK1   BANK2   BANK3   BANK4   BANK5   BANK6
      Params:         0       0       0       0       0       0       0       0
      Locals:         0       0       0       0       0       0       0       0
      Temps:          0       0       0       0       0       0       0       0
      Totals:         0       0       0       0       0       0       0       0
Total ram usage:        0 bytes
 Hardware stack levels used:    1
 Hardware stack levels required when called:    4
 This function calls:
		Nothing
 This function is called by:
		_main
 This function uses a non-reentrant model


 *************** function _InitSystem *****************
 Defined at:
		line 194 in file "F1937_Main.c"
 Parameters:    Size  Location     Type
		None
 Auto vars:     Size  Location     Type
		None
 Return value:  Size  Location     Type
                  1    wreg      void 
 Registers used:
		wreg, status,2
 Tracked objects:
		On entry : 
		On exit  : 
		Unchanged: 
 Data sizes:     COMMON   BANK0   BANK1   BANK2   BANK3   BANK4   BANK5   BANK6
      Params:         0       0       0       0       0       0       0       0
      Locals:         0       0       0       0       0       0       0       0
      Temps:          0       1       0       0       0       0       0       0
      Totals:         0       1       0       0       0       0       0       0
Total ram usage:        1 bytes
 Hardware stack levels used:    1
 Hardware stack levels required when called:    4
 This function calls:
		Nothing
 This function is called by:
		_main
 This function uses a non-reentrant model


 *************** function _ControlStartUp *****************
 Defined at:
		line 495 in file "F1937_Main.c"
 Parameters:    Size  Location     Type
		None
 Auto vars:     Size  Location     Type
		None
 Return value:  Size  Location     Type
                  1    wreg      void 
 Registers used:
		wreg, status,2, status,0
 Tracked objects:
		On entry : 
		On exit  : 
		Unchanged: 
 Data sizes:     COMMON   BANK0   BANK1   BANK2   BANK3   BANK4   BANK5   BANK6
      Params:         0       0       0       0       0       0       0       0
      Locals:         0       0       0       0       0       0       0       0
      Temps:          0       0       0       0       0       0       0       0
      Totals:         0       0       0       0       0       0       0       0
Total ram usage:        0 bytes
 Hardware stack levels used:    1
 Hardware stack levels required when called:    4
 This function calls:
		Nothing
 This function is called by:
		_main
 This function uses a non-reentrant model


 *************** function _ControlSlowStart *****************
 Defined at:
		line 439 in file "F1937_Main.c"
 Parameters:    Size  Location     Type
		None
 Auto vars:     Size  Location     Type
		None
 Return value:  Size  Location     Type
                  1    wreg      void 
 Registers used:
		wreg, fsr0l, fsr0h, status,2, status,0, pclath, cstack
 Tracked objects:
		On entry : 
		On exit  : 
		Unchanged: 
 Data sizes:     COMMON   BANK0   BANK1   BANK2   BANK3   BANK4   BANK5   BANK6
      Params:         0       0       0       0       0       0       0       0
      Locals:         0       0       0       0       0       0       0       0
      Temps:          0       1       0       0       0       0       0       0
      Totals:         0       1       0       0       0       0       0       0
Total ram usage:        1 bytes
 Hardware stack levels used:    1
 Hardware stack levels required when called:    7
 This function calls:
		_Commutate
 This function is called by:
		_main
 This function uses a non-reentrant model


 *************** function _Commutate *****************
 Defined at:
		line 101 in file "DirectDrivers.c"
 Parameters:    Size  Location     Type
		None
 Auto vars:     Size  Location     Type
		None
 Return value:  Size  Location     Type
                  1    wreg      void 
 Registers used:
		wreg, fsr0l, fsr0h, status,2, status,0, pclath, cstack
 Tracked objects:
		On entry : 
		On exit  : 
		Unchanged: 
 Data sizes:     COMMON   BANK0   BANK1   BANK2   BANK3   BANK4   BANK5   BANK6
      Params:         0       0       0       0       0       0       0       0
      Locals:         0       0       0       0       0       0       0       0
      Temps:          0       1       0       0       0       0       0       0
      Totals:         0       1       0       0       0       0       0       0
Total ram usage:        1 bytes
 Hardware stack levels used:    1
 Hardware stack levels required when called:    6
 This function calls:
		_set_cmp
		_state_drive
 This function is called by:
		_InitDriver
		_ControlSlowStart
 This function uses a non-reentrant model


 *************** function _state_drive *****************
 Defined at:
		line 214 in file "DirectDrivers.c"
 Parameters:    Size  Location     Type
  state           1    wreg     unsigned char 
 Auto vars:     Size  Location     Type
  state           1   13[BANK0 ] unsigned char 
 Return value:  Size  Location     Type
                  1    wreg      void 
 Registers used:
		wreg, fsr0l, fsr0h, status,2, status,0, pclath, cstack
 Tracked objects:
		On entry : 
		On exit  : 
		Unchanged: 
 Data sizes:     COMMON   BANK0   BANK1   BANK2   BANK3   BANK4   BANK5   BANK6
      Params:         0       0       0       0       0       0       0       0
      Locals:         0       1       0       0       0       0       0       0
      Temps:          0       4       0       0       0       0       0       0
      Totals:         0       5       0       0       0       0       0       0
Total ram usage:        5 bytes
 Hardware stack levels used:    1
 Hardware stack levels required when called:    5
 This function calls:
		_UHoff
		_UHon
		_ULoff
		_ULon
		_VHoff
		_VHon
		_VLoff
		_VLon
		_WHoff
		_WHon
		_WLoff
		_WLon
		___wmul
 This function is called by:
		_Commutate
 This function uses a non-reentrant model


 *************** function ___wmul *****************
 Defined at:
		line 15 in file "C:\Program Files (x86)\Microchip\xc8\v2.00\pic\sources\c99\common\Umul16.c"
 Parameters:    Size  Location     Type
  multiplier      2    3[BANK0 ] unsigned int 
  multiplicand    2    5[BANK0 ] unsigned int 
 Auto vars:     Size  Location     Type
  product         2    7[BANK0 ] unsigned int 
 Return value:  Size  Location     Type
                  2    3[BANK0 ] unsigned int 
 Registers used:
		wreg, status,2, status,0
 Tracked objects:
		On entry : 
		On exit  : 
		Unchanged: 
 Data sizes:     COMMON   BANK0   BANK1   BANK2   BANK3   BANK4   BANK5   BANK6
      Params:         0       4       0       0       0       0       0       0
      Locals:         0       2       0       0       0       0       0       0
      Temps:          0       0       0       0       0       0       0       0
      Totals:         0       6       0       0       0       0       0       0
Total ram usage:        6 bytes
 Hardware stack levels used:    1
 Hardware stack levels required when called:    4
 This function calls:
		Nothing
 This function is called by:
		_state_drive
 This function uses a non-reentrant model


 *************** function _WLoff *****************
 Defined at:
		line 198 in file "DirectDrivers.c"
 Parameters:    Size  Location     Type
		None
 Auto vars:     Size  Location     Type
		None
 Return value:  Size  Location     Type
                  1    wreg      void 
 Registers used:
		None
 Tracked objects:
		On entry : 
		On exit  : 
		Unchanged: 
 Data sizes:     COMMON   BANK0   BANK1   BANK2   BANK3   BANK4   BANK5   BANK6
      Params:         0       0       0       0       0       0       0       0
      Locals:         0       0       0       0       0       0       0       0
      Temps:          0       0       0       0       0       0       0       0
      Totals:         0       0       0       0       0       0       0       0
Total ram usage:        0 bytes
 Hardware stack levels used:    1
 Hardware stack levels required when called:    4
 This function calls:
		Nothing
 This function is called by:
		_state_drive
		i1_state_drive
 This function uses a non-reentrant model


 *************** function _WHon *****************
 Defined at:
		line 195 in file "DirectDrivers.c"
 Parameters:    Size  Location     Type
		None
 Auto vars:     Size  Location     Type
		None
 Return value:  Size  Location     Type
                  1    wreg      void 
 Registers used:
		None
 Tracked objects:
		On entry : 
		On exit  : 
		Unchanged: 
 Data sizes:     COMMON   BANK0   BANK1   BANK2   BANK3   BANK4   BANK5   BANK6
      Params:         0       0       0       0       0       0       0       0
      Locals:         0       0       0       0       0       0       0       0
      Temps:          0       0       0       0       0       0       0       0
      Totals:         0       0       0       0       0       0       0       0
Total ram usage:        0 bytes
 Hardware stack levels used:    1
 Hardware stack levels required when called:    4
 This function calls:
		Nothing
 This function is called by:
		_state_drive
		i1_state_drive
 This function uses a non-reentrant model


 *************** function _WHoff *****************
 Defined at:
		line 192 in file "DirectDrivers.c"
 Parameters:    Size  Location     Type
		None
 Auto vars:     Size  Location     Type
		None
 Return value:  Size  Location     Type
                  1    wreg      void 
 Registers used:
		None
 Tracked objects:
		On entry : 
		On exit  : 
		Unchanged: 
 Data sizes:     COMMON   BANK0   BANK1   BANK2   BANK3   BANK4   BANK5   BANK6
      Params:         0       0       0       0       0       0       0       0
      Locals:         0       0       0       0       0       0       0       0
      Temps:          0       0       0       0       0       0       0       0
      Totals:         0       0       0       0       0       0       0       0
Total ram usage:        0 bytes
 Hardware stack levels used:    1
 Hardware stack levels required when called:    4
 This function calls:
		Nothing
 This function is called by:
		_state_drive
		i1_state_drive
 This function uses a non-reentrant model


 *************** function _VLon *****************
 Defined at:
		line 189 in file "DirectDrivers.c"
 Parameters:    Size  Location     Type
		None
 Auto vars:     Size  Location     Type
		None
 Return value:  Size  Location     Type
                  1    wreg      void 
 Registers used:
		None
 Tracked objects:
		On entry : 
		On exit  : 
		Unchanged: 
 Data sizes:     COMMON   BANK0   BANK1   BANK2   BANK3   BANK4   BANK5   BANK6
      Params:         0       0       0       0       0       0       0       0
      Locals:         0       0       0       0       0       0       0       0
      Temps:          0       0       0       0       0       0       0       0
      Totals:         0       0       0       0       0       0       0       0
Total ram usage:        0 bytes
 Hardware stack levels used:    1
 Hardware stack levels required when called:    4
 This function calls:
		Nothing
 This function is called by:
		_state_drive
		i1_state_drive
 This function uses a non-reentrant model


 *************** function _VLoff *****************
 Defined at:
		line 186 in file "DirectDrivers.c"
 Parameters:    Size  Location     Type
		None
 Auto vars:     Size  Location     Type
		None
 Return value:  Size  Location     Type
                  1    wreg      void 
 Registers used:
		None
 Tracked objects:
		On entry : 
		On exit  : 
		Unchanged: 
 Data sizes:     COMMON   BANK0   BANK1   BANK2   BANK3   BANK4   BANK5   BANK6
      Params:         0       0       0       0       0       0       0       0
      Locals:         0       0       0       0       0       0       0       0
      Temps:          0       0       0       0       0       0       0       0
      Totals:         0       0       0       0       0       0       0       0
Total ram usage:        0 bytes
 Hardware stack levels used:    1
 Hardware stack levels required when called:    4
 This function calls:
		Nothing
 This function is called by:
		_state_drive
		i1_state_drive
 This function uses a non-reentrant model


 *************** function _VHon *****************
 Defined at:
		line 183 in file "DirectDrivers.c"
 Parameters:    Size  Location     Type
		None
 Auto vars:     Size  Location     Type
		None
 Return value:  Size  Location     Type
                  1    wreg      void 
 Registers used:
		None
 Tracked objects:
		On entry : 
		On exit  : 
		Unchanged: 
 Data sizes:     COMMON   BANK0   BANK1   BANK2   BANK3   BANK4   BANK5   BANK6
      Params:         0       0       0       0       0       0       0       0
      Locals:         0       0       0       0       0       0       0       0
      Temps:          0       0       0       0       0       0       0       0
      Totals:         0       0       0       0       0       0       0       0
Total ram usage:        0 bytes
 Hardware stack levels used:    1
 Hardware stack levels required when called:    4
 This function calls:
		Nothing
 This function is called by:
		_state_drive
		i1_state_drive
 This function uses a non-reentrant model


 *************** function _VHoff *****************
 Defined at:
		line 180 in file "DirectDrivers.c"
 Parameters:    Size  Location     Type
		None
 Auto vars:     Size  Location     Type
		None
 Return value:  Size  Location     Type
                  1    wreg      void 
 Registers used:
		None
 Tracked objects:
		On entry : 
		On exit  : 
		Unchanged: 
 Data sizes:     COMMON   BANK0   BANK1   BANK2   BANK3   BANK4   BANK5   BANK6
      Params:         0       0       0       0       0       0       0       0
      Locals:         0       0       0       0       0       0       0       0
      Temps:          0       0       0       0       0       0       0       0
      Totals:         0       0       0       0       0       0       0       0
Total ram usage:        0 bytes
 Hardware stack levels used:    1
 Hardware stack levels required when called:    4
 This function calls:
		Nothing
 This function is called by:
		_state_drive
		i1_state_drive
 This function uses a non-reentrant model


 *************** function _ULon *****************
 Defined at:
		line 177 in file "DirectDrivers.c"
 Parameters:    Size  Location     Type
		None
 Auto vars:     Size  Location     Type
		None
 Return value:  Size  Location     Type
                  1    wreg      void 
 Registers used:
		None
 Tracked objects:
		On entry : 
		On exit  : 
		Unchanged: 
 Data sizes:     COMMON   BANK0   BANK1   BANK2   BANK3   BANK4   BANK5   BANK6
      Params:         0       0       0       0       0       0       0       0
      Locals:         0       0       0       0       0       0       0       0
      Temps:          0       0       0       0       0       0       0       0
      Totals:         0       0       0       0       0       0       0       0
Total ram usage:        0 bytes
 Hardware stack levels used:    1
 Hardware stack levels required when called:    4
 This function calls:
		Nothing
 This function is called by:
		_state_drive
		i1_state_drive
 This function uses a non-reentrant model


 *************** function _ULoff *****************
 Defined at:
		line 174 in file "DirectDrivers.c"
 Parameters:    Size  Location     Type
		None
 Auto vars:     Size  Location     Type
		None
 Return value:  Size  Location     Type
                  1    wreg      void 
 Registers used:
		None
 Tracked objects:
		On entry : 
		On exit  : 
		Unchanged: 
 Data sizes:     COMMON   BANK0   BANK1   BANK2   BANK3   BANK4   BANK5   BANK6
      Params:         0       0       0       0       0       0       0       0
      Locals:         0       0       0       0       0       0       0       0
      Temps:          0       0       0       0       0       0       0       0
      Totals:         0       0       0       0       0       0       0       0
Total ram usage:        0 bytes
 Hardware stack levels used:    1
 Hardware stack levels required when called:    4
 This function calls:
		Nothing
 This function is called by:
		_state_drive
		i1_state_drive
 This function uses a non-reentrant model


 *************** function _UHon *****************
 Defined at:
		line 171 in file "DirectDrivers.c"
 Parameters:    Size  Location     Type
		None
 Auto vars:     Size  Location     Type
		None
 Return value:  Size  Location     Type
                  1    wreg      void 
 Registers used:
		None
 Tracked objects:
		On entry : 
		On exit  : 
		Unchanged: 
 Data sizes:     COMMON   BANK0   BANK1   BANK2   BANK3   BANK4   BANK5   BANK6
      Params:         0       0       0       0       0       0       0       0
      Locals:         0       0       0       0       0       0       0       0
      Temps:          0       0       0       0       0       0       0       0
      Totals:         0       0       0       0       0       0       0       0
Total ram usage:        0 bytes
 Hardware stack levels used:    1
 Hardware stack levels required when called:    4
 This function calls:
		Nothing
 This function is called by:
		_state_drive
		i1_state_drive
 This function uses a non-reentrant model


 *************** function _UHoff *****************
 Defined at:
		line 168 in file "DirectDrivers.c"
 Parameters:    Size  Location     Type
		None
 Auto vars:     Size  Location     Type
		None
 Return value:  Size  Location     Type
                  1    wreg      void 
 Registers used:
		None
 Tracked objects:
		On entry : 
		On exit  : 
		Unchanged: 
 Data sizes:     COMMON   BANK0   BANK1   BANK2   BANK3   BANK4   BANK5   BANK6
      Params:         0       0       0       0       0       0       0       0
      Locals:         0       0       0       0       0       0       0       0
      Temps:          0       0       0       0       0       0       0       0
      Totals:         0       0       0       0       0       0       0       0
Total ram usage:        0 bytes
 Hardware stack levels used:    1
 Hardware stack levels required when called:    4
 This function calls:
		Nothing
 This function is called by:
		_state_drive
		i1_state_drive
 This function uses a non-reentrant model


 *************** function _WLon *****************
 Defined at:
		line 201 in file "DirectDrivers.c"
 Parameters:    Size  Location     Type
		None
 Auto vars:     Size  Location     Type
		None
 Return value:  Size  Location     Type
                  1    wreg      void 
 Registers used:
		None
 Tracked objects:
		On entry : 
		On exit  : 
		Unchanged: 
 Data sizes:     COMMON   BANK0   BANK1   BANK2   BANK3   BANK4   BANK5   BANK6
      Params:         0       0       0       0       0       0       0       0
      Locals:         0       0       0       0       0       0       0       0
      Temps:          0       0       0       0       0       0       0       0
      Totals:         0       0       0       0       0       0       0       0
Total ram usage:        0 bytes
 Hardware stack levels used:    1
 Hardware stack levels required when called:    4
 This function calls:
		Nothing
 This function is called by:
		_state_drive
		i1_state_drive
 This function uses a non-reentrant model


 *************** function _set_cmp *****************
 Defined at:
		line 112 in file "DirectDrivers.c"
 Parameters:    Size  Location     Type
  state           1    wreg     unsigned char 
 Auto vars:     Size  Location     Type
  state           1    5[BANK0 ] unsigned char 
 Return value:  Size  Location     Type
                  1    wreg      void 
 Registers used:
		wreg, fsr0l, fsr0h, status,2, status,0
 Tracked objects:
		On entry : 
		On exit  : 
		Unchanged: 
 Data sizes:     COMMON   BANK0   BANK1   BANK2   BANK3   BANK4   BANK5   BANK6
      Params:         0       0       0       0       0       0       0       0
      Locals:         0       1       0       0       0       0       0       0
      Temps:          0       2       0       0       0       0       0       0
      Totals:         0       3       0       0       0       0       0       0
Total ram usage:        3 bytes
 Hardware stack levels used:    1
 Hardware stack levels required when called:    4
 This function calls:
		Nothing
 This function is called by:
		_Commutate
 This function uses a non-reentrant model


 *************** function _ISR *****************
 Defined at:
		line 110 in file "BLDC_Interrupts_Plain.c"
 Parameters:    Size  Location     Type
		None
 Auto vars:     Size  Location     Type
  ctemp           1   12[COMMON] unsigned char 
 Return value:  Size  Location     Type
                  1    wreg      void 
 Registers used:
		wreg, fsr0l, fsr0h, status,2, status,0, pclath, cstack
 Tracked objects:
		On entry : 
		On exit  : 
		Unchanged: 
 Data sizes:     COMMON   BANK0   BANK1   BANK2   BANK3   BANK4   BANK5   BANK6
      Params:         0       0       0       0       0       0       0       0
      Locals:         1       0       0       0       0       0       0       0
      Temps:          0       3       0       0       0       0       0       0
      Totals:         1       3       0       0       0       0       0       0
Total ram usage:        4 bytes
 Hardware stack levels used:    1
 Hardware stack levels required when called:    3
 This function calls:
		i1_Commutate
 This function is called by:
		Interrupt level 1
 This function uses a non-reentrant model


 *************** function i1_Commutate *****************
 Defined at:
		line 101 in file "DirectDrivers.c"
 Parameters:    Size  Location     Type
		None
 Auto vars:     Size  Location     Type
		None
 Return value:  Size  Location     Type
                  1    wreg      void 
 Registers used:
		wreg, fsr0l, fsr0h, status,2, status,0, pclath, cstack
 Tracked objects:
		On entry : 
		On exit  : 
		Unchanged: 
 Data sizes:     COMMON   BANK0   BANK1   BANK2   BANK3   BANK4   BANK5   BANK6
      Params:         0       0       0       0       0       0       0       0
      Locals:         0       0       0       0       0       0       0       0
      Temps:          1       0       0       0       0       0       0       0
      Totals:         1       0       0       0       0       0       0       0
Total ram usage:        1 bytes
 Hardware stack levels used:    1
 Hardware stack levels required when called:    2
 This function calls:
		i1_set_cmp
		i1_state_drive
 This function is called by:
		_ISR
 This function uses a non-reentrant model


 *************** function i1_state_drive *****************
 Defined at:
		line 214 in file "DirectDrivers.c"
 Parameters:    Size  Location     Type
  state           1    wreg     unsigned char 
 Auto vars:     Size  Location     Type
  state           1   10[COMMON] unsigned char 
 Return value:  Size  Location     Type
                  1    wreg      void 
 Registers used:
		wreg, fsr0l, fsr0h, status,2, status,0, pclath, cstack
 Tracked objects:
		On entry : 
		On exit  : 
		Unchanged: 
 Data sizes:     COMMON   BANK0   BANK1   BANK2   BANK3   BANK4   BANK5   BANK6
      Params:         0       0       0       0       0       0       0       0
      Locals:         1       0       0       0       0       0       0       0
      Temps:          4       0       0       0       0       0       0       0
      Totals:         5       0       0       0       0       0       0       0
Total ram usage:        5 bytes
 Hardware stack levels used:    1
 Hardware stack levels required when called:    1
 This function calls:
		i1_UHoff
		i1_UHon
		i1_ULoff
		i1_ULon
		i1_VHoff
		i1_VHon
		i1_VLoff
		i1_VLon
		i1_WHoff
		i1_WHon
		i1_WLoff
		i1_WLon
		i1___wmul
 This function is called by:
		i1_Commutate
 This function uses a non-reentrant model


 *************** function i1___wmul *****************
 Defined at:
		line 15 in file "C:\Program Files (x86)\Microchip\xc8\v2.00\pic\sources\c99\common\Umul16.c"
 Parameters:    Size  Location     Type
  multiplier      2    0[COMMON] unsigned int 
  multiplicand    2    2[COMMON] unsigned int 
 Auto vars:     Size  Location     Type
  __wmul          2    4[COMMON] unsigned int 
 Return value:  Size  Location     Type
                  2    0[COMMON] unsigned int 
 Registers used:
		wreg, status,2, status,0
 Tracked objects:
		On entry : 
		On exit  : 
		Unchanged: 
 Data sizes:     COMMON   BANK0   BANK1   BANK2   BANK3   BANK4   BANK5   BANK6
      Params:         4       0       0       0       0       0       0       0
      Locals:         2       0       0       0       0       0       0       0
      Temps:          0       0       0       0       0       0       0       0
      Totals:         6       0       0       0       0       0       0       0
Total ram usage:        6 bytes
 Hardware stack levels used:    1
 This function calls:
		Nothing
 This function is called by:
		i1_state_drive
 This function uses a non-reentrant model


 *************** function i1_WLoff *****************
 Defined at:
		line 198 in file "DirectDrivers.c"
 Parameters:    Size  Location     Type
		None
 Auto vars:     Size  Location     Type
		None
 Return value:  Size  Location     Type
                  1    wreg      void 
 Registers used:
		None
 Tracked objects:
		On entry : 
		On exit  : 
		Unchanged: 
 Data sizes:     COMMON   BANK0   BANK1   BANK2   BANK3   BANK4   BANK5   BANK6
      Params:         0       0       0       0       0       0       0       0
      Locals:         0       0       0       0       0       0       0       0
      Temps:          0       0       0       0       0       0       0       0
      Totals:         0       0       0       0       0       0       0       0
Total ram usage:        0 bytes
 Hardware stack levels used:    1
 This function calls:
		Nothing
 This function is called by:
 This function uses a non-reentrant model


 *************** function i1_WHon *****************
 Defined at:
		line 195 in file "DirectDrivers.c"
 Parameters:    Size  Location     Type
		None
 Auto vars:     Size  Location     Type
		None
 Return value:  Size  Location     Type
                  1    wreg      void 
 Registers used:
		None
 Tracked objects:
		On entry : 
		On exit  : 
		Unchanged: 
 Data sizes:     COMMON   BANK0   BANK1   BANK2   BANK3   BANK4   BANK5   BANK6
      Params:         0       0       0       0       0       0       0       0
      Locals:         0       0       0       0       0       0       0       0
      Temps:          0       0       0       0       0       0       0       0
      Totals:         0       0       0       0       0       0       0       0
Total ram usage:        0 bytes
 Hardware stack levels used:    1
 This function calls:
		Nothing
 This function is called by:
 This function uses a non-reentrant model


 *************** function i1_WHoff *****************
 Defined at:
		line 192 in file "DirectDrivers.c"
 Parameters:    Size  Location     Type
		None
 Auto vars:     Size  Location     Type
		None
 Return value:  Size  Location     Type
                  1    wreg      void 
 Registers used:
		None
 Tracked objects:
		On entry : 
		On exit  : 
		Unchanged: 
 Data sizes:     COMMON   BANK0   BANK1   BANK2   BANK3   BANK4   BANK5   BANK6
      Params:         0       0       0       0       0       0       0       0
      Locals:         0       0       0       0       0       0       0       0
      Temps:          0       0       0       0       0       0       0       0
      Totals:         0       0       0       0       0       0       0       0
Total ram usage:        0 bytes
 Hardware stack levels used:    1
 This function calls:
		Nothing
 This function is called by:
 This function uses a non-reentrant model


 *************** function i1_VLon *****************
 Defined at:
		line 189 in file "DirectDrivers.c"
 Parameters:    Size  Location     Type
		None
 Auto vars:     Size  Location     Type
		None
 Return value:  Size  Location     Type
                  1    wreg      void 
 Registers used:
		None
 Tracked objects:
		On entry : 
		On exit  : 
		Unchanged: 
 Data sizes:     COMMON   BANK0   BANK1   BANK2   BANK3   BANK4   BANK5   BANK6
      Params:         0       0       0       0       0       0       0       0
      Locals:         0       0       0       0       0       0       0       0
      Temps:          0       0       0       0       0       0       0       0
      Totals:         0       0       0       0       0       0       0       0
Total ram usage:        0 bytes
 Hardware stack levels used:    1
 This function calls:
		Nothing
 This function is called by:
 This function uses a non-reentrant model


 *************** function i1_VLoff *****************
 Defined at:
		line 186 in file "DirectDrivers.c"
 Parameters:    Size  Location     Type
		None
 Auto vars:     Size  Location     Type
		None
 Return value:  Size  Location     Type
                  1    wreg      void 
 Registers used:
		None
 Tracked objects:
		On entry : 
		On exit  : 
		Unchanged: 
 Data sizes:     COMMON   BANK0   BANK1   BANK2   BANK3   BANK4   BANK5   BANK6
      Params:         0       0       0       0       0       0       0       0
      Locals:         0       0       0       0       0       0       0       0
      Temps:          0       0       0       0       0       0       0       0
      Totals:         0       0       0       0       0       0       0       0
Total ram usage:        0 bytes
 Hardware stack levels used:    1
 This function calls:
		Nothing
 This function is called by:
 This function uses a non-reentrant model


 *************** function i1_VHon *****************
 Defined at:
		line 183 in file "DirectDrivers.c"
 Parameters:    Size  Location     Type
		None
 Auto vars:     Size  Location     Type
		None
 Return value:  Size  Location     Type
                  1    wreg      void 
 Registers used:
		None
 Tracked objects:
		On entry : 
		On exit  : 
		Unchanged: 
 Data sizes:     COMMON   BANK0   BANK1   BANK2   BANK3   BANK4   BANK5   BANK6
      Params:         0       0       0       0       0       0       0       0
      Locals:         0       0       0       0       0       0       0       0
      Temps:          0       0       0       0       0       0       0       0
      Totals:         0       0       0       0       0       0       0       0
Total ram usage:        0 bytes
 Hardware stack levels used:    1
 This function calls:
		Nothing
 This function is called by:
 This function uses a non-reentrant model


 *************** function i1_VHoff *****************
 Defined at:
		line 180 in file "DirectDrivers.c"
 Parameters:    Size  Location     Type
		None
 Auto vars:     Size  Location     Type
		None
 Return value:  Size  Location     Type
                  1    wreg      void 
 Registers used:
		None
 Tracked objects:
		On entry : 
		On exit  : 
		Unchanged: 
 Data sizes:     COMMON   BANK0   BANK1   BANK2   BANK3   BANK4   BANK5   BANK6
      Params:         0       0       0       0       0       0       0       0
      Locals:         0       0       0       0       0       0       0       0
      Temps:          0       0       0       0       0       0       0       0
      Totals:         0       0       0       0       0       0       0       0
Total ram usage:        0 bytes
 Hardware stack levels used:    1
 This function calls:
		Nothing
 This function is called by:
 This function uses a non-reentrant model


 *************** function i1_ULon *****************
 Defined at:
		line 177 in file "DirectDrivers.c"
 Parameters:    Size  Location     Type
		None
 Auto vars:     Size  Location     Type
		None
 Return value:  Size  Location     Type
                  1    wreg      void 
 Registers used:
		None
 Tracked objects:
		On entry : 
		On exit  : 
		Unchanged: 
 Data sizes:     COMMON   BANK0   BANK1   BANK2   BANK3   BANK4   BANK5   BANK6
      Params:         0       0       0       0       0       0       0       0
      Locals:         0       0       0       0       0       0       0       0
      Temps:          0       0       0       0       0       0       0       0
      Totals:         0       0       0       0       0       0       0       0
Total ram usage:        0 bytes
 Hardware stack levels used:    1
 This function calls:
		Nothing
 This function is called by:
 This function uses a non-reentrant model


 *************** function i1_ULoff *****************
 Defined at:
		line 174 in file "DirectDrivers.c"
 Parameters:    Size  Location     Type
		None
 Auto vars:     Size  Location     Type
		None
 Return value:  Size  Location     Type
                  1    wreg      void 
 Registers used:
		None
 Tracked objects:
		On entry : 
		On exit  : 
		Unchanged: 
 Data sizes:     COMMON   BANK0   BANK1   BANK2   BANK3   BANK4   BANK5   BANK6
      Params:         0       0       0       0       0       0       0       0
      Locals:         0       0       0       0       0       0       0       0
      Temps:          0       0       0       0       0       0       0       0
      Totals:         0       0       0       0       0       0       0       0
Total ram usage:        0 bytes
 Hardware stack levels used:    1
 This function calls:
		Nothing
 This function is called by:
 This function uses a non-reentrant model


 *************** function i1_UHon *****************
 Defined at:
		line 171 in file "DirectDrivers.c"
 Parameters:    Size  Location     Type
		None
 Auto vars:     Size  Location     Type
		None
 Return value:  Size  Location     Type
                  1    wreg      void 
 Registers used:
		None
 Tracked objects:
		On entry : 
		On exit  : 
		Unchanged: 
 Data sizes:     COMMON   BANK0   BANK1   BANK2   BANK3   BANK4   BANK5   BANK6
      Params:         0       0       0       0       0       0       0       0
      Locals:         0       0       0       0       0       0       0       0
      Temps:          0       0       0       0       0       0       0       0
      Totals:         0       0       0       0       0       0       0       0
Total ram usage:        0 bytes
 Hardware stack levels used:    1
 This function calls:
		Nothing
 This function is called by:
 This function uses a non-reentrant model


 *************** function i1_UHoff *****************
 Defined at:
		line 168 in file "DirectDrivers.c"
 Parameters:    Size  Location     Type
		None
 Auto vars:     Size  Location     Type
		None
 Return value:  Size  Location     Type
                  1    wreg      void 
 Registers used:
		None
 Tracked objects:
		On entry : 
		On exit  : 
		Unchanged: 
 Data sizes:     COMMON   BANK0   BANK1   BANK2   BANK3   BANK4   BANK5   BANK6
      Params:         0       0       0       0       0       0       0       0
      Locals:         0       0       0       0       0       0       0       0
      Temps:          0       0       0       0       0       0       0       0
      Totals:         0       0       0       0       0       0       0       0
Total ram usage:        0 bytes
 Hardware stack levels used:    1
 This function calls:
		Nothing
 This function is called by:
 This function uses a non-reentrant model


 *************** function i1_WLon *****************
 Defined at:
		line 201 in file "DirectDrivers.c"
 Parameters:    Size  Location     Type
		None
 Auto vars:     Size  Location     Type
		None
 Return value:  Size  Location     Type
                  1    wreg      void 
 Registers used:
		None
 Tracked objects:
		On entry : 
		On exit  : 
		Unchanged: 
 Data sizes:     COMMON   BANK0   BANK1   BANK2   BANK3   BANK4   BANK5   BANK6
      Params:         0       0       0       0       0       0       0       0
      Locals:         0       0       0       0       0       0       0       0
      Temps:          0       0       0       0       0       0       0       0
      Totals:         0       0       0       0       0       0       0       0
Total ram usage:        0 bytes
 Hardware stack levels used:    1
 This function calls:
		Nothing
 This function is called by:
 This function uses a non-reentrant model


 *************** function i1_set_cmp *****************
 Defined at:
		line 112 in file "DirectDrivers.c"
 Parameters:    Size  Location     Type
  state           1    wreg     unsigned char 
 Auto vars:     Size  Location     Type
  state           1    2[COMMON] unsigned char 
 Return value:  Size  Location     Type
                  1    wreg      void 
 Registers used:
		wreg, fsr0l, fsr0h, status,2, status,0
 Tracked objects:
		On entry : 
		On exit  : 
		Unchanged: 
 Data sizes:     COMMON   BANK0   BANK1   BANK2   BANK3   BANK4   BANK5   BANK6
      Params:         0       0       0       0       0       0       0       0
      Locals:         1       0       0       0       0       0       0       0
      Temps:          2       0       0       0       0       0       0       0
      Totals:         3       0       0       0       0       0       0       0
Total ram usage:        3 bytes
 Hardware stack levels used:    1
 This function calls:
		Nothing
 This function is called by:
		i1_Commutate
 This function uses a non-reentrant model



MODULE INFORMATION

Module		Function		Class		Link	Load	Size
F1937_Main.c
		_TimeBaseManager		CODE           	07CD	0000	31
		_ControlSlowStart		CODE           	064D	0000	63
		_ControlStartUp		CODE           	06E2	0000	36
		_main          		CODE           	07AF	0000	31
		_InitSystem    		CODE           	0521	0000	84
		_WarmUpControl 		CODE           	078E	0000	34
		_InitDriver    		CODE           	068B	0000	51
		_FindTableIndex		CODE           	06BD	0000	38
		_GetCCPVal     		CODE           	0574	0000	79
		_StallControl  		CODE           	0FE3	0000	30

F1937_Main.c estimated size: 477

DirectDrivers.c
		_set_cmp       		CODE           	05C2	0000	71
		_UHoff         		CODE           	0FAB	0000	8
		_VHoff         		CODE           	0FC7	0000	8
		_WHoff         		CODE           	07F9	0000	8
		_ULoff         		CODE           	0FB9	0000	8
		_VLoff         		CODE           	0FD5	0000	8
		_WLoff         		CODE           	07EB	0000	8
		_UHon          		CODE           	0FB2	0000	8
		_VHon          		CODE           	0FCE	0000	8
		_WHon          		CODE           	07F2	0000	8
		_state_drive   		CODE           	0351	0000	197
		_ULon          		CODE           	0FC0	0000	8
		_VLon          		CODE           	0FDC	0000	8
		_WLon          		CODE           	0FA4	0000	8
		_Commutate     		CODE           	0728	0000	35

DirectDrivers.c estimated size: 399

shared
		i1_set_cmp     		CODE           	0608	0000	70
		i1_ULoff       		CODE           	0F80	0000	4
		i1_VLoff       		CODE           	0F8C	0000	4
		_CCP_Values    		STRCODE        	0151	0000	513
		i1_WLoff       		CODE           	0F98	0000	4
		i1___wmul      		CODE           	076C	0000	35
		i1_UHon        		CODE           	0F7D	0000	4
		__initialization		CODE           	0137	0000	23
		i1_VHon        		CODE           	0F89	0000	4
		i1_WHon        		CODE           	0F95	0000	4
		i1_ULon        		CODE           	0F83	0000	4
		i1_state_drive 		CODE           	0415	0000	185
		i1_VLon        		CODE           	0F8F	0000	4
		_gateStates    		STRCODE        	04CD	0000	85
		i1_Commutate   		CODE           	074A	0000	35
		i1_UHoff       		CODE           	0F7A	0000	4
		i1_WLon        		CODE           	0F77	0000	4
		i1_VHoff       		CODE           	0F86	0000	4
		i1_WHoff       		CODE           	0F92	0000	4

shared estimated size: 994

C:\Program Files (x86)\Microchip\xc8\v2.00\pic\sources\c99\common\Umul16.c
		___wmul        		CODE           	0705	0000	36

C:\Program Files (x86)\Microchip\xc8\v2.00\pic\sources\c99\common\Umul16.c estimated size: 36

BLDC_Interrupts_Plain.c
		_ISR           		CODE           	0004	0000	306

BLDC_Interrupts_Plain.c estimated size: 306

