Microchip MPLAB XC8 Compiler V2.00 ()

Linker command line:

-W-3 --edf=C:\Program Files (x86)\Microchip\xc8\v2.00\pic\dat\en_msgs.txt \
  -cs -h+dist/default/production\mtouch.X.production.sym \
  --cmf=dist/default/production\mtouch.X.production.cmf -z -w9 \
  --disl=596:off --norlf -Q16F1703 \
  -oC:\Users\zhgao\AppData\Local\Temp\s4h4.2 \
  -Mdist/default/production/mtouch.X.production.map -E1 -ver=XC8 \
  --acfsm=1493 -ACODE=00h-07FFh -ASTRCODE=00h-07FFh -ASTRING=00h-0FFhx8 \
  -ACONST=00h-0FFhx8 -AENTRY=00h-0FFhx8 -ACOMMON=070h-07Fh \
  -ABANK0=020h-06Fh -ABANK1=0A0h-0EFh -ABANK2=0120h-016Fh \
  -ABIGRAM=02000h-020EFh -ARAM=020h-06Fh,0A0h-0EFh,0120h-016Fh \
  -AABS1=020h-07Fh,0A0h-0EFh,0120h-016Fh -ASFR0=00h-01Fh -ASFR1=080h-09Fh \
  -ASFR2=0100h-011Fh -ASFR3=0180h-01EFh -ASFR4=0200h-026Fh \
  -ASFR5=0280h-02EFh -ASFR6=0300h-036Fh -ASFR7=0380h-03EFh \
  -ASFR8=0400h-046Fh -ASFR9=0480h-04EFh -ASFR10=0500h-056Fh \
  -ASFR11=0580h-05EFh -ASFR12=0600h-066Fh -ASFR13=0680h-06EFh \
  -ASFR14=0700h-076Fh -ASFR15=0780h-07EFh -ASFR16=0800h-086Fh \
  -ASFR17=0880h-08EFh -ASFR18=0900h-096Fh -ASFR19=0980h-09EFh \
  -ASFR20=0A00h-0A6Fh -ASFR21=0A80h-0AEFh -ASFR22=0B00h-0B6Fh \
  -ASFR23=0B80h-0BEFh -ASFR24=0C00h-0C6Fh -ASFR25=0C80h-0CEFh \
  -ASFR26=0D00h-0D6Fh -ASFR27=0D80h-0DEFh -ASFR28=0E00h-0E6Fh \
  -ASFR29=0E80h-0EEFh -ASFR30=0F00h-0F6Fh -ASFR31=0F80h-0FEFh \
  -preset_vec=00h,intentry,init,end_init -ppowerup=CODE -pcinit=CODE \
  -pfunctab=ENTRY -ACONFIG=08007h-08008h -pconfig=CONFIG -DCONFIG=2 \
  -AIDLOC=08000h-08003h -pidloc=IDLOC -DIDLOC=2 -DCODE=2 -DSTRCODE=2 \
  -DSTRING=2 -DCONST=2 -DENTRY=2 -k \
  C:\Users\zhgao\AppData\Local\Temp\s4h4.o \
  dist/default/production\mtouch.X.production.o 

Object code version is 3.11

Machine type is 16F1703



                Name                               Link     Load   Length Selector   Space Scale
C:\Users\zhgao\AppData\Local\Temp\s4h4.o
                end_init                             1A       1A        2        0       0
                reset_vec                             0        0        1        0       0
dist/default/production\mtouch.X.production.o
                cinit                               7E3      7E3       1D      FC6       0
                intentry                              1        1       19        0       0
                text57                              1A6      1A6       24      34C       0
                text56                              1CA      1CA       24      394       0
                text55                               2B       2B       19       56       0
                text54                               AA       AA       1B      154       0
                text53                                0        0        1        0       0
                text52                              731      731       B2      E62       0
                text51                                1        1        F        0       0
                text49                              11D      11D       22      23A       0
                text48                              607      607       94      C0E       0
                text47                               76       76       1A       EC       0
                text46                               FD       FD       20      1FA       0
                text45                              511      511       6B      A22       0
                text44                              23E      23E       2C      47C       0
                text43                              57C      57C       8B      AF8       0
                text42                               10       10        1        0       0
                text41                               11       11        1        0       0
                text40                              2C9      2C9       33      592       0
                text39                              33E      33E       56      67C       0
                text38                              44A      44A       62      894       0
                text37                              69B      69B       96      D36       0
                text36                               12       12        3        0       0
                text35                               15       15       12        0       0
                text34                              394      394       57      728       0
                text33                               44       44       19       88       0
                text32                               27       27        9        0       0
                text31                               30       30       12        0       0
                text30                               42       42        5        0       0
                text29                               47       47        6        0       0
                text28                               4D       4D        3        0       0
                text27                               50       50        3        0       0
                text26                              3EB      3EB       5F      7D6       0
                text25                               53       53        8        0       0
                text24                               5B       5B        8        0       0
                text23                               E0       E0       1D      1C0       0
                text22                              4AC      4AC       65      958       0
                text21                               63       63        1        0       0
                text20                               C5       C5       1B      18A       0
                text19                               64       64        8        0       0
                text18                              2FC      2FC       42      5F8       0
                text17                              183      183       23      306       0
                text16                               6C       6C        8        0       0
                text15                              13F      13F       22      27E       0
                text14                              214      214       2A      428       0
                text13                               74       74        5        0       0
                text12                               79       79        4        0       0
                text11                               7D       7D       17        0       0
                text10                              298      298       31      530       0
                text9                               1EE      1EE       26      3DC       0
                text8                               26A      26A       2E      4D4       0
                text7                                5D       5D       19       BA       0
                text6                                94       94        D        0       0
                text5                                1C       1C        F        0       0
                text4                                A1       A1       16        0       0
                text3                                B7       B7       13        0       0
                text2                                CA       CA        4        0       0
                text1                                CE       CE       10        0       0
                maintext                            161      161       22      2C2       0
                cstackBANK0                          3A       3A       18       20       1
                cstackCOMMON                         70       70        8       70       1
                clrtext                              DE       DE        6        0       0
                inittext                             E4       E4        6        0       0
                dataBANK0                            20       20       1A       20       1
                bssBANK0                             52       52       17       20       1
                bssCOMMON                            78       78        6       70       1
                stringtext2                          EA       EA       10        0       0
                stringtext1                          FA       FA        5        0       0
                idataBANK0                           90       90       1A      120       0

TOTAL           Name                               Link     Load   Length     Space
        CLASS   CODE           
                end_init                             1A       1A        2         0
                cinit                               7E3      7E3       1D         0
                intentry                              1        1       19         0
                reset_vec                             0        0        1         0
                text57                              1A6      1A6       24         0
                text56                              1CA      1CA       24         0
                text55                               2B       2B       19         0
                text54                               AA       AA       1B         0
                text53                                0        0        1         0
                text52                              731      731       B2         0
                text51                                1        1        F         0
                text49                              11D      11D       22         0
                text48                              607      607       94         0
                text47                               76       76       1A         0
                text46                               FD       FD       20         0
                text45                              511      511       6B         0
                text44                              23E      23E       2C         0
                text43                              57C      57C       8B         0
                text42                               10       10        1         0
                text41                               11       11        1         0
                text40                              2C9      2C9       33         0
                text39                              33E      33E       56         0
                text38                              44A      44A       62         0
                text37                              69B      69B       96         0
                text36                               12       12        3         0
                text35                               15       15       12         0
                text34                              394      394       57         0
                text33                               44       44       19         0
                text32                               27       27        9         0
                text31                               30       30       12         0
                text30                               42       42        5         0
                text29                               47       47        6         0
                text28                               4D       4D        3         0
                text27                               50       50        3         0
                text26                              3EB      3EB       5F         0
                text25                               53       53        8         0
                text24                               5B       5B        8         0
                text23                               E0       E0       1D         0
                text22                              4AC      4AC       65         0
                text21                               63       63        1         0
                text20                               C5       C5       1B         0
                text19                               64       64        8         0
                text18                              2FC      2FC       42         0
                text17                              183      183       23         0
                text16                               6C       6C        8         0
                text15                              13F      13F       22         0
                text14                              214      214       2A         0
                text13                               74       74        5         0
                text12                               79       79        4         0
                text11                               7D       7D       17         0
                text10                              298      298       31         0
                text9                               1EE      1EE       26         0
                text8                               26A      26A       2E         0
                text7                                5D       5D       19         0
                text6                                94       94        D         0
                text5                                1C       1C        F         0
                text4                                A1       A1       16         0
                text3                                B7       B7       13         0
                text2                                CA       CA        4         0
                text1                                CE       CE       10         0
                maintext                            161      161       22         0
                clrtext                              DE       DE        6         0
                inittext                             E4       E4        6         0
                idataBANK0                           90       90       1A         0

        CLASS   STRCODE        
                stringtext2                          EA       EA       10         0
                stringtext1                          FA       FA        5         0

        CLASS   STRING         

        CLASS   CONST          

        CLASS   ENTRY          

        CLASS   COMMON         
                cstackCOMMON                         70       70        8         1
                bssCOMMON                            78       78        6         1

        CLASS   BANK0          
                cstackBANK0                          3A       3A       18         1
                dataBANK0                            20       20       1A         1
                bssBANK0                             52       52       17         1

        CLASS   BANK1          

        CLASS   BANK2          

        CLASS   BIGRAM         

        CLASS   RAM            

        CLASS   ABS1           
                abs_s1                               7E       7E        2         1

        CLASS   SFR0           

        CLASS   SFR1           

        CLASS   SFR2           

        CLASS   SFR3           

        CLASS   SFR4           

        CLASS   SFR5           

        CLASS   SFR6           

        CLASS   SFR7           

        CLASS   SFR8           

        CLASS   SFR9           

        CLASS   SFR10          

        CLASS   SFR11          

        CLASS   SFR12          

        CLASS   SFR13          

        CLASS   SFR14          

        CLASS   SFR15          

        CLASS   SFR16          

        CLASS   SFR17          

        CLASS   SFR18          

        CLASS   SFR19          

        CLASS   SFR20          

        CLASS   SFR21          

        CLASS   SFR22          

        CLASS   SFR23          

        CLASS   SFR24          

        CLASS   SFR25          

        CLASS   SFR26          

        CLASS   SFR27          

        CLASS   SFR28          

        CLASS   SFR29          

        CLASS   SFR30          

        CLASS   SFR31          

        CLASS   CONFIG         

        CLASS   IDLOC          

        CLASS   BANK31         

        CLASS   BANK30         

        CLASS   BANK29         

        CLASS   BANK28         

        CLASS   BANK27         

        CLASS   BANK26         

        CLASS   BANK25         

        CLASS   BANK24         

        CLASS   BANK23         

        CLASS   BANK22         

        CLASS   BANK21         

        CLASS   BANK20         

        CLASS   BANK19         

        CLASS   BANK18         

        CLASS   BANK17         

        CLASS   BANK16         

        CLASS   BANK15         

        CLASS   BANK14         

        CLASS   BANK13         

        CLASS   BANK12         

        CLASS   BANK11         

        CLASS   BANK10         

        CLASS   BANK9          

        CLASS   BANK8          

        CLASS   BANK7          

        CLASS   BANK6          

        CLASS   BANK5          

        CLASS   BANK4          

        CLASS   BANK3          

        CLASS   STACK          

        CLASS   EEDATA         



SEGMENTS        Name                           Load    Length   Top    Selector   Space  Class     Delta

                reset_vec                      000000  00002B  00002B         0       0  CODE        2
                dataBANK0                      000020  000049  000069        20       1  BANK0       1
                text55                         00002B  000019  000044        56       0  CODE        2
                cstackCOMMON                   000070  00000E  00007E        70       1  COMMON      1
                text33                         000044  000019  00005D        88       0  CODE        2
                text7                          00005D  000019  000076        BA       0  CODE        2
                text47                         000076  00001A  000090        EC       0  CODE        2
                idataBANK0                     000090  00001A  0000AA       120       0  CODE        2
                text54                         0000AA  00001B  0000C5       154       0  CODE        2
                text20                         0000C5  00001B  0000E0       18A       0  CODE        2
                text23                         0000E0  00001D  0000FD       1C0       0  CODE        2
                text46                         0000FD  000020  00011D       1FA       0  CODE        2
                text49                         00011D  000022  00013F       23A       0  CODE        2
                text15                         00013F  000022  000161       27E       0  CODE        2
                maintext                       000161  000022  000183       2C2       0  CODE        2
                text17                         000183  000023  0001A6       306       0  CODE        2
                text57                         0001A6  000024  0001CA       34C       0  CODE        2
                text56                         0001CA  000024  0001EE       394       0  CODE        2
                text9                          0001EE  000026  000214       3DC       0  CODE        2
                text14                         000214  00002A  00023E       428       0  CODE        2
                text44                         00023E  00002C  00026A       47C       0  CODE        2
                text8                          00026A  00002E  000298       4D4       0  CODE        2
                text10                         000298  000031  0002C9       530       0  CODE        2
                text40                         0002C9  000033  0002FC       592       0  CODE        2
                text18                         0002FC  000042  00033E       5F8       0  CODE        2
                text39                         00033E  000056  000394       67C       0  CODE        2
                text34                         000394  000057  0003EB       728       0  CODE        2
                text26                         0003EB  00005F  00044A       7D6       0  CODE        2
                text38                         00044A  000062  0004AC       894       0  CODE        2
                text22                         0004AC  000065  000511       958       0  CODE        2
                text45                         000511  00006B  00057C       A22       0  CODE        2
                text43                         00057C  00008B  000607       AF8       0  CODE        2
                text48                         000607  000094  00069B       C0E       0  CODE        2
                text37                         00069B  000096  000731       D36       0  CODE        2
                text52                         000731  0000B2  0007E3       E62       0  CODE        2
                cinit                          0007E3  00001D  000800       FC6       0  CODE        2


UNUSED ADDRESS RANGES

        Name                Unused          Largest block    Delta
        BANK0            0069-006F              7           1
        BANK1            00A0-00EF             50           1
        BANK2            0120-016F             50           1
        BIGRAM           2000-20EF             F0           1
        CONFIG           8007-8008              2           2
        IDLOC            8000-8003              4           2
        RAM              0069-006F              7           1
                         00A0-00EF             50
                         0120-016F             50
        SFR0             0000-001F             20           1
        SFR1             0080-009F             20           1
        SFR10            0500-056F             70           1
        SFR11            0580-05EF             70           1
        SFR12            0600-066F             70           1
        SFR13            0680-06EF             70           1
        SFR14            0700-076F             70           1
        SFR15            0780-07EF             70           1
        SFR16            0800-086F             70           1
        SFR17            0880-08EF             70           1
        SFR18            0900-096F             70           1
        SFR19            0980-09EF             70           1
        SFR2             0100-011F             20           1
        SFR20            0A00-0A6F             70           1
        SFR21            0A80-0AEF             70           1
        SFR22            0B00-0B6F             70           1
        SFR23            0B80-0BEF             70           1
        SFR24            0C00-0C6F             70           1
        SFR25            0C80-0CEF             70           1
        SFR26            0D00-0D6F             70           1
        SFR27            0D80-0DEF             70           1
        SFR28            0E00-0E6F             70           1
        SFR29            0E80-0EEF             70           1
        SFR3             0180-01EF             70           1
        SFR30            0F00-0F6F             70           1
        SFR31            0F80-0FEF             70           1
        SFR4             0200-026F             70           1
        SFR5             0280-02EF             70           1
        SFR6             0300-036F             70           1
        SFR7             0380-03EF             70           1
        SFR8             0400-046F             70           1
        SFR9             0480-04EF             70           1

                                  Symbol Table

_MTOUCH_Sensor_Enable                                                  
_Sensor_isEnabled                                                      
_TMR2_DefaultInterruptHandler                         text53       0000
__CFG_BOREN$OFF                                       (abs)        0000
__CFG_BORV$LO                                         (abs)        0000
__CFG_CLKOUTEN$OFF                                    (abs)        0000
__CFG_CP$OFF                                          (abs)        0000
__CFG_FOSC$INTOSC                                     (abs)        0000
__CFG_LPBOR$OFF                                       (abs)        0000
__CFG_LVP$ON                                          (abs)        0000
__CFG_MCLRE$ON                                        (abs)        0000
__CFG_PLLEN$ON                                        (abs)        0000
__CFG_PPS1WAY$ON                                      (abs)        0000
__CFG_PWRTE$OFF                                       (abs)        0000
__CFG_STVREN$ON                                       (abs)        0000
__CFG_WDTE$OFF                                        (abs)        0000
__CFG_WRT$OFF                                         (abs)        0000
__CFG_ZCDDIS$ON                                       (abs)        0000
__Habs1                                               abs1         0000
__Hbank0                                              bank0        0000
__Hbank1                                              bank1        0000
__Hbank10                                             bank10       0000
__Hbank11                                             bank11       0000
__Hbank12                                             bank12       0000
__Hbank13                                             bank13       0000
__Hbank14                                             bank14       0000
__Hbank15                                             bank15       0000
__Hbank16                                             bank16       0000
__Hbank17                                             bank17       0000
__Hbank18                                             bank18       0000
__Hbank19                                             bank19       0000
__Hbank2                                              bank2        0000
__Hbank20                                             bank20       0000
__Hbank21                                             bank21       0000
__Hbank22                                             bank22       0000
__Hbank23                                             bank23       0000
__Hbank24                                             bank24       0000
__Hbank25                                             bank25       0000
__Hbank26                                             bank26       0000
__Hbank27                                             bank27       0000
__Hbank28                                             bank28       0000
__Hbank29                                             bank29       0000
__Hbank3                                              bank3        0000
__Hbank30                                             bank30       0000
__Hbank31                                             bank31       0000
__Hbank4                                              bank4        0000
__Hbank5                                              bank5        0000
__Hbank6                                              bank6        0000
__Hbank7                                              bank7        0000
__Hbank8                                              bank8        0000
__Hbank9                                              bank9        0000
__Hbigram                                             bigram       0000
__Hclrtext                                            clrtext      0000
__Hcode                                               code         0000
__Hcommon                                             common       0000
__Hconfig                                             config       0000
__Heeprom_data                                        eeprom_data  0000
__Hfunctab                                            functab      0000
__Hidloc                                              idloc        0000
__Hmaintext                                           maintext     0000
__Hpowerup                                            powerup      0000
__Hram                                                ram          0000
__Hsfr0                                               sfr0         0000
__Hsfr1                                               sfr1         0000
__Hsfr10                                              sfr10        0000
__Hsfr11                                              sfr11        0000
__Hsfr12                                              sfr12        0000
__Hsfr13                                              sfr13        0000
__Hsfr14                                              sfr14        0000
__Hsfr15                                              sfr15        0000
__Hsfr16                                              sfr16        0000
__Hsfr17                                              sfr17        0000
__Hsfr18                                              sfr18        0000
__Hsfr19                                              sfr19        0000
__Hsfr2                                               sfr2         0000
__Hsfr20                                              sfr20        0000
__Hsfr21                                              sfr21        0000
__Hsfr22                                              sfr22        0000
__Hsfr23                                              sfr23        0000
__Hsfr24                                              sfr24        0000
__Hsfr25                                              sfr25        0000
__Hsfr26                                              sfr26        0000
__Hsfr27                                              sfr27        0000
__Hsfr28                                              sfr28        0000
__Hsfr29                                              sfr29        0000
__Hsfr3                                               sfr3         0000
__Hsfr30                                              sfr30        0000
__Hsfr31                                              sfr31        0000
__Hsfr4                                               sfr4         0000
__Hsfr5                                               sfr5         0000
__Hsfr6                                               sfr6         0000
__Hsfr7                                               sfr7         0000
__Hsfr8                                               sfr8         0000
__Hsfr9                                               sfr9         0000
__Hspace_2                                            (abs)        0000
__Hspace_3                                            (abs)        0000
__Hstack                                              stack        0000
__Hstrings                                            strings      0000
__Htext                                               text         0000
__Labs1                                               abs1         0000
__Lbank0                                              bank0        0000
__Lbank1                                              bank1        0000
__Lbank10                                             bank10       0000
__Lbank11                                             bank11       0000
__Lbank12                                             bank12       0000
__Lbank13                                             bank13       0000
__Lbank14                                             bank14       0000
__Lbank15                                             bank15       0000
__Lbank16                                             bank16       0000
__Lbank17                                             bank17       0000
__Lbank18                                             bank18       0000
__Lbank19                                             bank19       0000
__Lbank2                                              bank2        0000
__Lbank20                                             bank20       0000
__Lbank21                                             bank21       0000
__Lbank22                                             bank22       0000
__Lbank23                                             bank23       0000
__Lbank24                                             bank24       0000
__Lbank25                                             bank25       0000
__Lbank26                                             bank26       0000
__Lbank27                                             bank27       0000
__Lbank28                                             bank28       0000
__Lbank29                                             bank29       0000
__Lbank3                                              bank3        0000
__Lbank30                                             bank30       0000
__Lbank31                                             bank31       0000
__Lbank4                                              bank4        0000
__Lbank5                                              bank5        0000
__Lbank6                                              bank6        0000
__Lbank7                                              bank7        0000
__Lbank8                                              bank8        0000
__Lbank9                                              bank9        0000
__Lbigram                                             bigram       0000
__Lclrtext                                            clrtext      0000
__Lcode                                               code         0000
__Lcommon                                             common       0000
__Lconfig                                             config       0000
__Leeprom_data                                        eeprom_data  0000
__Lfunctab                                            functab      0000
__Lidloc                                              idloc        0000
__Lmaintext                                           maintext     0000
__Lpowerup                                            powerup      0000
__Lram                                                ram          0000
__Lreset_vec                                          reset_vec    0000
__Lsfr0                                               sfr0         0000
__Lsfr1                                               sfr1         0000
__Lsfr10                                              sfr10        0000
__Lsfr11                                              sfr11        0000
__Lsfr12                                              sfr12        0000
__Lsfr13                                              sfr13        0000
__Lsfr14                                              sfr14        0000
__Lsfr15                                              sfr15        0000
__Lsfr16                                              sfr16        0000
__Lsfr17                                              sfr17        0000
__Lsfr18                                              sfr18        0000
__Lsfr19                                              sfr19        0000
__Lsfr2                                               sfr2         0000
__Lsfr20                                              sfr20        0000
__Lsfr21                                              sfr21        0000
__Lsfr22                                              sfr22        0000
__Lsfr23                                              sfr23        0000
__Lsfr24                                              sfr24        0000
__Lsfr25                                              sfr25        0000
__Lsfr26                                              sfr26        0000
__Lsfr27                                              sfr27        0000
__Lsfr28                                              sfr28        0000
__Lsfr29                                              sfr29        0000
__Lsfr3                                               sfr3         0000
__Lsfr30                                              sfr30        0000
__Lsfr31                                              sfr31        0000
__Lsfr4                                               sfr4         0000
__Lsfr5                                               sfr5         0000
__Lsfr6                                               sfr6         0000
__Lsfr7                                               sfr7         0000
__Lsfr8                                               sfr8         0000
__Lsfr9                                               sfr9         0000
__Lspace_0                                            (abs)        0000
__Lspace_1                                            (abs)        0000
__Lspace_2                                            (abs)        0000
__Lspace_3                                            (abs)        0000
__Lstack                                              stack        0000
__Lstrings                                            strings      0000
__Ltext                                               text         0000
___int_sp                                             stack        0000
___latbits                                            (abs)        0000
___sp                                                 stack        0000
__ptext53                                             text53       0000
__size_of_Button_Baseline_Initialize                  (abs)        0000
__size_of_Button_Baseline_Update                      (abs)        0000
__size_of_Button_DefaultCallback                      (abs)        0000
__size_of_Button_Deviation_Update                     (abs)        0000
__size_of_Button_Reading_Update                       (abs)        0000
__size_of_Button_Service                              (abs)        0000
__size_of_Button_State_Initializing                   (abs)        0000
__size_of_Button_State_NotPressed                     (abs)        0000
__size_of_Button_State_Pressed                        (abs)        0000
__size_of_Button_Tick_helper                          (abs)        0000
__size_of_INTERRUPT_InterruptManager                  (abs)        0000
__size_of_MTOUCH_Button_Initialize                    (abs)        0000
__size_of_MTOUCH_Button_InitializeAll                 (abs)        0000
__size_of_MTOUCH_Button_ServiceAll                    (abs)        0000
__size_of_MTOUCH_Button_Tick                          (abs)        0000
__size_of_MTOUCH_Button_isPressed                     (abs)        0000
__size_of_MTOUCH_CVD_ScanA_0                          (abs)        0000
__size_of_MTOUCH_CVD_ScanB_0                          (abs)        0000
__size_of_MTOUCH_Initialize                           (abs)        0000
__size_of_MTOUCH_Sensor_Calibrate                     (abs)        0000
__size_of_MTOUCH_Sensor_Initialize                    (abs)        0000
__size_of_MTOUCH_Sensor_InitializeAll                 (abs)        0000
__size_of_MTOUCH_Sensor_RawSample_Get                 (abs)        0000
__size_of_MTOUCH_Sensor_SampleAll                     (abs)        0000
__size_of_MTOUCH_Sensor_Sampled_ResetAll              (abs)        0000
__size_of_MTOUCH_Sensor_Scan_Initialize               (abs)        0000
__size_of_MTOUCH_Sensor_isCalibrated                  (abs)        0000
__size_of_MTOUCH_Sensor_wasSampled                    (abs)        0000
__size_of_MTOUCH_Service_Mainloop                     (abs)        0000
__size_of_MTOUCH_Tick                                 (abs)        0000
__size_of_OSCILLATOR_Initialize                       (abs)        0000
__size_of_PIN_MANAGER_Initialize                      (abs)        0000
__size_of_SYSTEM_Initialize                           (abs)        0000
__size_of_Sensor_Acq_ExecutePacket                    (abs)        0000
__size_of_Sensor_Acq_ExecuteScan                      (abs)        0000
__size_of_Sensor_Acquisition                          (abs)        0000
__size_of_Sensor_DefaultCallback                      (abs)        0000
__size_of_Sensor_RawSample_Update                     (abs)        0000
__size_of_Sensor_Sampled_Reset                        (abs)        0000
__size_of_Sensor_Service                              (abs)        0000
__size_of_Sensor_setActive                            (abs)        0000
__size_of_Sensor_setInactive                          (abs)        0000
__size_of_Sensor_setSampled                           (abs)        0000
__size_of_Sensor_setScanFunction                      (abs)        0000
__size_of_TMR2_DefaultInterruptHandler                (abs)        0000
__size_of_TMR2_ISR                                    (abs)        0000
__size_of_TMR2_Initialize                             (abs)        0000
__size_of_TMR2_LoadPeriodRegister                     (abs)        0000
__size_of_TMR2_SetInterruptHandler                    (abs)        0000
__size_of_TMR2_StartTimer                             (abs)        0000
__size_of_TMR2_StopTimer                              (abs)        0000
__size_of_WDT_Initialize                              (abs)        0000
__size_of___bmul                                      (abs)        0000
__size_of_abs                                         (abs)        0000
__size_of_main                                        (abs)        0000
__size_of_memcpy                                      (abs)        0000
__size_ofi1___bmul                                    (abs)        0000
__size_ofi1_abs                                       (abs)        0000
intlevel0                                             functab      0000
intlevel1                                             functab      0000
intlevel2                                             functab      0000
intlevel3                                             functab      0000
intlevel4                                             functab      0000
intlevel5                                             functab      0000
reset_vec                                             reset_vec    0000
stackhi                                               (abs)        0000
stacklo                                               (abs)        0000
_INTERRUPT_InterruptManager                           intentry     0001
_TMR2_ISR                                             text51       0001
__Hreset_vec                                          reset_vec    0001
__Lintentry                                           intentry     0001
__end_of_TMR2_DefaultInterruptHandler                 text53       0001
__pintentry                                           intentry     0001
__ptext51                                             text51       0001
_INTCONbits                                           (abs)        000B
_PIR1bits                                             (abs)        0011
_TMR2                                                 (abs)        001A
_PR2                                                  (abs)        001B
_T2CON                                                (abs)        001C
_T2CONbits                                            (abs)        001C
_Button_DefaultCallback                               text42       0010
_Button_StateMachine                                  dataBANK0    0020
__end_of_TMR2_ISR                                     text51       0010
__pdataBANK0                                          dataBANK0    0020
__ptext42                                             text42       0010
_MTOUCH_Sensor_Calibrate                              text41       0011
__end_of_Button_DefaultCallback                       text42       0011
__ptext41                                             text41       0011
_MTOUCH_Sensor_isCalibrated                           text36       0012
__end_of_MTOUCH_Sensor_Calibrate                      text41       0012
__ptext36                                             text36       0012
_callback_notPressed                                  dataBANK0    0026
_callback_pressed                                     dataBANK0    0028
_MTOUCH_Sensor_wasSampled                             text35       0015
_Sensor_scanB                                         dataBANK0    002A
__end_of_MTOUCH_Sensor_isCalibrated                   text36       0015
__ptext35                                             text35       0015
_Sensor_scanA                                         dataBANK0    002C
_callback_sampled                                     dataBANK0    002E
_sample_period                                        dataBANK0    0030
_mtouch_sensor                                        dataBANK0    0031
__Hinit                                               init         001A
__Hintentry                                           intentry     001A
__Lend_init                                           end_init     001A
__Linit                                               init         001A
__end_of_INTERRUPT_InterruptManager                   intentry     001A
start                                                 init         001A
_OSCILLATOR_Initialize                                text5        001C
__Hend_init                                           end_init     001C
__ptext5                                              text5        001C
?_abs                                                 cstackBANK0  003A
Button_DefaultCallback@button                         cstackBANK0  003A
Sensor_DefaultCallback@sensor                         cstackBANK0  003A
Sensor_RawSample_Update@sensor                        cstackBANK0  003A
Sensor_Sampled_Reset@sensor                           cstackBANK0  003A
Sensor_setActive@sensor                               cstackBANK0  003A
Sensor_setInactive@sensor                             cstackBANK0  003A
Sensor_setSampled@sensor                              cstackBANK0  003A
Sensor_setScanFunction@sensor                         cstackBANK0  003A
TMR2_LoadPeriodRegister@periodVal                     cstackBANK0  003A
TMR2_SetInterruptHandler@InterruptHandler             cstackBANK0  003A
_Sensor_isEnabled$0                                   cstackBANK0  003A
___bmul@multiplicand                                  cstackBANK0  003A
__pcstackBANK0                                        cstackBANK0  003A
abs@a                                                 cstackBANK0  003A
memcpy@s1                                             cstackBANK0  003A
MTOUCH_Button_isPressed@name                          cstackBANK0  003B
Button_Tick_helper@button                             cstackBANK0  003C
MTOUCH_Button_Initialize@name                         cstackBANK0  003C
MTOUCH_Sensor_Sampled_ResetAll@sensor                 cstackBANK0  003C
___bmul@product                                       cstackBANK0  003C
memcpy@n                                              cstackBANK0  003C
MTOUCH_Button_Initialize@button                       cstackBANK0  003D
Sensor_Acq_ExecutePacket@error                        cstackBANK0  003D
___bmul@multiplier                                    cstackBANK0  003D
?_MTOUCH_Sensor_RawSample_Get                         cstackBANK0  003E
Sensor_Acq_ExecutePacket@sensor                       cstackBANK0  003E
MTOUCH_Sensor_wasSampled@sensor                       cstackBANK0  003F
memcpy@s                                              cstackBANK0  003F
Button_Baseline_Update@button                         cstackBANK0  0040
MTOUCH_Sensor_Initialize@sensor                       cstackBANK0  0040
MTOUCH_Sensor_RawSample_Get@name                      cstackBANK0  0041
memcpy@tmp                                            cstackBANK0  0041
MTOUCH_Sensor_InitializeAll@sensor                    cstackBANK0  0042
memcpy@d1                                             cstackBANK0  0042
Sensor_Acquisition@retry                              cstackBANK0  0043
memcpy@d                                              cstackBANK0  0043
Button_Deviation_Update@button                        cstackBANK0  0044
Button_Reading_Update@button                          cstackBANK0  0044
Sensor_Acquisition@sensor                             cstackBANK0  0044
Button_Deviation_Update@deviation                     cstackBANK0  0045
MTOUCH_Button_InitializeAll@button                    cstackBANK0  0045
Button_Baseline_Initialize@button                     cstackBANK0  0046
Button_State_Initializing@button                      cstackBANK0  0047
Button_State_NotPressed@button                        cstackBANK0  0047
Button_State_Pressed@button                           cstackBANK0  0047
Sensor_Service@name                                   cstackBANK0  0047
Sensor_Service@error                                  cstackBANK0  0048
Sensor_Service@sensor                                 cstackBANK0  0049
MTOUCH_Sensor_SampleAll@sensor                        cstackBANK0  004B
Button_Service@name                                   cstackBANK0  004E
_MTOUCH_Sensor_Scan_Initialize                        text32       0027
__end_of_MTOUCH_Sensor_wasSampled                     text35       0027
__ptext32                                             text32       0027
Button_Service@button                                 cstackBANK0  004F
MTOUCH_Button_ServiceAll@button                       cstackBANK0  0051
Sensor_Acq_ExecuteScan@last_b                         bssBANK0     0052
__pbssBANK0                                           bssBANK0     0052
Sensor_Acq_ExecuteScan@last_a                         bssBANK0     0054
__end_of_OSCILLATOR_Initialize                        text5        002B
__ptext55                                             text55       002B
_packet_sample                                        bssBANK0     0056
i1___bmul                                             text55       002B
_sensor_globalFlags                                   bssBANK0     0058
_mtouch_button                                        bssBANK0     0059
_GIE                                                  (abs)        005F
_Sensor_setScanFunction                               text31       0030
__end_of_MTOUCH_Sensor_Scan_Initialize                text32       0030
__ptext31                                             text31       0030
?i1_abs                                               cstackCOMMON 0070
__pcstackCOMMON                                       cstackCOMMON 0070
i1___bmul@multiplicand                                cstackCOMMON 0070
i1abs@a                                               cstackCOMMON 0070
i1___bmul@multiplier                                  cstackCOMMON 0072
i1___bmul@product                                     cstackCOMMON 0073
Sensor_Acq_ExecuteScan@result                         cstackCOMMON 0076
__pbssCOMMON                                          bssCOMMON    0078
_packet_noise                                         bssCOMMON    0078
_TMR2_InterruptHandler                                bssCOMMON    007A
_packet_counter                                       bssCOMMON    007C
_currentScannSensor                                   bssCOMMON    007D
__Hspace_1                                            (abs)        007E
__S1                                                  (abs)        007E
btemp                                                 (abs)        007E
int$flags                                             (abs)        007E
wtemp0                                                (abs)        007E
_TMR2_LoadPeriodRegister                              text30       0042
__end_of_Sensor_setScanFunction                       text31       0042
__ptext30                                             text30       0042
_MTOUCH_Button_ServiceAll                             text33       0044
__end_ofi1___bmul                                     text55       0044
__ptext33                                             text33       0044
_TRISA                                                (abs)        008C
_TMR2_SetInterruptHandler                             text29       0047
_TRISC                                                (abs)        008E
_TRISCbits                                            (abs)        008E
__end_of_TMR2_LoadPeriodRegister                      text30       0047
__ptext29                                             text29       0047
_PIE1bits                                             (abs)        0091
_OPTION_REGbits                                       (abs)        0095
_WDTCON                                               (abs)        0097
_OSCTUNE                                              (abs)        0098
_OSCCON                                               (abs)        0099
_OSCSTAT                                              (abs)        009A
_TMR2_StartTimer                                      text28       004D
__end_of_TMR2_SetInterruptHandler                     text29       004D
__ptext28                                             text28       004D
_ADRES                                                (abs)        009B
_ADCON0                                               (abs)        009D
_ADCON1                                               (abs)        009E
_ADCON2                                               (abs)        009F
_TMR2_StopTimer                                       text27       0050
__end_of_TMR2_StartTimer                              text28       0050
__ptext27                                             text27       0050
_Sensor_setActive                                     text25       0053
__end_of_TMR2_StopTimer                               text27       0053
__ptext25                                             text25       0053
_Sensor_setInactive                                   text24       005B
__end_of_Sensor_setActive                             text25       005B
__ptext24                                             text24       005B
_MTOUCH_Sensor_InitializeAll                          text7        005D
__end_of_MTOUCH_Button_ServiceAll                     text33       005D
__ptext7                                              text7        005D
_Sensor_DefaultCallback                               text21       0063
__end_of_Sensor_setInactive                           text24       0063
__ptext21                                             text21       0063
_Sensor_setSampled                                    text19       0064
__end_of_Sensor_DefaultCallback                       text21       0064
__ptext19                                             text19       0064
_Sensor_Sampled_Reset                                 text16       006C
__end_of_Sensor_setSampled                            text19       006C
__ptext16                                             text16       006C
_MTOUCH_Button_Tick                                   text13       0074
__end_of_Sensor_Sampled_Reset                         text16       0074
__ptext13                                             text13       0074
___bmul                                               text47       0076
__end_of_MTOUCH_Sensor_InitializeAll                  text7        0076
__ptext47                                             text47       0076
_MTOUCH_Tick                                          text12       0079
__end_of_MTOUCH_Button_Tick                           text13       0079
__ptext12                                             text12       0079
_MTOUCH_Service_Mainloop                              text11       007D
__end_of_MTOUCH_Tick                                  text12       007D
__ptext11                                             text11       007D
_LATA                                                 (abs)        010C
_LATC                                                 (abs)        010E
_LATCbits                                             (abs)        010E
_BORCON                                               (abs)        0116
__end_of___bmul                                       text47       0090
__pidataBANK0                                         idataBANK0   0090
_MTOUCH_Initialize                                    text6        0094
__end_of_MTOUCH_Service_Mainloop                      text11       0094
__ptext6                                              text6        0094
_PIN_MANAGER_Initialize                               text4        00A1
__end_of_MTOUCH_Initialize                            text6        00A1
__ptext4                                              text4        00A1
__ptext54                                             text54       00AA
i1_abs                                                text54       00AA
_TMR2_Initialize                                      text3        00B7
__end_of_PIN_MANAGER_Initialize                       text4        00B7
__ptext3                                              text3        00B7
_Sensor_RawSample_Update                              text20       00C5
__end_ofi1_abs                                        text54       00C5
__ptext20                                             text20       00C5
_ANSELA                                               (abs)        018C
_ANSELC                                               (abs)        018E
_ANSELCbits                                           (abs)        018E
_WDT_Initialize                                       text2        00CA
__end_of_TMR2_Initialize                              text3        00CA
__ptext2                                              text2        00CA
_SYSTEM_Initialize                                    text1        00CE
__end_of_WDT_Initialize                               text2        00CE
__ptext1                                              text1        00CE
__HcstackBANK0                                        cstackBANK0  01BC
__HcstackCOMMON                                       cstackCOMMON 01BC
__LcstackBANK0                                        cstackBANK0  01BC
__LcstackCOMMON                                       cstackCOMMON 01BC
__end_of_SYSTEM_Initialize                            text1        00DE
clear_ram0                                            clrtext      00DE
__end_of_Sensor_RawSample_Update                      text20       00E0
__ptext23                                             text23       00E0
_abs                                                  text23       00E0
__Hinittext                                           inittext     01C8
__Linittext                                           inittext     01C8
init_ram                                              inittext     00E4
__HbssBANK0                                           bssBANK0     01D4
__HbssCOMMON                                          bssCOMMON    01D4
__HdataBANK0                                          dataBANK0    01D4
__Hstringtext2                                        stringtext2  01D4
__LbssBANK0                                           bssBANK0     01D4
__LbssCOMMON                                          bssCOMMON    01D4
__LdataBANK0                                          dataBANK0    01D4
__Lstringtext2                                        stringtext2  01D4
__pstringtext2                                        stringtext2  00EA
_mtouch_button_init                                   stringtext2  00EA
Sensor_Scanfrequency_Evaluation@frequency_hop         stringtext1  00FA
__Hstringtext1                                        stringtext1  01F4
__Lstringtext1                                        stringtext1  01F4
__end_of_mtouch_button_init                           stringtext2  00FA
__pstringtext1                                        stringtext1  00FA
_MTOUCH_Sensor_RawSample_Get                          text46       00FD
__end_of_abs                                          text23       00FD
__ptext46                                             text46       00FD
__HidataBANK0                                         idataBANK0   01FE
__LidataBANK0                                         idataBANK0   01FE
__end_ofSensor_Scanfrequency_Evaluation@frequency_hop stringtext1  00FF
_WPUA                                                 (abs)        020C
_WPUC                                                 (abs)        020E
_WPUCbits                                             (abs)        020E
_MTOUCH_Button_isPressed                              text49       011D
__end_of_MTOUCH_Sensor_RawSample_Get                  text46       011D
__ptext49                                             text49       011D
_MTOUCH_Sensor_Sampled_ResetAll                       text15       013F
__end_of_MTOUCH_Button_isPressed                      text49       013F
__ptext15                                             text15       013F
_ODCONA                                               (abs)        028C
_ODCONC                                               (abs)        028E
__end_of_MTOUCH_Sensor_Sampled_ResetAll               text15       0161
__pmaintext                                           maintext     0161
_main                                                 maintext     0161
_MTOUCH_Sensor_SampleAll                              text17       0183
__end_of_main                                         maintext     0183
__ptext17                                             text17       0183
_MTOUCH_CVD_ScanA_0                                   text57       01A6
__end_of_MTOUCH_Sensor_SampleAll                      text17       01A6
__ptext57                                             text57       01A6
_MTOUCH_CVD_ScanB_0                                   text56       01CA
__end_of_MTOUCH_CVD_ScanA_0                           text57       01CA
__ptext56                                             text56       01CA
_MTOUCH_Button_InitializeAll                          text9        01EE
__end_of_MTOUCH_CVD_ScanB_0                           text56       01EE
__ptext9                                              text9        01EE
_Button_Tick_helper                                   text14       0214
__end_of_MTOUCH_Button_InitializeAll                  text9        0214
__ptext14                                             text14       0214
_Button_Baseline_Initialize                           text44       023E
__end_of_Button_Tick_helper                           text14       023E
__ptext44                                             text44       023E
_MTOUCH_Sensor_Initialize                             text8        026A
__end_of_Button_Baseline_Initialize                   text44       026A
__ptext8                                              text8        026A
_PLLR                                                 (abs)        04D6
__end_of_MTOUCH_Sensor_Initialize                     text8        0298
__ptext10                                             text10       0298
_memcpy                                               text10       0298
_MTOUCH_Button_Initialize                             text40       02C9
__end_of_memcpy                                       text10       02C9
__ptext40                                             text40       02C9
_Sensor_Service                                       text18       02FC
__end_of_MTOUCH_Button_Initialize                     text40       02FC
__ptext18                                             text18       02FC
_Button_State_Pressed                                 text39       033E
__end_of_Sensor_Service                               text18       033E
__ptext39                                             text39       033E
_Button_Service                                       text34       0394
__end_of_Button_State_Pressed                         text39       0394
__ptext34                                             text34       0394
_Sensor_Acq_ExecutePacket                             text26       03EB
__end_of_Button_Service                               text34       03EB
__ptext26                                             text26       03EB
__Hspace_0                                            (abs)        0800
__S0                                                  (abs)        0800
_Button_State_Initializing                            text38       044A
__end_of_Sensor_Acq_ExecutePacket                     text26       044A
__ptext38                                             text38       044A
_Sensor_Acquisition                                   text22       04AC
__end_of_Button_State_Initializing                    text38       04AC
__ptext22                                             text22       04AC
_Button_Reading_Update                                text45       0511
__end_of_Sensor_Acquisition                           text22       0511
__ptext45                                             text45       0511
_Button_Baseline_Update                               text43       057C
__end_of_Button_Reading_Update                        text45       057C
__ptext43                                             text43       057C
_Button_Deviation_Update                              text48       0607
__end_of_Button_Baseline_Update                       text43       0607
__ptext48                                             text48       0607
_Button_State_NotPressed                              text37       069B
__end_of_Button_Deviation_Update                      text48       069B
__ptext37                                             text37       069B
_Sensor_Acq_ExecuteScan                               text52       0731
__end_of_Button_State_NotPressed                      text37       0731
__ptext52                                             text52       0731
__Lcinit                                              cinit        07E3
__end_of_Sensor_Acq_ExecuteScan                       text52       07E3
__initialization                                      cinit        07E3
__end_of__initialization                              cinit        07FD
__Hcinit                                              cinit        0800
end_of_initialization                                 cinit        07FD
start_initialization                                  cinit        07E3
